Archive member included because of file (symbol)

/nfs/nfs5/home/research/hardware/arm2/gcc-arm-embedded/gcc-arm-none-eabi-4_8-2014q2/bin/../lib/gcc/arm-none-eabi/4.8.4/../../../../arm-none-eabi/lib/armv7e-m/libg.a(lib_a-atoi.o)
                              build/obj/main.o (symbol from plugin) (atoi)
/nfs/nfs5/home/research/hardware/arm2/gcc-arm-embedded/gcc-arm-none-eabi-4_8-2014q2/bin/../lib/gcc/arm-none-eabi/4.8.4/../../../../arm-none-eabi/lib/armv7e-m/libg.a(lib_a-strtol.o)
                              /nfs/nfs5/home/research/hardware/arm2/gcc-arm-embedded/gcc-arm-none-eabi-4_8-2014q2/bin/../lib/gcc/arm-none-eabi/4.8.4/../../../../arm-none-eabi/lib/armv7e-m/libg.a(lib_a-atoi.o) (_strtol_r)
/nfs/nfs5/home/research/hardware/arm2/gcc-arm-embedded/gcc-arm-none-eabi-4_8-2014q2/bin/../lib/gcc/arm-none-eabi/4.8.4/../../../../arm-none-eabi/lib/armv7e-m/libg.a(lib_a-ctype_.o)
                              /nfs/nfs5/home/research/hardware/arm2/gcc-arm-embedded/gcc-arm-none-eabi-4_8-2014q2/bin/../lib/gcc/arm-none-eabi/4.8.4/../../../../arm-none-eabi/lib/armv7e-m/libg.a(lib_a-strtol.o) (__ctype_ptr__)
/nfs/nfs5/home/research/hardware/arm2/gcc-arm-embedded/gcc-arm-none-eabi-4_8-2014q2/bin/../lib/gcc/arm-none-eabi/4.8.4/../../../../arm-none-eabi/lib/armv7e-m/libg.a(lib_a-impure.o)
                              /nfs/nfs5/home/research/hardware/arm2/gcc-arm-embedded/gcc-arm-none-eabi-4_8-2014q2/bin/../lib/gcc/arm-none-eabi/4.8.4/../../../../arm-none-eabi/lib/armv7e-m/libg.a(lib_a-strtol.o) (_impure_ptr)
/nfs/nfs5/home/research/hardware/arm2/gcc-arm-embedded/gcc-arm-none-eabi-4_8-2014q2/bin/../lib/gcc/arm-none-eabi/4.8.4/armv7e-m/libgcc.a(_arm_addsubdf3.o)
                              /tmp/cclHrJ76.ltrans0.ltrans.o (__aeabi_dsub)
/nfs/nfs5/home/research/hardware/arm2/gcc-arm-embedded/gcc-arm-none-eabi-4_8-2014q2/bin/../lib/gcc/arm-none-eabi/4.8.4/armv7e-m/libgcc.a(_arm_muldivdf3.o)
                              /tmp/cclHrJ76.ltrans0.ltrans.o (__aeabi_dmul)
/nfs/nfs5/home/research/hardware/arm2/gcc-arm-embedded/gcc-arm-none-eabi-4_8-2014q2/bin/../lib/gcc/arm-none-eabi/4.8.4/armv7e-m/libgcc.a(_arm_fixdfsi.o)
                              /tmp/cclHrJ76.ltrans0.ltrans.o (__aeabi_d2iz)
/nfs/nfs5/home/research/hardware/arm2/gcc-arm-embedded/gcc-arm-none-eabi-4_8-2014q2/bin/../lib/gcc/arm-none-eabi/4.8.4/armv7e-m/libgcc.a(_arm_truncdfsf2.o)
                              /tmp/cclHrJ76.ltrans0.ltrans.o (__aeabi_d2f)
/nfs/nfs5/home/research/hardware/arm2/gcc-arm-embedded/gcc-arm-none-eabi-4_8-2014q2/bin/../lib/gcc/arm-none-eabi/4.8.4/armv7e-m/libgcc.a(_arm_cmpsf2.o)
                              /tmp/cclHrJ76.ltrans0.ltrans.o (__aeabi_fcmplt)
/nfs/nfs5/home/research/hardware/arm2/gcc-arm-embedded/gcc-arm-none-eabi-4_8-2014q2/bin/../lib/gcc/arm-none-eabi/4.8.4/armv7e-m/libgcc.a(_arm_fixsfsi.o)
                              /tmp/cclHrJ76.ltrans0.ltrans.o (__aeabi_f2iz)
/nfs/nfs5/home/research/hardware/arm2/gcc-arm-embedded/gcc-arm-none-eabi-4_8-2014q2/bin/../lib/gcc/arm-none-eabi/4.8.4/../../../../arm-none-eabi/lib/armv7e-m/libg.a(lib_a-memset.o)
                              /tmp/cclHrJ76.ltrans9.ltrans.o (memset)
/nfs/nfs5/home/research/hardware/arm2/gcc-arm-embedded/gcc-arm-none-eabi-4_8-2014q2/bin/../lib/gcc/arm-none-eabi/4.8.4/../../../../arm-none-eabi/lib/armv7e-m/libg.a(lib_a-snprintf.o)
                              /tmp/cclHrJ76.ltrans2.ltrans.o (snprintf)
/nfs/nfs5/home/research/hardware/arm2/gcc-arm-embedded/gcc-arm-none-eabi-4_8-2014q2/bin/../lib/gcc/arm-none-eabi/4.8.4/../../../../arm-none-eabi/lib/armv7e-m/libg.a(lib_a-strchr.o)
                              /tmp/cclHrJ76.ltrans0.ltrans.o (strchr)
/nfs/nfs5/home/research/hardware/arm2/gcc-arm-embedded/gcc-arm-none-eabi-4_8-2014q2/bin/../lib/gcc/arm-none-eabi/4.8.4/../../../../arm-none-eabi/lib/armv7e-m/libg.a(lib_a-strcmp.o)
                              /tmp/cclHrJ76.ltrans3.ltrans.o (strcmp)
/nfs/nfs5/home/research/hardware/arm2/gcc-arm-embedded/gcc-arm-none-eabi-4_8-2014q2/bin/../lib/gcc/arm-none-eabi/4.8.4/../../../../arm-none-eabi/lib/armv7e-m/libg.a(lib_a-strpbrk.o)
                              /tmp/cclHrJ76.ltrans0.ltrans.o (strpbrk)
/nfs/nfs5/home/research/hardware/arm2/gcc-arm-embedded/gcc-arm-none-eabi-4_8-2014q2/bin/../lib/gcc/arm-none-eabi/4.8.4/../../../../arm-none-eabi/lib/armv7e-m/libg.a(lib_a-strspn.o)
                              /tmp/cclHrJ76.ltrans0.ltrans.o (strspn)
/nfs/nfs5/home/research/hardware/arm2/gcc-arm-embedded/gcc-arm-none-eabi-4_8-2014q2/bin/../lib/gcc/arm-none-eabi/4.8.4/../../../../arm-none-eabi/lib/armv7e-m/libg.a(lib_a-svfprintf.o)
                              /nfs/nfs5/home/research/hardware/arm2/gcc-arm-embedded/gcc-arm-none-eabi-4_8-2014q2/bin/../lib/gcc/arm-none-eabi/4.8.4/../../../../arm-none-eabi/lib/armv7e-m/libg.a(lib_a-snprintf.o) (_svfprintf_r)
[...]
Memory Configuration

Name             Origin             Length             Attributes
flash0           0x08000000         0x00040000
flash1           0x00000000         0x00000000
flash2           0x00000000         0x00000000
flash3           0x00000000         0x00000000
flash4           0x00000000         0x00000000
flash5           0x00000000         0x00000000
flash6           0x00000000         0x00000000
flash7           0x00000000         0x00000000
ram0             0x20000000         0x0000a000
ram1             0x00000000         0x00000000
ram2             0x00000000         0x00000000
ram3             0x00000000         0x00000000
ram4             0x10000000         0x00002000
ram5             0x00000000         0x00000000
ram6             0x00000000         0x00000000
ram7             0x00000000         0x00000000
*default*        0x00000000         0xffffffff

Linker script and memory map

LOAD build/obj/crt0_v7m.o
LOAD build/obj/chcoreasm_v7m.o
LOAD build/obj/crt1.o
LOAD /tmp/cclHrJ76.ltrans0.ltrans.o
LOAD /tmp/cclHrJ76.ltrans1.ltrans.o
LOAD /tmp/cclHrJ76.ltrans2.ltrans.o
LOAD /tmp/cclHrJ76.ltrans3.ltrans.o
LOAD /tmp/cclHrJ76.ltrans4.ltrans.o
LOAD /tmp/cclHrJ76.ltrans5.ltrans.o
LOAD /tmp/cclHrJ76.ltrans6.ltrans.o
LOAD /tmp/cclHrJ76.ltrans7.ltrans.o
LOAD /tmp/cclHrJ76.ltrans8.ltrans.o
LOAD /tmp/cclHrJ76.ltrans9.ltrans.o
LOAD /nfs/nfs5/home/research/hardware/arm2/gcc-arm-embedded/gcc-arm-none-eabi-4_8-2014q2/bin/../lib/gcc/arm-none-eabi/4.8.4/armv7e-m/libgcc.a
LOAD /nfs/nfs5/home/research/hardware/arm2/gcc-arm-embedded/gcc-arm-none-eabi-4_8-2014q2/bin/../lib/gcc/arm-none-eabi/4.8.4/../../../../arm-none-eabi/lib/armv7e-m/libg.a
LOAD /nfs/nfs5/home/research/hardware/arm2/gcc-arm-embedded/gcc-arm-none-eabi-4_8-2014q2/bin/../lib/gcc/arm-none-eabi/4.8.4/../../../../arm-none-eabi/lib/armv7e-m/libc.a
LOAD build/obj/vectors.o
LOAD build/obj/chsys.o
LOAD build/obj/chdebug.o
LOAD build/obj/chtrace.o
LOAD build/obj/chvt.o
LOAD build/obj/chschd.o
LOAD build/obj/chthreads.o
LOAD build/obj/chtm.o
LOAD build/obj/chregistry.o
LOAD build/obj/chsem.o
LOAD build/obj/chmtx.o
LOAD build/obj/chcond.o
LOAD build/obj/chevents.o
LOAD build/obj/chmsg.o
LOAD build/obj/chdynamic.o
LOAD build/obj/chmboxes.o
LOAD build/obj/chmemcore.o
LOAD build/obj/chheap.o
LOAD build/obj/chmempools.o
LOAD build/obj/chcore.o
LOAD build/obj/chcore_v7m.o
LOAD build/obj/osal.o
LOAD build/obj/hal.o
LOAD build/obj/hal_st.o
LOAD build/obj/hal_buffers.o
LOAD build/obj/hal_queues.o
LOAD build/obj/hal_mmcsd.o
LOAD build/obj/hal_pal.o
LOAD build/obj/hal_serial.o
LOAD build/obj/hal_spi.o
LOAD build/obj/nvic.o
LOAD build/obj/hal_lld.o
LOAD build/obj/stm32_dma.o
LOAD build/obj/hal_st_lld.o
LOAD build/obj/hal_pal_lld.o
LOAD build/obj/hal_spi_lld.o
LOAD build/obj/hal_serial_lld.o
LOAD build/obj/board.o
LOAD build/obj/ch_test.o
LOAD build/obj/test_root.o
LOAD build/obj/test_sequence_001.o
LOAD build/obj/test_sequence_002.o
LOAD build/obj/test_sequence_003.o
LOAD build/obj/test_sequence_004.o
LOAD build/obj/test_sequence_005.o
LOAD build/obj/test_sequence_006.o
LOAD build/obj/test_sequence_007.o
LOAD build/obj/test_sequence_008.o
LOAD build/obj/test_sequence_009.o
LOAD build/obj/test_sequence_010.o
LOAD build/obj/test_sequence_011.o
LOAD build/obj/test_sequence_012.o
LOAD build/obj/shell.o
LOAD build/obj/shell_cmd.o
LOAD build/obj/memstreams.o
LOAD build/obj/chprintf.o
LOAD build/obj/syscalls.o
LOAD build/obj/main.o

.mstack         0x20000000      0x400
                0x20000000                . = ALIGN (0x8)
                0x20000000                __main_stack_base__ = .
                0x20000400                . = (. + __main_stack_size__)
 *fill*         0x20000000      0x400 
                0x20000400                . = ALIGN (0x8)
                0x20000400                __main_stack_end__ = .

.pstack         0x20000400      0x400
                0x20000400                __process_stack_base__ = .
                0x20000400                __main_thread_stack_base__ = .
                0x20000800                . = (. + __process_stack_size__)
 *fill*         0x20000400      0x400 
                0x20000800                . = ALIGN (0x8)
                0x20000800                __process_stack_end__ = .
                0x20000800                __main_thread_stack_end__ = .

.vectors        0x08000000      0x200
 *(.vectors)
 .vectors       0x08000000      0x200 /tmp/cclHrJ76.ltrans7.ltrans.o
                0x08000000                _vectors

.xtors          0x08000200        0x0
                0x08000200                __init_array_start = .
 *(SORT(.init_array.*))
 *(.init_array)
                0x08000200                __init_array_end = .
                0x08000200                __fini_array_start = .
 *(.fini_array)
 *(SORT(.fini_array.*))
                0x08000200                __fini_array_end = .

.text           0x08000200     0xdc90
 *(.text)
 .text          0x08000200       0xe4 build/obj/crt0_v7m.o
                0x08000200                Reset_Handler
 .text          0x080002e4       0x28 build/obj/chcoreasm_v7m.o
                0x080002e4                _port_switch
                0x080002f4                _port_thread_start
                0x08000304                _port_switch_from_isr
                0x08000308                _port_exit_from_isr
 .text          0x0800030c      0x370 /nfs/nfs5/home/research/hardware/arm2/gcc-arm-embedded/gcc-arm-none-eabi-4_8-2014q2/bin/../lib/gcc/arm-none-eabi/4.8.4/armv7e-m/libgcc.a(_arm_addsubdf3.o)
                0x0800030c                __aeabi_drsub
                0x08000314                __aeabi_dsub
                0x08000314                __subdf3
                0x08000318                __adddf3
                0x08000318                __aeabi_dadd
                0x08000590                __aeabi_ui2d
                0x08000590                __floatunsidf
                0x080005b0                __floatsidf
                0x080005b0                __aeabi_i2d
                0x080005d4                __extendsfdf2
                0x080005d4                __aeabi_f2d
                0x08000610                __aeabi_ul2d
                0x08000610                __floatundidf
                0x08000620                __floatdidf
                0x08000620                __aeabi_l2d
 .text          0x0800067c      0x424 /nfs/nfs5/home/research/hardware/arm2/gcc-arm-embedded/gcc-arm-none-eabi-4_8-2014q2/bin/../lib/gcc/arm-none-eabi/4.8.4/armv7e-m/libgcc.a(_arm_muldivdf3.o)
                0x0800067c                __aeabi_dmul
                0x0800067c                __muldf3
                0x080008d0                __aeabi_ddiv
                0x080008d0                __divdf3
 .text          0x08000aa0       0x50 /nfs/nfs5/home/research/hardware/arm2/gcc-arm-embedded/gcc-arm-none-eabi-4_8-2014q2/bin/../lib/gcc/arm-none-eabi/4.8.4/armv7e-m/libgcc.a(_arm_fixdfsi.o)
                0x08000aa0                __fixdfsi
                0x08000aa0                __aeabi_d2iz
 .text          0x08000af0       0xa0 /nfs/nfs5/home/research/hardware/arm2/gcc-arm-embedded/gcc-arm-none-eabi-4_8-2014q2/bin/../lib/gcc/arm-none-eabi/4.8.4/armv7e-m/libgcc.a(_arm_truncdfsf2.o)
                0x08000af0                __aeabi_d2f
                0x08000af0                __truncdfsf2
 .text          0x08000b90       0xec /nfs/nfs5/home/research/hardware/arm2/gcc-arm-embedded/gcc-arm-none-eabi-4_8-2014q2/bin/../lib/gcc/arm-none-eabi/4.8.4/armv7e-m/libgcc.a(_arm_cmpsf2.o)
                0x08000b90                __gtsf2
                0x08000b90                __gesf2
                0x08000b98                __lesf2
                0x08000b98                __ltsf2
                0x08000ba0                __nesf2
                0x08000ba0                __eqsf2
                0x08000ba0                __cmpsf2
                0x08000c00                __aeabi_cfrcmple
                0x08000c08                __aeabi_cfcmple
                0x08000c08                __aeabi_cfcmpeq
                0x08000c18                __aeabi_fcmpeq
                0x08000c2c                __aeabi_fcmplt
                0x08000c40                __aeabi_fcmple
                0x08000c54                __aeabi_fcmpge
                0x08000c68                __aeabi_fcmpgt
 .text          0x08000c7c       0x4c /nfs/nfs5/home/research/hardware/arm2/gcc-arm-embedded/gcc-arm-none-eabi-4_8-2014q2/bin/../lib/gcc/arm-none-eabi/4.8.4/armv7e-m/libgcc.a(_arm_fixsfsi.o)
                0x08000c7c                __fixsfsi
                0x08000c7c                __aeabi_f2iz
 .text          0x08000cc8      0x21c /nfs/nfs5/home/research/hardware/arm2/gcc-arm-embedded/gcc-arm-none-eabi-4_8-2014q2/bin/../lib/gcc/arm-none-eabi/4.8.4/../../../../arm-none-eabi/lib/armv7e-m/libg.a(lib_a-strcmp.o)
                0x08000cc8                strcmp
 .text          0x08000ee4      0x134 /nfs/nfs5/home/research/hardware/arm2/gcc-arm-embedded/gcc-arm-none-eabi-4_8-2014q2/bin/../lib/gcc/arm-none-eabi/4.8.4/../../../../arm-none-eabi/lib/armv7e-m/libg.a(lib_a-memcpy.o)
                0x08000ee4                memcpy
 .text          0x08001018      0x110 /nfs/nfs5/home/research/hardware/arm2/gcc-arm-embedded/gcc-arm-none-eabi-4_8-2014q2/bin/../lib/gcc/arm-none-eabi/4.8.4/armv7e-m/libgcc.a(_arm_cmpdf2.o)
                0x08001018                __gtdf2
                0x08001018                __gedf2
                0x08001020                __ltdf2
                0x08001020                __ledf2
                0x08001028                __cmpdf2
                0x08001028                __eqdf2
                0x08001028                __nedf2
                0x080010a4                __aeabi_cdrcmple
                0x080010b4                __aeabi_cdcmple
                0x080010b4                __aeabi_cdcmpeq
                0x080010c4                __aeabi_dcmpeq
                0x080010d8                __aeabi_dcmplt
                0x080010ec                __aeabi_dcmple
                0x08001100                __aeabi_dcmpge
                0x08001114                __aeabi_dcmpgt
 .text          0x08001128       0x2c /nfs/nfs5/home/research/hardware/arm2/gcc-arm-embedded/gcc-arm-none-eabi-4_8-2014q2/bin/../lib/gcc/arm-none-eabi/4.8.4/armv7e-m/libgcc.a(_aeabi_uldivmod.o)
                0x08001128                __aeabi_uldivmod
 .text          0x08001154       0x60 /nfs/nfs5/home/research/hardware/arm2/gcc-arm-embedded/gcc-arm-none-eabi-4_8-2014q2/bin/../lib/gcc/arm-none-eabi/4.8.4/armv7e-m/libgcc.a(bpabi.o)
                0x08001154                __gnu_ldivmod_helper
                0x08001184                __gnu_uldivmod_helper
 .text          0x080011b4        0x4 /nfs/nfs5/home/research/hardware/arm2/gcc-arm-embedded/gcc-arm-none-eabi-4_8-2014q2/bin/../lib/gcc/arm-none-eabi/4.8.4/armv7e-m/libgcc.a(_dvmd_tls.o)
                0x080011b4                __aeabi_ldiv0
                0x080011b4                __aeabi_idiv0
 .text          0x080011b8      0x298 /nfs/nfs5/home/research/hardware/arm2/gcc-arm-embedded/gcc-arm-none-eabi-4_8-2014q2/bin/../lib/gcc/arm-none-eabi/4.8.4/armv7e-m/libgcc.a(_divdi3.o)
                0x080011b8                __divdi3
 .text          0x08001450      0x284 /nfs/nfs5/home/research/hardware/arm2/gcc-arm-embedded/gcc-arm-none-eabi-4_8-2014q2/bin/../lib/gcc/arm-none-eabi/4.8.4/armv7e-m/libgcc.a(_udivdi3.o)
                0x08001450                __udivdi3
 *(.text.*)
 *fill*         0x080016d4        0xc 
 .text.long_to_string_with_divisor.12189.4081
                0x080016e0       0x50 /tmp/cclHrJ76.ltrans0.ltrans.o
 .text.tmo.11533
                0x08001730       0x10 /tmp/cclHrJ76.ltrans0.ltrans.o
                0x08001730                tmo.11533
 .text.test_011_002_setup.11372
                0x08001740       0x20 /tmp/cclHrJ76.ltrans0.ltrans.o
                0x08001740                test_011_002_setup.11372
 .text.null_provider.11101
                0x08001760       0x10 /tmp/cclHrJ76.ltrans0.ltrans.o
                0x08001760                null_provider.11101
 .text.test_003_001_setup.9893
                0x08001770       0x10 /tmp/cclHrJ76.ltrans0.ltrans.o
                0x08001770                test_003_001_setup.9893
 .text.test_001_004_execute.9488
                0x08001780       0x20 /tmp/cclHrJ76.ltrans0.ltrans.o
                0x08001780                test_001_004_execute.9488
 .text.test_001_003_execute.9486
                0x080017a0       0x30 /tmp/cclHrJ76.ltrans0.ltrans.o
                0x080017a0                test_001_003_execute.9486
 .text.notify1.9082
                0x080017d0       0x10 /tmp/cclHrJ76.ltrans0.ltrans.o
                0x080017d0                notify1.9082
 .text.bmk_thread4.11545
                0x080017e0       0x30 /tmp/cclHrJ76.ltrans0.ltrans.o
                0x080017e0                bmk_thread4.11545
 .text.bmk_thread8.11536
                0x08001810       0x30 /tmp/cclHrJ76.ltrans0.ltrans.o
                0x08001810                bmk_thread8.11536
 .text.bmk_thread7.11539
                0x08001840       0x30 /tmp/cclHrJ76.ltrans0.ltrans.o
                0x08001840                bmk_thread7.11539
 .text.msg_thread1.10472
                0x08001870       0x30 /tmp/cclHrJ76.ltrans0.ltrans.o
                0x08001870                msg_thread1.10472
 .text.thread3.10085
                0x080018a0       0x20 /tmp/cclHrJ76.ltrans0.ltrans.o
                0x080018a0                thread3.10085
 .text.test_004_001_teardown.10101
                0x080018c0       0x10 /tmp/cclHrJ76.ltrans0.ltrans.o
                0x080018c0                test_004_001_teardown.10101
 .text.Vector130
                0x080018d0       0x30 /tmp/cclHrJ76.ltrans0.ltrans.o
                0x080018d0                Vector130
 .text.Vector12C
                0x08001900       0x30 /tmp/cclHrJ76.ltrans0.ltrans.o
                0x08001900                Vector12C
 .text.Vector128
                0x08001930       0x30 /tmp/cclHrJ76.ltrans0.ltrans.o
                0x08001930                Vector128
 .text.Vector124
                0x08001960       0x30 /tmp/cclHrJ76.ltrans0.ltrans.o
                0x08001960                Vector124
 .text.Vector120
                0x08001990       0x30 /tmp/cclHrJ76.ltrans0.ltrans.o
                0x08001990                Vector120
 .text.Vector84
                0x080019c0       0x30 /tmp/cclHrJ76.ltrans0.ltrans.o
                0x080019c0                Vector84
 .text.Vector80
                0x080019f0       0x30 /tmp/cclHrJ76.ltrans0.ltrans.o
                0x080019f0                Vector80
 .text.Vector7C
                0x08001a20       0x30 /tmp/cclHrJ76.ltrans0.ltrans.o
                0x08001a20                Vector7C
 .text.Vector78
                0x08001a50       0x30 /tmp/cclHrJ76.ltrans0.ltrans.o
                0x08001a50                Vector78
 .text.chprintf
                0x08001a80      0x390 /tmp/cclHrJ76.ltrans0.ltrans.o
                0x08001a80                chprintf
 .text.cmd_echo.11999
                0x08001e10       0x20 /tmp/cclHrJ76.ltrans0.ltrans.o
                0x08001e10                cmd_echo.11999
 .text.cmd_info.12007
                0x08001e30       0xc0 /tmp/cclHrJ76.ltrans0.ltrans.o
                0x08001e30                cmd_info.12007
 .text.cmd_mem.12031
                0x08001ef0       0x80 /tmp/cclHrJ76.ltrans0.ltrans.o
                0x08001ef0                cmd_mem.12031
 .text.parse_arguments.11838
                0x08001f70       0x60 /tmp/cclHrJ76.ltrans0.ltrans.o
                0x08001f70                parse_arguments.11838
 .text.test_terminate_threads
                0x08001fd0       0x40 /tmp/cclHrJ76.ltrans0.ltrans.o
                0x08001fd0                test_terminate_threads
 .text.test_emit_token
                0x08002010       0x30 /tmp/cclHrJ76.ltrans0.ltrans.o
                0x08002010                test_emit_token
 .text.dyn_thread1.11367
                0x08002040       0x10 /tmp/cclHrJ76.ltrans0.ltrans.o
                0x08002040                dyn_thread1.11367
 .text.h1.10728
                0x08002050       0x10 /tmp/cclHrJ76.ltrans0.ltrans.o
                0x08002050                h1.10728
 .text.h2.10725
                0x08002060       0x10 /tmp/cclHrJ76.ltrans0.ltrans.o
                0x08002060                h2.10725
 .text.h3.10722
                0x08002070       0x10 /tmp/cclHrJ76.ltrans0.ltrans.o
                0x08002070                h3.10722
 .text.thread1.10334
                0x08002080       0x20 /tmp/cclHrJ76.ltrans0.ltrans.o
                0x08002080                thread1.10334
 .text.thread9.10325
                0x080020a0       0x20 /tmp/cclHrJ76.ltrans0.ltrans.o
                0x080020a0                thread9.10325
 .text.thread1.10082
                0x080020c0       0x20 /tmp/cclHrJ76.ltrans0.ltrans.o
                0x080020c0                thread1.10082
 .text.thread.9626
                0x080020e0       0x10 /tmp/cclHrJ76.ltrans0.ltrans.o
                0x080020e0                thread.9626
 .text.test_println
                0x080020f0       0x30 /tmp/cclHrJ76.ltrans0.ltrans.o
                0x080020f0                test_println
 .text.test_print
                0x08002120       0x20 /tmp/cclHrJ76.ltrans0.ltrans.o
                0x08002120                test_print
 .text.test_printn
                0x08002140       0x70 /tmp/cclHrJ76.ltrans0.ltrans.o
                0x08002140                test_printn
 .text.test_012_012_execute.11551
                0x080021b0      0x100 /tmp/cclHrJ76.ltrans0.ltrans.o
                0x080021b0                test_012_012_execute.11551
 .text._test_assert_sequence
                0x080022b0       0x50 /tmp/cclHrJ76.ltrans0.ltrans.o
                0x080022b0                _test_assert_sequence
 .text._test_assert
                0x08002300       0x30 /tmp/cclHrJ76.ltrans0.ltrans.o
                0x08002300                _test_assert
 .text.test_004_001_execute.10123
                0x08002330       0xc0 /tmp/cclHrJ76.ltrans0.ltrans.o
                0x08002330                test_004_001_execute.10123
 .text.test_002_003_execute.9631
                0x080023f0       0x90 /tmp/cclHrJ76.ltrans0.ltrans.o
                0x080023f0                test_002_003_execute.9631
 .text.test_001_001_execute.9508
                0x08002480       0xb0 /tmp/cclHrJ76.ltrans0.ltrans.o
                0x08002480                test_001_001_execute.9508
 .text.print_line.9209
                0x08002530       0x30 /tmp/cclHrJ76.ltrans0.ltrans.o
                0x08002530                print_line.9209
 .text._pal_lld_setgroupmode
                0x08002560       0xf0 /tmp/cclHrJ76.ltrans0.ltrans.o
                0x08002560                _pal_lld_setgroupmode
 .text.test_007_001_execute.10718
                0x08002650       0xf0 /tmp/cclHrJ76.ltrans1.ltrans.o
                0x08002650                test_007_001_execute.10718
 .text.test_007_007_execute.10716
                0x08002740      0x120 /tmp/cclHrJ76.ltrans1.ltrans.o
                0x08002740                test_007_007_execute.10716
 .text.thread1.9890
                0x08002860       0x40 /tmp/cclHrJ76.ltrans1.ltrans.o
                0x08002860                thread1.9890
 .text.test_009_002_execute.11115
                0x080028a0      0x100 /tmp/cclHrJ76.ltrans1.ltrans.o
                0x080028a0                test_009_002_execute.11115
 .text.bmk_thread1.11548.4164
                0x080029a0       0x20 /tmp/cclHrJ76.ltrans1.ltrans.o
 .text.vtcb.9483
                0x080029c0       0x30 /tmp/cclHrJ76.ltrans1.ltrans.o
                0x080029c0                vtcb.9483
 .text.test_009_001_execute.11119
                0x080029f0      0x110 /tmp/cclHrJ76.ltrans1.ltrans.o
                0x080029f0                test_009_001_execute.11119
 .text.test_012_004_execute.11573
                0x08002b00       0xe0 /tmp/cclHrJ76.ltrans1.ltrans.o
                0x08002b00                test_012_004_execute.11573
 .text.test_012_006_execute.11569
                0x08002be0       0x70 /tmp/cclHrJ76.ltrans1.ltrans.o
                0x08002be0                test_012_006_execute.11569
 .text.cmd_threads.12023
                0x08002c50       0xc0 /tmp/cclHrJ76.ltrans1.ltrans.o
                0x08002c50                cmd_threads.12023
 .text.cmd_test.12015
                0x08002d10       0x60 /tmp/cclHrJ76.ltrans1.ltrans.o
                0x08002d10                cmd_test.12015
 .text.test_012_005_execute.11571
                0x08002d70       0x70 /tmp/cclHrJ76.ltrans1.ltrans.o
                0x08002d70                test_012_005_execute.11571
 .text.test_012_008_execute.11565
                0x08002de0       0xf0 /tmp/cclHrJ76.ltrans1.ltrans.o
                0x08002de0                test_012_008_execute.11565
 .text.test_012_007_execute.11567
                0x08002ed0      0x100 /tmp/cclHrJ76.ltrans1.ltrans.o
                0x08002ed0                test_012_007_execute.11567
 .text.test_012_003_execute.11578
                0x08002fd0       0xe0 /tmp/cclHrJ76.ltrans1.ltrans.o
                0x08002fd0                test_012_003_execute.11578
 .text.test_012_002_execute.11580
                0x080030b0       0x80 /tmp/cclHrJ76.ltrans1.ltrans.o
                0x080030b0                test_012_002_execute.11580
 .text.test_012_001_execute.11582
                0x08003130       0x80 /tmp/cclHrJ76.ltrans1.ltrans.o
                0x08003130                test_012_001_execute.11582
 .text.test_011_002_execute.11370
                0x080031b0      0x150 /tmp/cclHrJ76.ltrans1.ltrans.o
                0x080031b0                test_011_002_execute.11370
 .text.test_011_001_execute.11374
                0x08003300      0x170 /tmp/cclHrJ76.ltrans1.ltrans.o
                0x08003300                test_011_001_execute.11374
 .text.chMtxTryLock.constprop.56.4215
                0x08003470       0x40 /tmp/cclHrJ76.ltrans2.ltrans.o
 .text.test_010_001_setup.11243
                0x080034b0       0x30 /tmp/cclHrJ76.ltrans2.ltrans.o
                0x080034b0                test_010_001_setup.11243
 .text.dmaStreamAllocate.constprop.15.4361
                0x080034e0       0xc0 /tmp/cclHrJ76.ltrans2.ltrans.o
 .text.test_005_005_execute.10365
                0x080035a0      0x180 /tmp/cclHrJ76.ltrans2.ltrans.o
                0x080035a0                test_005_005_execute.10365
 .text.chHeapAllocAligned.constprop.37.4310
                0x08003720      0x110 /tmp/cclHrJ76.ltrans2.ltrans.o
 .text.thread6.10328
                0x08003830       0x70 /tmp/cclHrJ76.ltrans2.ltrans.o
                0x08003830                thread6.10328
 .text.test_007_002_execute.10720
                0x080038a0       0x50 /tmp/cclHrJ76.ltrans2.ltrans.o
                0x080038a0                test_007_002_execute.10720
 .text.test_010_001_execute.11241
                0x080038f0      0x340 /tmp/cclHrJ76.ltrans2.ltrans.o
                0x080038f0                test_010_001_execute.11241
 .text.test_010_002_execute.11239
                0x08003c30       0x70 /tmp/cclHrJ76.ltrans2.ltrans.o
                0x08003c30                test_010_002_execute.11239
 .text.cmd_myecho.12723
                0x08003ca0       0x30 /tmp/cclHrJ76.ltrans2.ltrans.o
                0x08003ca0                cmd_myecho.12723
 .text.cmd_currenttime.12718
                0x08003cd0       0x20 /tmp/cclHrJ76.ltrans2.ltrans.o
                0x08003cd0                cmd_currenttime.12718
 .text.cmd_systime.11990
                0x08003cf0       0x30 /tmp/cclHrJ76.ltrans2.ltrans.o
                0x08003cf0                cmd_systime.11990
 .text.cmd_savelog.12728
                0x08003d20      0x130 /tmp/cclHrJ76.ltrans2.ltrans.o
                0x08003d20                cmd_savelog.12728
 .text.chSemSignalWait.constprop.57
                0x08003e50       0x70 /tmp/cclHrJ76.ltrans2.ltrans.o
                0x08003e50                chSemSignalWait.constprop.57
 .text.chCondSignal.constprop.54
                0x08003ec0       0x30 /tmp/cclHrJ76.ltrans2.ltrans.o
                0x08003ec0                chCondSignal.constprop.54
 .text.chCondSignalI.constprop.53
                0x08003ef0       0x30 /tmp/cclHrJ76.ltrans2.ltrans.o
                0x08003ef0                chCondSignalI.constprop.53
 .text.chEvtGetAndClearEvents.constprop.47
                0x08003f20       0x20 /tmp/cclHrJ76.ltrans2.ltrans.o
                0x08003f20                chEvtGetAndClearEvents.constprop.47
 .text.test_007_002_setup.10714
                0x08003f40       0x10 /tmp/cclHrJ76.ltrans2.ltrans.o
                0x08003f40                test_007_002_setup.10714
 .text.test_007_003_setup.10712
                0x08003f50       0x10 /tmp/cclHrJ76.ltrans2.ltrans.o
                0x08003f50                test_007_003_setup.10712
 .text.test_007_004_setup.10710
                0x08003f60       0x10 /tmp/cclHrJ76.ltrans2.ltrans.o
                0x08003f60                test_007_004_setup.10710
 .text.test_007_005_setup.10708
                0x08003f70       0x10 /tmp/cclHrJ76.ltrans2.ltrans.o
                0x08003f70                test_007_005_setup.10708
 .text.test_007_006_setup.10706
                0x08003f80       0x10 /tmp/cclHrJ76.ltrans2.ltrans.o
                0x08003f80                test_007_006_setup.10706
 .text.test_007_007_setup.10704
                0x08003f90       0x20 /tmp/cclHrJ76.ltrans2.ltrans.o
                0x08003f90                test_007_007_setup.10704
 .text.chEvtWaitOne.constprop.43
                0x08003fb0       0x40 /tmp/cclHrJ76.ltrans2.ltrans.o
                0x08003fb0                chEvtWaitOne.constprop.43
 .text.chEvtWaitAny.constprop.42
                0x08003ff0       0x30 /tmp/cclHrJ76.ltrans2.ltrans.o
                0x08003ff0                chEvtWaitAny.constprop.42
 .text.chEvtWaitAll.constprop.41
                0x08004020       0x40 /tmp/cclHrJ76.ltrans2.ltrans.o
                0x08004020                chEvtWaitAll.constprop.41
 .text.chThdCreateFromHeap
                0x08004060       0x50 /tmp/cclHrJ76.ltrans2.ltrans.o
                0x08004060                chThdCreateFromHeap
 .text.chThdCreateFromMemoryPool.constprop.36
                0x080040b0       0x60 /tmp/cclHrJ76.ltrans2.ltrans.o
                0x080040b0                chThdCreateFromMemoryPool.constprop.36
 .text.chMBReset.constprop.34
                0x08004110       0x20 /tmp/cclHrJ76.ltrans2.ltrans.o
                0x08004110                chMBReset.constprop.34
 .text.test_008_001_teardown.10951
                0x08004130       0x10 /tmp/cclHrJ76.ltrans2.ltrans.o
                0x08004130                test_008_001_teardown.10951
 .text.test_008_002_teardown.10949
                0x08004140       0x10 /tmp/cclHrJ76.ltrans2.ltrans.o
                0x08004140                test_008_002_teardown.10949
 .text.test_008_003_teardown.10947
                0x08004150       0x10 /tmp/cclHrJ76.ltrans2.ltrans.o
                0x08004150                test_008_003_teardown.10947
 .text.spi_lld_start
                0x08004160       0xa0 /tmp/cclHrJ76.ltrans2.ltrans.o
                0x08004160                spi_lld_start
 .text.spiSelect.constprop.13
                0x08004200       0x30 /tmp/cclHrJ76.ltrans2.ltrans.o
                0x08004200                spiSelect.constprop.13
 .text.spiUnselect.constprop.12
                0x08004230       0x30 /tmp/cclHrJ76.ltrans2.ltrans.o
                0x08004230                spiUnselect.constprop.12
 .text.spiSend.constprop.10
                0x08004260       0x70 /tmp/cclHrJ76.ltrans2.ltrans.o
                0x08004260                spiSend.constprop.10
 .text._test_assert_time_window.constprop.3
                0x080042d0       0x40 /tmp/cclHrJ76.ltrans2.ltrans.o
                0x080042d0                _test_assert_time_window.constprop.3
 .text.test_008_003_execute.10953.4194
                0x08004310      0x180 /tmp/cclHrJ76.ltrans3.ltrans.o
 .text.test_004_006_execute.10109.4212
                0x08004490      0x1b0 /tmp/cclHrJ76.ltrans3.ltrans.o
 .text.thread4.10079.4215
                0x08004640       0x30 /tmp/cclHrJ76.ltrans3.ltrans.o
 .text.shellThread
                0x08004670      0x210 /tmp/cclHrJ76.ltrans3.ltrans.o
                0x08004670                shellThread
 .text.cmd_exit.12039.4315
                0x08004880       0x40 /tmp/cclHrJ76.ltrans3.ltrans.o
 .text.test_007_006_execute.10733.4271
                0x080048c0      0x170 /tmp/cclHrJ76.ltrans3.ltrans.o
 .text.test_001_002_execute.9504.4292
                0x08004a30       0xe0 /tmp/cclHrJ76.ltrans3.ltrans.o
 .text.cmd_gyrorall.12765
                0x08004b10      0x240 /tmp/cclHrJ76.ltrans3.ltrans.o
                0x08004b10                cmd_gyrorall.12765
 .text.cmd_gyro.12779
                0x08004d50       0xf0 /tmp/cclHrJ76.ltrans3.ltrans.o
                0x08004d50                cmd_gyro.12779
 .text.test_008_001_setup.10959
                0x08004e40       0x40 /tmp/cclHrJ76.ltrans4.ltrans.o
                0x08004e40                test_008_001_setup.10959
 .text.test_008_003_setup.10955
                0x08004e80       0x40 /tmp/cclHrJ76.ltrans4.ltrans.o
                0x08004e80                test_008_003_setup.10955
 .text.spi_lld_serve_tx_interrupt.8831
                0x08004ec0       0x20 /tmp/cclHrJ76.ltrans4.ltrans.o
                0x08004ec0                spi_lld_serve_tx_interrupt.8831
 .text.test_011_001_setup.11376
                0x08004ee0       0x30 /tmp/cclHrJ76.ltrans4.ltrans.o
                0x08004ee0                test_011_001_setup.11376
 .text.test_012_011_setup.11555
                0x08004f10       0x10 /tmp/cclHrJ76.ltrans4.ltrans.o
                0x08004f10                test_012_011_setup.11555
 .text.thread8.10331.4138
                0x08004f20       0x90 /tmp/cclHrJ76.ltrans4.ltrans.o
 .text.chThdRelease
                0x08004fb0       0x70 /tmp/cclHrJ76.ltrans4.ltrans.o
                0x08004fb0                chThdRelease
 .text.chThdWait
                0x08005020       0x40 /tmp/cclHrJ76.ltrans4.ltrans.o
                0x08005020                chThdWait
 .text.test_wait_threads
                0x08005060       0x30 /tmp/cclHrJ76.ltrans4.ltrans.o
                0x08005060                test_wait_threads
 .text.test_007_005_execute.10737
                0x08005090       0xd0 /tmp/cclHrJ76.ltrans4.ltrans.o
                0x08005090                test_007_005_execute.10737
 .text.test_007_004_execute.10741
                0x08005160       0xd0 /tmp/cclHrJ76.ltrans4.ltrans.o
                0x08005160                test_007_004_execute.10741
 .text.test_007_003_execute.10745
                0x08005230       0xf0 /tmp/cclHrJ76.ltrans4.ltrans.o
                0x08005230                test_007_003_execute.10745
 .text.test_006_001_execute.10475
                0x08005320       0x70 /tmp/cclHrJ76.ltrans4.ltrans.o
                0x08005320                test_006_001_execute.10475
 .text.test_005_004_teardown.10343
                0x08005390       0x10 /tmp/cclHrJ76.ltrans4.ltrans.o
                0x08005390                test_005_004_teardown.10343
 .text.test_005_009_execute.10345
                0x080053a0       0xb0 /tmp/cclHrJ76.ltrans4.ltrans.o
                0x080053a0                test_005_009_execute.10345
 .text.test_005_008_execute.10359
                0x08005450       0xe0 /tmp/cclHrJ76.ltrans4.ltrans.o
                0x08005450                test_005_008_execute.10359
 .text.test_005_007_execute.10361
                0x08005530       0xe0 /tmp/cclHrJ76.ltrans4.ltrans.o
                0x08005530                test_005_007_execute.10361
 .text.test_005_001_execute.10363
                0x08005610       0xe0 /tmp/cclHrJ76.ltrans4.ltrans.o
                0x08005610                test_005_001_execute.10363
 .text.test_004_006_teardown.10111
                0x080056f0       0x10 /tmp/cclHrJ76.ltrans4.ltrans.o
                0x080056f0                test_004_006_teardown.10111
 .text.test_004_005_teardown.10113
                0x08005700       0x10 /tmp/cclHrJ76.ltrans4.ltrans.o
                0x08005700                test_004_005_teardown.10113
 .text.test_004_002_execute.10115
                0x08005710       0xf0 /tmp/cclHrJ76.ltrans4.ltrans.o
                0x08005710                test_004_002_execute.10115
 .text.test_004_004_execute.10127
                0x08005800       0xb0 /tmp/cclHrJ76.ltrans4.ltrans.o
                0x08005800                test_004_004_execute.10127
 .text.test_002_002_execute.9633
                0x080058b0      0x1a0 /tmp/cclHrJ76.ltrans4.ltrans.o
                0x080058b0                test_002_002_execute.9633
 .text.test_009_003_setup.11107
                0x08005a50       0x20 /tmp/cclHrJ76.ltrans5.ltrans.o
                0x08005a50                test_009_003_setup.11107
 .text.test_005_004_setup.10355
                0x08005a70       0x20 /tmp/cclHrJ76.ltrans5.ltrans.o
                0x08005a70                test_005_004_setup.10355
 .text.test_005_001_setup.10357
                0x08005a90       0x10 /tmp/cclHrJ76.ltrans5.ltrans.o
                0x08005a90                test_005_001_setup.10357
 .text.test_008_002_setup.10957
                0x08005aa0       0x40 /tmp/cclHrJ76.ltrans5.ltrans.o
                0x08005aa0                test_008_002_setup.10957
 .text.test_009_002_setup.11109
                0x08005ae0       0x20 /tmp/cclHrJ76.ltrans5.ltrans.o
                0x08005ae0                test_009_002_setup.11109
 .text.test_012_010_setup.11559
                0x08005b00       0x10 /tmp/cclHrJ76.ltrans5.ltrans.o
                0x08005b00                test_012_010_setup.11559
 .text.test_012_007_setup.11561
                0x08005b10       0x10 /tmp/cclHrJ76.ltrans5.ltrans.o
                0x08005b10                test_012_007_setup.11561
 .text.test_004_005_setup.10091
                0x08005b20       0x10 /tmp/cclHrJ76.ltrans5.ltrans.o
                0x08005b20                test_004_005_setup.10091
 .text.test_004_004_setup.10093
                0x08005b30       0x10 /tmp/cclHrJ76.ltrans5.ltrans.o
                0x08005b30                test_004_004_setup.10093
 .text.test_004_003_setup.10095
                0x08005b40       0x10 /tmp/cclHrJ76.ltrans5.ltrans.o
                0x08005b40                test_004_003_setup.10095
 .text.test_004_002_setup.10097
                0x08005b50       0x10 /tmp/cclHrJ76.ltrans5.ltrans.o
                0x08005b50                test_004_002_setup.10097
 .text.test_004_001_setup.10099
                0x08005b60       0x10 /tmp/cclHrJ76.ltrans5.ltrans.o
                0x08005b60                test_004_001_setup.10099
 .text.test_009_001_setup.11111
                0x08005b70       0x20 /tmp/cclHrJ76.ltrans5.ltrans.o
                0x08005b70                test_009_001_setup.11111
 .text.VectorB0
                0x08005b90       0xa0 /tmp/cclHrJ76.ltrans5.ltrans.o
                0x08005b90                VectorB0
 .text.test_002_004_execute.9629
                0x08005c30       0xe0 /tmp/cclHrJ76.ltrans5.ltrans.o
                0x08005c30                test_002_004_execute.9629
 .text.spi_lld_serve_rx_interrupt.8835
                0x08005d10       0x90 /tmp/cclHrJ76.ltrans5.ltrans.o
                0x08005d10                spi_lld_serve_rx_interrupt.8835
 .text.chVTDoResetI
                0x08005da0       0x70 /tmp/cclHrJ76.ltrans5.ltrans.o
                0x08005da0                chVTDoResetI
 .text.chVTDoSetI
                0x08005e10       0x90 /tmp/cclHrJ76.ltrans5.ltrans.o
                0x08005e10                chVTDoSetI
 .text.chSchGoSleepTimeoutS
                0x08005ea0       0x50 /tmp/cclHrJ76.ltrans5.ltrans.o
                0x08005ea0                chSchGoSleepTimeoutS
 .text.chThdSleep
                0x08005ef0       0x20 /tmp/cclHrJ76.ltrans5.ltrans.o
                0x08005ef0                chThdSleep
 .text.test_execute
                0x08005f10      0x2b0 /tmp/cclHrJ76.ltrans5.ltrans.o
                0x08005f10                test_execute
 .text.chThdEnqueueTimeoutS.4229
                0x080061c0       0x30 /tmp/cclHrJ76.ltrans5.ltrans.o
 .text.iqGetTimeout.4155
                0x080061f0       0x60 /tmp/cclHrJ76.ltrans5.ltrans.o
 .text.gett.7942
                0x08006250       0x10 /tmp/cclHrJ76.ltrans5.ltrans.o
                0x08006250                gett.7942
 .text.get.7946
                0x08006260       0x10 /tmp/cclHrJ76.ltrans5.ltrans.o
                0x08006260                get.7946
 .text.iqReadTimeout.4187
                0x08006270       0xb0 /tmp/cclHrJ76.ltrans5.ltrans.o
 .text.readt.7919
                0x08006320       0x10 /tmp/cclHrJ76.ltrans5.ltrans.o
                0x08006320                readt.7919
 .text.read.7926
                0x08006330       0x10 /tmp/cclHrJ76.ltrans5.ltrans.o
                0x08006330                read.7926
 .text.oqPutTimeout.4202
                0x08006340       0x60 /tmp/cclHrJ76.ltrans5.ltrans.o
 .text.putt.7949
                0x080063a0       0x10 /tmp/cclHrJ76.ltrans5.ltrans.o
                0x080063a0                putt.7949
 .text.put.7954
                0x080063b0       0x10 /tmp/cclHrJ76.ltrans5.ltrans.o
                0x080063b0                put.7954
 .text.oqWriteTimeout.4223
                0x080063c0       0xb0 /tmp/cclHrJ76.ltrans5.ltrans.o
 .text.writet.7931
                0x08006470       0x10 /tmp/cclHrJ76.ltrans5.ltrans.o
                0x08006470                writet.7931
 .text.write.7937
                0x08006480       0x10 /tmp/cclHrJ76.ltrans5.ltrans.o
                0x08006480                write.7937
 .text.chTMStartMeasurementX.constprop.65
                0x08006490       0x10 /tmp/cclHrJ76.ltrans5.ltrans.o
                0x08006490                chTMStartMeasurementX.constprop.65
 .text.chThdCreateStatic.constprop.63
                0x080064a0       0xa0 /tmp/cclHrJ76.ltrans5.ltrans.o
                0x080064a0                chThdCreateStatic.constprop.63
 .text.test_004_005_execute.10119
                0x08006540       0xa0 /tmp/cclHrJ76.ltrans5.ltrans.o
                0x08006540                test_004_005_execute.10119
 .text.test_005_009_setup.10347
                0x080065e0       0x30 /tmp/cclHrJ76.ltrans6.ltrans.o
                0x080065e0                test_005_009_setup.10347
 .text.test_005_008_setup.10349
                0x08006610       0x20 /tmp/cclHrJ76.ltrans6.ltrans.o
                0x08006610                test_005_008_setup.10349
 .text.test_005_007_setup.10351
                0x08006630       0x20 /tmp/cclHrJ76.ltrans6.ltrans.o
                0x08006630                test_005_007_setup.10351
 .text.test_005_005_setup.10353
                0x08006650       0x10 /tmp/cclHrJ76.ltrans6.ltrans.o
                0x08006650                test_005_005_setup.10353
 .text.starterThread.12715
                0x08006660       0x70 /tmp/cclHrJ76.ltrans6.ltrans.o
                0x08006660                starterThread.12715
 .text.thread2.10088
                0x080066d0       0x30 /tmp/cclHrJ76.ltrans6.ltrans.o
                0x080066d0                thread2.10088
 .text.evt_thread3.10701
                0x08006700       0x30 /tmp/cclHrJ76.ltrans6.ltrans.o
                0x08006700                evt_thread3.10701
 .text.thread4A.10340.4247
                0x08006730       0x20 /tmp/cclHrJ76.ltrans6.ltrans.o
 .text.test_005_004_execute.10367
                0x08006750      0x140 /tmp/cclHrJ76.ltrans6.ltrans.o
                0x08006750                test_005_004_execute.10367
 .text.thread4B.10337.4250
                0x08006890       0x30 /tmp/cclHrJ76.ltrans6.ltrans.o
 .text.test_002_001_execute.9637
                0x080068c0       0xc0 /tmp/cclHrJ76.ltrans6.ltrans.o
                0x080068c0                test_002_001_execute.9637
 .text.chSemWaitTimeoutS
                0x08006980       0x40 /tmp/cclHrJ76.ltrans6.ltrans.o
                0x08006980                chSemWaitTimeoutS
 .text.chGuardedPoolAllocTimeout.constprop.24
                0x080069c0       0x50 /tmp/cclHrJ76.ltrans6.ltrans.o
                0x080069c0                chGuardedPoolAllocTimeout.constprop.24
 .text.test_009_003_execute.11105
                0x08006a10       0x30 /tmp/cclHrJ76.ltrans6.ltrans.o
                0x08006a10                test_009_003_execute.11105
 .text.chMBPost.constprop.33
                0x08006a40       0x50 /tmp/cclHrJ76.ltrans6.ltrans.o
                0x08006a40                chMBPost.constprop.33
 .text.chMBPostAhead.constprop.31
                0x08006a90       0x60 /tmp/cclHrJ76.ltrans6.ltrans.o
                0x08006a90                chMBPostAhead.constprop.31
 .text.chMBFetch.constprop.29
                0x08006af0       0x60 /tmp/cclHrJ76.ltrans6.ltrans.o
                0x08006af0                chMBFetch.constprop.29
 .text.test_008_001_execute.10963
                0x08006b50      0x2c0 /tmp/cclHrJ76.ltrans6.ltrans.o
                0x08006b50                test_008_001_execute.10963
 .text.test_008_002_execute.10961
                0x08006e10      0x360 /tmp/cclHrJ76.ltrans6.ltrans.o
                0x08006e10                test_008_002_execute.10961
 .text.test_wait_tick
                0x08007170       0x20 /tmp/cclHrJ76.ltrans6.ltrans.o
                0x08007170                test_wait_tick
 .text.test_012_009_execute.11563
                0x08007190       0x90 /tmp/cclHrJ76.ltrans6.ltrans.o
                0x08007190                test_012_009_execute.11563
 .text.test_012_011_execute.11553
                0x08007220       0x90 /tmp/cclHrJ76.ltrans6.ltrans.o
                0x08007220                test_012_011_execute.11553
 .text.test_012_010_execute.11557
                0x080072b0       0x90 /tmp/cclHrJ76.ltrans6.ltrans.o
                0x080072b0                test_012_010_execute.11557
 .text.msg_loop_test.11575
                0x08007340       0x40 /tmp/cclHrJ76.ltrans6.ltrans.o
                0x08007340                msg_loop_test.11575
 .text.spiReceive.constprop.8.4302
                0x08007380       0x60 /tmp/cclHrJ76.ltrans7.ltrans.o
 .text.pressure_read_register.4294
                0x080073e0       0x60 /tmp/cclHrJ76.ltrans7.ltrans.o
 .text.cmd_press.12757
                0x08007440       0xf0 /tmp/cclHrJ76.ltrans7.ltrans.o
                0x08007440                cmd_press.12757
 .text.cmd_altitude.12743
                0x08007530      0x1d0 /tmp/cclHrJ76.ltrans7.ltrans.o
                0x08007530                cmd_altitude.12743
 .text.loggerThread.12712
                0x08007700       0x80 /tmp/cclHrJ76.ltrans7.ltrans.o
                0x08007700                loggerThread.12712
 .text.cmd_pressrall.12736
                0x08007780      0x1c0 /tmp/cclHrJ76.ltrans7.ltrans.o
                0x08007780                cmd_pressrall.12736
 .text.VectorD4.4313
                0x08007940      0x1a0 /tmp/cclHrJ76.ltrans7.ltrans.o
 .text.test_004_003_execute.10131
                0x08007ae0      0x180 /tmp/cclHrJ76.ltrans7.ltrans.o
                0x08007ae0                test_004_003_execute.10131
 .text.test_003_001_execute.9897
                0x08007c60       0xf0 /tmp/cclHrJ76.ltrans7.ltrans.o
                0x08007c60                test_003_001_execute.9897
 .text.evt_thread7.10698
                0x08007d50       0x40 /tmp/cclHrJ76.ltrans7.ltrans.o
                0x08007d50                evt_thread7.10698
 .text.gyro_read_register
                0x08007d90       0x60 /tmp/cclHrJ76.ltrans7.ltrans.o
                0x08007d90                gyro_read_register
 .text.SVC_Handler
                0x08007df0       0x20 /tmp/cclHrJ76.ltrans8.ltrans.o
                0x08007df0                SVC_Handler
 .text.chCoreAllocAligned
                0x08007e10       0x40 /tmp/cclHrJ76.ltrans8.ltrans.o
                0x08007e10                chCoreAllocAligned
 .text.wakeup.4697
                0x08007e50       0x80 /tmp/cclHrJ76.ltrans8.ltrans.o
                0x08007e50                wakeup.4697
 .text._idle_thread.4338
                0x08007ed0       0x10 /tmp/cclHrJ76.ltrans8.ltrans.o
                0x08007ed0                _idle_thread.4338
 .text._port_irq_epilogue
                0x08007ee0       0x60 /tmp/cclHrJ76.ltrans8.ltrans.o
                0x08007ee0                _port_irq_epilogue
 .text.Vector74
                0x08007f40       0x30 /tmp/cclHrJ76.ltrans8.ltrans.o
                0x08007f40                Vector74
 .text.Vector70
                0x08007f70       0x30 /tmp/cclHrJ76.ltrans8.ltrans.o
                0x08007f70                Vector70
 .text.Vector6C
                0x08007fa0       0x30 /tmp/cclHrJ76.ltrans8.ltrans.o
                0x08007fa0                Vector6C
 .text.chPoolAlloc
                0x08007fd0       0x30 /tmp/cclHrJ76.ltrans8.ltrans.o
                0x08007fd0                chPoolAlloc
 .text.chEvtAddEvents
                0x08008000       0x20 /tmp/cclHrJ76.ltrans8.ltrans.o
                0x08008000                chEvtAddEvents
 .text.chEvtUnregister
                0x08008020       0x30 /tmp/cclHrJ76.ltrans8.ltrans.o
                0x08008020                chEvtUnregister
 .text.chTMStopMeasurementX
                0x08008050       0x50 /tmp/cclHrJ76.ltrans8.ltrans.o
                0x08008050                chTMStopMeasurementX
 .text.chThdYield
                0x080080a0       0x60 /tmp/cclHrJ76.ltrans8.ltrans.o
                0x080080a0                chThdYield
 .text.chThdCreateSuspendedI
                0x08008100       0x90 /tmp/cclHrJ76.ltrans8.ltrans.o
                0x08008100                chThdCreateSuspendedI
 .text.chSchRescheduleS
                0x08008190       0x50 /tmp/cclHrJ76.ltrans8.ltrans.o
                0x08008190                chSchRescheduleS
 .text.chThdSetPriority
                0x080081e0       0x30 /tmp/cclHrJ76.ltrans8.ltrans.o
                0x080081e0                chThdSetPriority
 .text.chSysRestoreStatusX.part.2.4350
                0x08008210       0x20 /tmp/cclHrJ76.ltrans8.ltrans.o
                0x08008210                chSysRestoreStatusX.part.2.4350
 .text.chSchWakeupS
                0x08008230       0x70 /tmp/cclHrJ76.ltrans8.ltrans.o
                0x08008230                chSchWakeupS
 .text.chSemSignal
                0x080082a0       0x40 /tmp/cclHrJ76.ltrans8.ltrans.o
                0x080082a0                chSemSignal
 .text.chSchGoSleepS
                0x080082e0       0x30 /tmp/cclHrJ76.ltrans8.ltrans.o
                0x080082e0                chSchGoSleepS
 .text.chMsgWait
                0x08008310       0x40 /tmp/cclHrJ76.ltrans8.ltrans.o
                0x08008310                chMsgWait
 .text.chSemWait
                0x08008350       0x50 /tmp/cclHrJ76.ltrans8.ltrans.o
                0x08008350                chSemWait
 .text.chSchReadyI
                0x080083a0       0x30 /tmp/cclHrJ76.ltrans8.ltrans.o
                0x080083a0                chSchReadyI
 .text.chMsgSend
                0x080083d0       0x40 /tmp/cclHrJ76.ltrans8.ltrans.o
                0x080083d0                chMsgSend
 .text.chEvtSignalI
                0x08008410       0x30 /tmp/cclHrJ76.ltrans8.ltrans.o
                0x08008410                chEvtSignalI
 .text.chEvtBroadcastFlagsI
                0x08008440       0x30 /tmp/cclHrJ76.ltrans8.ltrans.o
                0x08008440                chEvtBroadcastFlagsI
 .text.chMtxUnlockS
                0x08008470       0x50 /tmp/cclHrJ76.ltrans8.ltrans.o
                0x08008470                chMtxUnlockS
 .text.chMtxUnlock
                0x080084c0       0x70 /tmp/cclHrJ76.ltrans8.ltrans.o
                0x080084c0                chMtxUnlock
 .text.chMtxLockS
                0x08008530       0xd0 /tmp/cclHrJ76.ltrans8.ltrans.o
                0x08008530                chMtxLockS
 .text.chMtxLock
                0x08008600       0x20 /tmp/cclHrJ76.ltrans8.ltrans.o
                0x08008600                chMtxLock
 .text.chHeapStatus
                0x08008620       0x70 /tmp/cclHrJ76.ltrans8.ltrans.o
                0x08008620                chHeapStatus
 .text.chHeapFree
                0x08008690       0xb0 /tmp/cclHrJ76.ltrans8.ltrans.o
                0x08008690                chHeapFree
 .text.chSemSignalI
                0x08008740       0x20 /tmp/cclHrJ76.ltrans8.ltrans.o
                0x08008740                chSemSignalI
 .text.chSemResetI.4236
                0x08008760       0x30 /tmp/cclHrJ76.ltrans8.ltrans.o
 .text.chMBResetI
                0x08008790       0x30 /tmp/cclHrJ76.ltrans8.ltrans.o
                0x08008790                chMBResetI
 .text.chSemReset
                0x080087c0       0x20 /tmp/cclHrJ76.ltrans8.ltrans.o
                0x080087c0                chSemReset
 .text.chThdExitS
                0x080087e0       0x50 /tmp/cclHrJ76.ltrans8.ltrans.o
                0x080087e0                chThdExitS
 .text.chSysIntegrityCheckI
                0x08008830       0xb0 /tmp/cclHrJ76.ltrans8.ltrans.o
                0x08008830                chSysIntegrityCheckI
 .text.chSysGetStatusAndLockX.part.1.4347
                0x080088e0       0x20 /tmp/cclHrJ76.ltrans8.ltrans.o
                0x080088e0                chSysGetStatusAndLockX.part.1.4347
 .text._unhandled_exception.4310
                0x08008900       0x10 /tmp/cclHrJ76.ltrans8.ltrans.o
                0x08008900                Vector58
                0x08008900                VectorE8
                0x08008900                Vector9C
                0x08008900                VectorAC
                0x08008900                DebugMon_Handler
                0x08008900                Vector5C
                0x08008900                Vector11C
                0x08008900                HardFault_Handler
                0x08008900                Vector19C
                0x08008900                Vector8C
                0x08008900                SysTick_Handler
                0x08008900                VectorDC
                0x08008900                PendSV_Handler
                0x08008900                Vector168
                0x08008900                NMI_Handler
                0x08008900                Vector110
                0x08008900                VectorC8
                0x08008900                Vector94
                0x08008900                VectorA8
                0x08008900                VectorB4
                0x08008900                Vector160
                0x08008900                UsageFault_Handler
                0x08008900                VectorEC
                0x08008900                Vector40
                0x08008900                VectorF8
                0x08008900                Vector108
                0x08008900                VectorBC
                0x08008900                Vector190
                0x08008900                Vector150
                0x08008900                Vector148
                0x08008900                Vector188
                0x08008900                Vector198
                0x08008900                Vector118
                0x08008900                Vector64
                0x08008900                VectorCC
                0x08008900                Vector54
                0x08008900                Vector98
                0x08008900                VectorD8
                0x08008900                Vector138
                0x08008900                Vector24
                0x08008900                Vector178
                0x08008900                VectorD0
                0x08008900                Vector140
                0x08008900                VectorE4
                0x08008900                VectorC0
                0x08008900                Vector158
                0x08008900                Vector134
                0x08008900                VectorF0
                0x08008900                Vector13C
                0x08008900                Vector100
                0x08008900                VectorE0
                0x08008900                VectorF4
                0x08008900                MemManage_Handler
                0x08008900                VectorA0
                0x08008900                VectorC4
                0x08008900                Vector180
                0x08008900                Vector90
                0x08008900                Vector114
                0x08008900                Vector164
                0x08008900                Vector60
                0x08008900                Vector1C
                0x08008900                Vector17C
                0x08008900                Vector48
                0x08008900                Vector16C
                0x08008900                Vector4C
                0x08008900                Vector144
                0x08008900                Vector15C
                0x08008900                Vector68
                0x08008900                Vector170
                0x08008900                Vector88
                0x08008900                Vector104
                0x08008900                Vector184
                0x08008900                Vector10C
                0x08008900                Vector14C
                0x08008900                BusFault_Handler
                0x08008900                Vector50
                0x08008900                Vector194
                0x08008900                Vector154
                0x08008900                Vector44
                0x08008900                Vector28
                0x08008900                VectorB8
                0x08008900                VectorFC
                0x08008900                Vector34
                0x08008900                VectorA4
                0x08008900                Vector20
                0x08008900                Vector18C
                0x08008900                Vector174
 .text.startup.main
                0x08008910      0x590 /tmp/cclHrJ76.ltrans9.ltrans.o
                0x08008910                main
 .text._sbrk_r  0x08008ea0       0x20 /tmp/cclHrJ76.ltrans9.ltrans.o
                0x08008ea0                _sbrk_r
 .text.__early_init
                0x08008ec0       0xa0 /tmp/cclHrJ76.ltrans9.ltrans.o
                0x08008ec0                __early_init
 .text.chThdExit
                0x08008f60       0x10 /tmp/cclHrJ76.ltrans9.ltrans.o
                0x08008f60                chThdExit
 .text.bmk_thread3.11542
                0x08008f70       0x10 /tmp/cclHrJ76.ltrans9.ltrans.o
                0x08008f70                bmk_thread3.11542
 .text.chSchDoReschedule
                0x08008f80       0x40 /tmp/cclHrJ76.ltrans9.ltrans.o
                0x08008f80                chSchDoReschedule
 .text.__init_ram_areas
                0x08008fc0       0x60 /tmp/cclHrJ76.ltrans9.ltrans.o
                0x08008fc0                __init_ram_areas
 .text.__default_exit
                0x08009020       0x10 /tmp/cclHrJ76.ltrans9.ltrans.o
                0x08009020                __default_exit
 .text.__late_init
                0x08009030       0x10 /tmp/cclHrJ76.ltrans9.ltrans.o
                0x08009030                __late_init
 .text.__core_init
                0x08009040       0x10 /tmp/cclHrJ76.ltrans9.ltrans.o
                0x08009040                __core_init
 .text.memset   0x08009050       0x94 /nfs/nfs5/home/research/hardware/arm2/gcc-arm-embedded/gcc-arm-none-eabi-4_8-2014q2/bin/../lib/gcc/arm-none-eabi/4.8.4/../../../../arm-none-eabi/lib/armv7e-m/libg.a(lib_a-memset.o)
                0x08009050                memset
 .text.snprintf
                0x080090e4       0x68 /nfs/nfs5/home/research/hardware/arm2/gcc-arm-embedded/gcc-arm-none-eabi-4_8-2014q2/bin/../lib/gcc/arm-none-eabi/4.8.4/../../../../arm-none-eabi/lib/armv7e-m/libg.a(lib_a-snprintf.o)
                0x080090e4                snprintf
 .text.strchr   0x0800914c       0xf4 /nfs/nfs5/home/research/hardware/arm2/gcc-arm-embedded/gcc-arm-none-eabi-4_8-2014q2/bin/../lib/gcc/arm-none-eabi/4.8.4/../../../../arm-none-eabi/lib/armv7e-m/libg.a(lib_a-strchr.o)
                0x0800914c                strchr
 .text.strpbrk  0x08009240       0x50 /nfs/nfs5/home/research/hardware/arm2/gcc-arm-embedded/gcc-arm-none-eabi-4_8-2014q2/bin/../lib/gcc/arm-none-eabi/4.8.4/../../../../arm-none-eabi/lib/armv7e-m/libg.a(lib_a-strpbrk.o)
                0x08009240                strpbrk
 .text.strspn   0x08009290       0x40 /nfs/nfs5/home/research/hardware/arm2/gcc-arm-embedded/gcc-arm-none-eabi-4_8-2014q2/bin/../lib/gcc/arm-none-eabi/4.8.4/../../../../arm-none-eabi/lib/armv7e-m/libg.a(lib_a-strspn.o)
                0x08009290                strspn
 .text._svfprintf_r
                0x080092d0     0x14f8 /nfs/nfs5/home/research/hardware/arm2/gcc-arm-embedded/gcc-arm-none-eabi-4_8-2014q2/bin/../lib/gcc/arm-none-eabi/4.8.4/../../../../arm-none-eabi/lib/armv7e-m/libg.a(lib_a-svfprintf.o)
                0x080092d0                _svfprintf_r
 .text.quorem   0x0800a7c8      0x130 /nfs/nfs5/home/research/hardware/arm2/gcc-arm-embedded/gcc-arm-none-eabi-4_8-2014q2/bin/../lib/gcc/arm-none-eabi/4.8.4/../../../../arm-none-eabi/lib/armv7e-m/libg.a(lib_a-dtoa.o)
 .text._dtoa_r  0x0800a8f8      0xe38 /nfs/nfs5/home/research/hardware/arm2/gcc-arm-embedded/gcc-arm-none-eabi-4_8-2014q2/bin/../lib/gcc/arm-none-eabi/4.8.4/../../../../arm-none-eabi/lib/armv7e-m/libg.a(lib_a-dtoa.o)
                0x0800a8f8                _dtoa_r
 .text._localeconv_r
                0x0800b730        0x8 /nfs/nfs5/home/research/hardware/arm2/gcc-arm-embedded/gcc-arm-none-eabi-4_8-2014q2/bin/../lib/gcc/arm-none-eabi/4.8.4/../../../../arm-none-eabi/lib/armv7e-m/libg.a(lib_a-locale.o)
                0x0800b730                _localeconv_r
 .text._malloc_r
                0x0800b738      0x538 /nfs/nfs5/home/research/hardware/arm2/gcc-arm-embedded/gcc-arm-none-eabi-4_8-2014q2/bin/../lib/gcc/arm-none-eabi/4.8.4/../../../../arm-none-eabi/lib/armv7e-m/libg.a(lib_a-mallocr.o)
                0x0800b738                _malloc_r
 .text.memchr   0x0800bc70       0x90 /nfs/nfs5/home/research/hardware/arm2/gcc-arm-embedded/gcc-arm-none-eabi-4_8-2014q2/bin/../lib/gcc/arm-none-eabi/4.8.4/../../../../arm-none-eabi/lib/armv7e-m/libg.a(lib_a-memchr-stub.o)
                0x0800bc70                memchr
 .text.__malloc_lock
                0x0800bd00        0x4 /nfs/nfs5/home/research/hardware/arm2/gcc-arm-embedded/gcc-arm-none-eabi-4_8-2014q2/bin/../lib/gcc/arm-none-eabi/4.8.4/../../../../arm-none-eabi/lib/armv7e-m/libg.a(lib_a-mlock.o)
                0x0800bd00                __malloc_lock
 .text.__malloc_unlock
                0x0800bd04        0x4 /nfs/nfs5/home/research/hardware/arm2/gcc-arm-embedded/gcc-arm-none-eabi-4_8-2014q2/bin/../lib/gcc/arm-none-eabi/4.8.4/../../../../arm-none-eabi/lib/armv7e-m/libg.a(lib_a-mlock.o)
                0x0800bd04                __malloc_unlock
 .text._Balloc  0x0800bd08       0x4c /nfs/nfs5/home/research/hardware/arm2/gcc-arm-embedded/gcc-arm-none-eabi-4_8-2014q2/bin/../lib/gcc/arm-none-eabi/4.8.4/../../../../arm-none-eabi/lib/armv7e-m/libg.a(lib_a-mprec.o)
                0x0800bd08                _Balloc
 .text._Bfree   0x0800bd54       0x14 /nfs/nfs5/home/research/hardware/arm2/gcc-arm-embedded/gcc-arm-none-eabi-4_8-2014q2/bin/../lib/gcc/arm-none-eabi/4.8.4/../../../../arm-none-eabi/lib/armv7e-m/libg.a(lib_a-mprec.o)
                0x0800bd54                _Bfree
 .text.__multadd
                0x0800bd68       0x98 /nfs/nfs5/home/research/hardware/arm2/gcc-arm-embedded/gcc-arm-none-eabi-4_8-2014q2/bin/../lib/gcc/arm-none-eabi/4.8.4/../../../../arm-none-eabi/lib/armv7e-m/libg.a(lib_a-mprec.o)
                0x0800bd68                __multadd
 .text.__hi0bits
                0x0800be00       0x40 /nfs/nfs5/home/research/hardware/arm2/gcc-arm-embedded/gcc-arm-none-eabi-4_8-2014q2/bin/../lib/gcc/arm-none-eabi/4.8.4/../../../../arm-none-eabi/lib/armv7e-m/libg.a(lib_a-mprec.o)
                0x0800be00                __hi0bits
 .text.__lo0bits
                0x0800be40       0x5c /nfs/nfs5/home/research/hardware/arm2/gcc-arm-embedded/gcc-arm-none-eabi-4_8-2014q2/bin/../lib/gcc/arm-none-eabi/4.8.4/../../../../arm-none-eabi/lib/armv7e-m/libg.a(lib_a-mprec.o)
                0x0800be40                __lo0bits
 .text.__i2b    0x0800be9c       0x14 /nfs/nfs5/home/research/hardware/arm2/gcc-arm-embedded/gcc-arm-none-eabi-4_8-2014q2/bin/../lib/gcc/arm-none-eabi/4.8.4/../../../../arm-none-eabi/lib/armv7e-m/libg.a(lib_a-mprec.o)
                0x0800be9c                __i2b
 .text.__multiply
                0x0800beb0      0x13c /nfs/nfs5/home/research/hardware/arm2/gcc-arm-embedded/gcc-arm-none-eabi-4_8-2014q2/bin/../lib/gcc/arm-none-eabi/4.8.4/../../../../arm-none-eabi/lib/armv7e-m/libg.a(lib_a-mprec.o)
                0x0800beb0                __multiply
 .text.__pow5mult
                0x0800bfec       0x9c /nfs/nfs5/home/research/hardware/arm2/gcc-arm-embedded/gcc-arm-none-eabi-4_8-2014q2/bin/../lib/gcc/arm-none-eabi/4.8.4/../../../../arm-none-eabi/lib/armv7e-m/libg.a(lib_a-mprec.o)
                0x0800bfec                __pow5mult
 .text.__lshift
                0x0800c088       0xbc /nfs/nfs5/home/research/hardware/arm2/gcc-arm-embedded/gcc-arm-none-eabi-4_8-2014q2/bin/../lib/gcc/arm-none-eabi/4.8.4/../../../../arm-none-eabi/lib/armv7e-m/libg.a(lib_a-mprec.o)
                0x0800c088                __lshift
 .text.__mcmp   0x0800c144       0x48 /nfs/nfs5/home/research/hardware/arm2/gcc-arm-embedded/gcc-arm-none-eabi-4_8-2014q2/bin/../lib/gcc/arm-none-eabi/4.8.4/../../../../arm-none-eabi/lib/armv7e-m/libg.a(lib_a-mprec.o)
                0x0800c144                __mcmp
 .text.__mdiff  0x0800c18c       0xd4 /nfs/nfs5/home/research/hardware/arm2/gcc-arm-embedded/gcc-arm-none-eabi-4_8-2014q2/bin/../lib/gcc/arm-none-eabi/4.8.4/../../../../arm-none-eabi/lib/armv7e-m/libg.a(lib_a-mprec.o)
                0x0800c18c                __mdiff
 .text.__d2b    0x0800c260       0xbc /nfs/nfs5/home/research/hardware/arm2/gcc-arm-embedded/gcc-arm-none-eabi-4_8-2014q2/bin/../lib/gcc/arm-none-eabi/4.8.4/../../../../arm-none-eabi/lib/armv7e-m/libg.a(lib_a-mprec.o)
                0x0800c260                __d2b
 .text.__fpclassifyd
                0x0800c31c       0x50 /nfs/nfs5/home/research/hardware/arm2/gcc-arm-embedded/gcc-arm-none-eabi-4_8-2014q2/bin/../lib/gcc/arm-none-eabi/4.8.4/../../../../arm-none-eabi/lib/armv7e-m/libg.a(lib_a-s_fpclassify.o)
                0x0800c31c                __fpclassifyd
 .text.strlen   0x0800c36c       0x60 /nfs/nfs5/home/research/hardware/arm2/gcc-arm-embedded/gcc-arm-none-eabi-4_8-2014q2/bin/../lib/gcc/arm-none-eabi/4.8.4/../../../../arm-none-eabi/lib/armv7e-m/libg.a(lib_a-strlen.o)
                0x0800c36c                strlen
 .text.__ssprint_r
                0x0800c3cc      0x100 /nfs/nfs5/home/research/hardware/arm2/gcc-arm-embedded/gcc-arm-none-eabi-4_8-2014q2/bin/../lib/gcc/arm-none-eabi/4.8.4/../../../../arm-none-eabi/lib/armv7e-m/libg.a(lib_a-svfiprintf.o)
                0x0800c3cc                __ssprint_r
 .text._calloc_r
                0x0800c4cc       0x60 /nfs/nfs5/home/research/hardware/arm2/gcc-arm-embedded/gcc-arm-none-eabi-4_8-2014q2/bin/../lib/gcc/arm-none-eabi/4.8.4/../../../../arm-none-eabi/lib/armv7e-m/libg.a(lib_a-callocr.o)
                0x0800c4cc                _calloc_r
 .text._malloc_trim_r
                0x0800c52c       0x9c /nfs/nfs5/home/research/hardware/arm2/gcc-arm-embedded/gcc-arm-none-eabi-4_8-2014q2/bin/../lib/gcc/arm-none-eabi/4.8.4/../../../../arm-none-eabi/lib/armv7e-m/libg.a(lib_a-freer.o)
                0x0800c52c                _malloc_trim_r
 .text._free_r  0x0800c5c8      0x19c /nfs/nfs5/home/research/hardware/arm2/gcc-arm-embedded/gcc-arm-none-eabi-4_8-2014q2/bin/../lib/gcc/arm-none-eabi/4.8.4/../../../../arm-none-eabi/lib/armv7e-m/libg.a(lib_a-freer.o)
                0x0800c5c8                _free_r
 .text.memmove  0x0800c764       0xc0 /nfs/nfs5/home/research/hardware/arm2/gcc-arm-embedded/gcc-arm-none-eabi-4_8-2014q2/bin/../lib/gcc/arm-none-eabi/4.8.4/../../../../arm-none-eabi/lib/armv7e-m/libg.a(lib_a-memmove.o)
                0x0800c764                memmove
 .text._realloc_r
                0x0800c824      0x3cc /nfs/nfs5/home/research/hardware/arm2/gcc-arm-embedded/gcc-arm-none-eabi-4_8-2014q2/bin/../lib/gcc/arm-none-eabi/4.8.4/../../../../arm-none-eabi/lib/armv7e-m/libg.a(lib_a-reallocr.o)
                0x0800c824                _realloc_r
 .text.atoi     0x0800cbf0        0x8 /nfs/nfs5/home/research/hardware/arm2/gcc-arm-embedded/gcc-arm-none-eabi-4_8-2014q2/bin/../lib/gcc/arm-none-eabi/4.8.4/../../../../arm-none-eabi/lib/armv7e-m/libg.a(lib_a-atoi.o)
                0x0800cbf0                atoi
 .text._strtol_r
                0x0800cbf8      0x114 /nfs/nfs5/home/research/hardware/arm2/gcc-arm-embedded/gcc-arm-none-eabi-4_8-2014q2/bin/../lib/gcc/arm-none-eabi/4.8.4/../../../../arm-none-eabi/lib/armv7e-m/libg.a(lib_a-strtol.o)
                0x0800cbf8                _strtol_r
 .text.strtol   0x0800cd0c       0x18 /nfs/nfs5/home/research/hardware/arm2/gcc-arm-embedded/gcc-arm-none-eabi-4_8-2014q2/bin/../lib/gcc/arm-none-eabi/4.8.4/../../../../arm-none-eabi/lib/armv7e-m/libg.a(lib_a-strtol.o)
                0x0800cd0c                strtol
 .text.pow      0x0800cd24      0x2f8 /nfs/nfs5/home/research/hardware/arm2/gcc-arm-embedded/gcc-arm-none-eabi-4_8-2014q2/bin/../lib/gcc/arm-none-eabi/4.8.4/../../../../arm-none-eabi/lib/armv7e-m/libm.a(lib_a-w_pow.o)
                0x0800cd24                pow
 *fill*         0x0800d01c        0x4 
 .text.__ieee754_pow
                0x0800d020      0xa78 /nfs/nfs5/home/research/hardware/arm2/gcc-arm-embedded/gcc-arm-none-eabi-4_8-2014q2/bin/../lib/gcc/arm-none-eabi/4.8.4/../../../../arm-none-eabi/lib/armv7e-m/libm.a(lib_a-e_pow.o)
                0x0800d020                __ieee754_pow
 .text.__ieee754_sqrt
                0x0800da98      0x180 /nfs/nfs5/home/research/hardware/arm2/gcc-arm-embedded/gcc-arm-none-eabi-4_8-2014q2/bin/../lib/gcc/arm-none-eabi/4.8.4/../../../../arm-none-eabi/lib/armv7e-m/libm.a(lib_a-e_sqrt.o)
                0x0800da98                __ieee754_sqrt
 .text.fabs     0x0800dc18        0x8 /nfs/nfs5/home/research/hardware/arm2/gcc-arm-embedded/gcc-arm-none-eabi-4_8-2014q2/bin/../lib/gcc/arm-none-eabi/4.8.4/../../../../arm-none-eabi/lib/armv7e-m/libm.a(lib_a-s_fabs.o)
                0x0800dc18                fabs
 .text.finite   0x0800dc20        0xc /nfs/nfs5/home/research/hardware/arm2/gcc-arm-embedded/gcc-arm-none-eabi-4_8-2014q2/bin/../lib/gcc/arm-none-eabi/4.8.4/../../../../arm-none-eabi/lib/armv7e-m/libm.a(lib_a-s_finite.o)
                0x0800dc20                finite
 .text.matherr  0x0800dc2c        0x4 /nfs/nfs5/home/research/hardware/arm2/gcc-arm-embedded/gcc-arm-none-eabi-4_8-2014q2/bin/../lib/gcc/arm-none-eabi/4.8.4/../../../../arm-none-eabi/lib/armv7e-m/libm.a(lib_a-s_matherr.o)
                0x0800dc2c                matherr
 .text.nan      0x0800dc30        0xc /nfs/nfs5/home/research/hardware/arm2/gcc-arm-embedded/gcc-arm-none-eabi-4_8-2014q2/bin/../lib/gcc/arm-none-eabi/4.8.4/../../../../arm-none-eabi/lib/armv7e-m/libm.a(lib_a-s_nan.o)
                0x0800dc30                nan
 .text.rint     0x0800dc3c      0x118 /nfs/nfs5/home/research/hardware/arm2/gcc-arm-embedded/gcc-arm-none-eabi-4_8-2014q2/bin/../lib/gcc/arm-none-eabi/4.8.4/../../../../arm-none-eabi/lib/armv7e-m/libm.a(lib_a-s_rint.o)
                0x0800dc3c                rint
 *fill*         0x0800dd54        0x4 
 .text.scalbn   0x0800dd58      0x118 /nfs/nfs5/home/research/hardware/arm2/gcc-arm-embedded/gcc-arm-none-eabi-4_8-2014q2/bin/../lib/gcc/arm-none-eabi/4.8.4/../../../../arm-none-eabi/lib/armv7e-m/libm.a(lib_a-s_scalbn.o)
                0x0800dd58                scalbn
 .text.copysign
                0x0800de70       0x14 /nfs/nfs5/home/research/hardware/arm2/gcc-arm-embedded/gcc-arm-none-eabi-4_8-2014q2/bin/../lib/gcc/arm-none-eabi/4.8.4/../../../../arm-none-eabi/lib/armv7e-m/libm.a(lib_a-s_copysign.o)
                0x0800de70                copysign
 .text.__errno  0x0800de84        0xc /nfs/nfs5/home/research/hardware/arm2/gcc-arm-embedded/gcc-arm-none-eabi-4_8-2014q2/bin/../lib/gcc/arm-none-eabi/4.8.4/../../../../arm-none-eabi/lib/armv7e-m/libg.a(lib_a-errno.o)
                0x0800de84                __errno
 *(.glue_7t)
 .glue_7t       0x00000000        0x0 linker stubs
 *(.glue_7)
 .glue_7        0x00000000        0x0 linker stubs
 *(.gcc*)

.vfp11_veneer   0x0800de90        0x0
 .vfp11_veneer  0x00000000        0x0 linker stubs

.v4_bx          0x0800de90        0x0
 .v4_bx         0x00000000        0x0 linker stubs

.iplt           0x0800de90        0x0
 .iplt          0x00000000        0x0 build/obj/crt0_v7m.o

.rodata         0x0800de90     0x22d0
                0x0800de90                . = ALIGN (0x4)
                0x0800de90                __rodata_base__ = .
 *(.rodata)
 *(.rodata.*)
 .rodata.pow10.12244.4434
                0x0800de90       0x24 /tmp/cclHrJ76.ltrans0.ltrans.o
 .rodata.str1.4
                0x0800deb4      0x3ac /tmp/cclHrJ76.ltrans0.ltrans.o
                                0x3b0 (size before relaxing)
 .rodata.states.7533.12091.4466
                0x0800e260       0x40 /tmp/cclHrJ76.ltrans1.ltrans.o
 .rodata.str1.4
                0x0800e2a0      0x2be /tmp/cclHrJ76.ltrans1.ltrans.o
                                0x2e4 (size before relaxing)
 *fill*         0x0800e55e        0x2 
 .rodata.evhndl.10774.4533
                0x0800e560        0xc /tmp/cclHrJ76.ltrans2.ltrans.o
 .rodata.str1.4
                0x0800e56c      0x143 /tmp/cclHrJ76.ltrans2.ltrans.o
                                0x174 (size before relaxing)
 *fill*         0x0800e6af        0x1 
 .rodata.test_002_003.9770.4763
                0x0800e6b0       0x10 /tmp/cclHrJ76.ltrans3.ltrans.o
 .rodata.test_012_011.11665.4848
                0x0800e6c0       0x10 /tmp/cclHrJ76.ltrans3.ltrans.o
 .rodata.test_006_001.10605.4794
                0x0800e6d0       0x10 /tmp/cclHrJ76.ltrans3.ltrans.o
 .rodata.test_007_004.10825.4807
                0x0800e6e0       0x10 /tmp/cclHrJ76.ltrans3.ltrans.o
 .rodata.test_sequence_010
                0x0800e6f0        0xc /tmp/cclHrJ76.ltrans3.ltrans.o
 .rodata.test_sequence_011
                0x0800e6fc        0xc /tmp/cclHrJ76.ltrans3.ltrans.o
 .rodata.test_010_002.11262.4825
                0x0800e708       0x10 /tmp/cclHrJ76.ltrans3.ltrans.o
 .rodata.test_011_001.11442.4827
                0x0800e718       0x10 /tmp/cclHrJ76.ltrans3.ltrans.o
 .rodata.test_002_004.9771.4764
                0x0800e728       0x10 /tmp/cclHrJ76.ltrans3.ltrans.o
 .rodata.test_002_002.9769.4762
                0x0800e738       0x10 /tmp/cclHrJ76.ltrans3.ltrans.o
 .rodata.wa     0x0800e748       0x14 /tmp/cclHrJ76.ltrans3.ltrans.o
                0x0800e748                wa
 .rodata.test_005_008.10447.4791
                0x0800e75c       0x10 /tmp/cclHrJ76.ltrans3.ltrans.o
 .rodata.test_sequence_004
                0x0800e76c       0x1c /tmp/cclHrJ76.ltrans3.ltrans.o
 .rodata.str1.4
                0x0800e788      0xbb9 /tmp/cclHrJ76.ltrans3.ltrans.o
                                0xbfc (size before relaxing)
 *fill*         0x0800f341        0x3 
 .rodata.test_012_005.11659.4842
                0x0800f344       0x10 /tmp/cclHrJ76.ltrans3.ltrans.o
 .rodata.test_010_001.11261.4820
                0x0800f354       0x10 /tmp/cclHrJ76.ltrans3.ltrans.o
 .rodata.test_007_003.10824.4806
                0x0800f364       0x10 /tmp/cclHrJ76.ltrans3.ltrans.o
 .rodata.test_001_004.9530.4755
                0x0800f374       0x10 /tmp/cclHrJ76.ltrans3.ltrans.o
 .rodata.test_001_002.9528.4753
                0x0800f384       0x10 /tmp/cclHrJ76.ltrans3.ltrans.o
 .rodata.test_012_009.11663.4846
                0x0800f394       0x10 /tmp/cclHrJ76.ltrans3.ltrans.o
 .rodata.test_005_001.10443.4783
                0x0800f3a4       0x10 /tmp/cclHrJ76.ltrans3.ltrans.o
 .rodata.test_012_010.11664.4847
                0x0800f3b4       0x10 /tmp/cclHrJ76.ltrans3.ltrans.o
 .rodata.test_009_003.11145.4818
                0x0800f3c4       0x10 /tmp/cclHrJ76.ltrans3.ltrans.o
 .rodata.test_005_007.10446.4790
                0x0800f3d4       0x10 /tmp/cclHrJ76.ltrans3.ltrans.o
 .rodata.test_007_002.10823.4805
                0x0800f3e4       0x10 /tmp/cclHrJ76.ltrans3.ltrans.o
 .rodata.test_012_008.11662.4845
                0x0800f3f4       0x10 /tmp/cclHrJ76.ltrans3.ltrans.o
 .rodata.test_sequence_012
                0x0800f404       0x34 /tmp/cclHrJ76.ltrans3.ltrans.o
 .rodata.test_sequence_002
                0x0800f438       0x14 /tmp/cclHrJ76.ltrans3.ltrans.o
 .rodata.test_sequence_003
                0x0800f44c        0x8 /tmp/cclHrJ76.ltrans3.ltrans.o
 .rodata.test_011_002.11443.4832
                0x0800f454       0x10 /tmp/cclHrJ76.ltrans3.ltrans.o
 .rodata.test_sequence_005
                0x0800f464       0x1c /tmp/cclHrJ76.ltrans3.ltrans.o
 .rodata.test_sequence_006
                0x0800f480        0x8 /tmp/cclHrJ76.ltrans3.ltrans.o
 .rodata.test_sequence_007
                0x0800f488       0x20 /tmp/cclHrJ76.ltrans3.ltrans.o
 .rodata.test_012_002.11656.4839
                0x0800f4a8       0x10 /tmp/cclHrJ76.ltrans3.ltrans.o
 .rodata.test_012_004.11658.4841
                0x0800f4b8       0x10 /tmp/cclHrJ76.ltrans3.ltrans.o
 .rodata.test_007_006.10827.4809
                0x0800f4c8       0x10 /tmp/cclHrJ76.ltrans3.ltrans.o
 .rodata.test_008_003.10990.4731
                0x0800f4d8       0x10 /tmp/cclHrJ76.ltrans3.ltrans.o
 .rodata.test_009_002.11144.4817
                0x0800f4e8       0x10 /tmp/cclHrJ76.ltrans3.ltrans.o
 .rodata.test_004_004.10205.4779
                0x0800f4f8       0x10 /tmp/cclHrJ76.ltrans3.ltrans.o
 .rodata.test_004_006.10207.4781
                0x0800f508       0x10 /tmp/cclHrJ76.ltrans3.ltrans.o
 .rodata.test_002_001.9768.4757
                0x0800f518       0x10 /tmp/cclHrJ76.ltrans3.ltrans.o
 .rodata.test_007_001.10822.4800
                0x0800f528       0x10 /tmp/cclHrJ76.ltrans3.ltrans.o
 .rodata.test_008_002.10989.4745
                0x0800f538       0x10 /tmp/cclHrJ76.ltrans3.ltrans.o
 .rodata.shell_local_commands
                0x0800f548       0x40 /tmp/cclHrJ76.ltrans3.ltrans.o
 .rodata.test_007_007.10828.4810
                0x0800f588       0x10 /tmp/cclHrJ76.ltrans3.ltrans.o
 .rodata.test_sequence_001
                0x0800f598       0x14 /tmp/cclHrJ76.ltrans3.ltrans.o
 .rodata.test_012_007.11661.4844
                0x0800f5ac       0x10 /tmp/cclHrJ76.ltrans3.ltrans.o
 .rodata.test_012_001.11655.4834
                0x0800f5bc       0x10 /tmp/cclHrJ76.ltrans3.ltrans.o
 .rodata.test_012_012.11666.4849
                0x0800f5cc       0x10 /tmp/cclHrJ76.ltrans3.ltrans.o
 .rodata.test_012_003.11657.4840
                0x0800f5dc       0x10 /tmp/cclHrJ76.ltrans3.ltrans.o
 .rodata.test_007_005.10826.4808
                0x0800f5ec       0x10 /tmp/cclHrJ76.ltrans3.ltrans.o
 .rodata.test_001_001.9527.4748
                0x0800f5fc       0x10 /tmp/cclHrJ76.ltrans3.ltrans.o
 .rodata.test_sequence_008
                0x0800f60c       0x10 /tmp/cclHrJ76.ltrans3.ltrans.o
 .rodata.test_004_003.10204.4778
                0x0800f61c       0x10 /tmp/cclHrJ76.ltrans3.ltrans.o
 .rodata.test_004_005.10206.4780
                0x0800f62c       0x10 /tmp/cclHrJ76.ltrans3.ltrans.o
 .rodata.test_004_001.10202.4772
                0x0800f63c       0x10 /tmp/cclHrJ76.ltrans3.ltrans.o
 .rodata.test_003_001.9959.4766
                0x0800f64c       0x10 /tmp/cclHrJ76.ltrans3.ltrans.o
 .rodata.test_sequence_009
                0x0800f65c       0x10 /tmp/cclHrJ76.ltrans3.ltrans.o
 .rodata.test_008_001.10988.4744
                0x0800f66c       0x10 /tmp/cclHrJ76.ltrans3.ltrans.o
 .rodata.test_005_005.10445.4789
                0x0800f67c       0x10 /tmp/cclHrJ76.ltrans3.ltrans.o
 .rodata.test_009_001.11143.4812
                0x0800f68c       0x10 /tmp/cclHrJ76.ltrans3.ltrans.o
 .rodata.test_012_006.11660.4843
                0x0800f69c       0x10 /tmp/cclHrJ76.ltrans3.ltrans.o
 .rodata.test_001_003.9529.4754
                0x0800f6ac       0x10 /tmp/cclHrJ76.ltrans3.ltrans.o
 .rodata.test_004_002.10203.4777
                0x0800f6bc       0x10 /tmp/cclHrJ76.ltrans3.ltrans.o
 .rodata.test_005_009.10448.4792
                0x0800f6cc       0x10 /tmp/cclHrJ76.ltrans3.ltrans.o
 .rodata.test_005_004.10444.4788
                0x0800f6dc       0x10 /tmp/cclHrJ76.ltrans3.ltrans.o
 .rodata.str1.4
                0x0800f6ec       0x78 /tmp/cclHrJ76.ltrans4.ltrans.o
                                 0xd0 (size before relaxing)
 .rodata.str1.4
                0x0800f764      0x13d /tmp/cclHrJ76.ltrans5.ltrans.o
                                0x1ec (size before relaxing)
 *fill*         0x0800f8a1        0x3 
 .rodata.str1.4
                0x0800f8a4       0xcf /tmp/cclHrJ76.ltrans6.ltrans.o
                                0x13c (size before relaxing)
 *fill*         0x0800f973        0x1 
 .rodata.str1.4
                0x0800f974      0x2a5 /tmp/cclHrJ76.ltrans7.ltrans.o
                                0x488 (size before relaxing)
 *fill*         0x0800fc19        0x1 
 .rodata.dummytx.8894.4620
                0x0800fc1a        0x2 /tmp/cclHrJ76.ltrans7.ltrans.o
 .rodata.shell_cfg1.12819.4890
                0x0800fc1c        0x8 /tmp/cclHrJ76.ltrans9.ltrans.o
 .rodata.vmt.8041.4908
                0x0800fc24       0x20 /tmp/cclHrJ76.ltrans9.ltrans.o
 .rodata.idle_descriptor.6380.4385.4847
                0x0800fc44       0x18 /tmp/cclHrJ76.ltrans9.ltrans.o
 .rodata._stm32_dma_streams
                0x0800fc5c       0xf0 /tmp/cclHrJ76.ltrans9.ltrans.o
 .rodata.ch_debug
                0x0800fd4c       0x18 /tmp/cclHrJ76.ltrans9.ltrans.o
 .rodata.str1.4
                0x0800fd64       0x71 /tmp/cclHrJ76.ltrans9.ltrans.o
                                 0x74 (size before relaxing)
 *fill*         0x0800fdd5        0x3 
 .rodata.commands.12821.4901
                0x0800fdd8       0x48 /tmp/cclHrJ76.ltrans9.ltrans.o
 .rodata.ram_areas.4024.4909
                0x0800fe20       0x80 /tmp/cclHrJ76.ltrans9.ltrans.o
 .rodata.zeroes.6763
                0x0800fea0       0x10 /nfs/nfs5/home/research/hardware/arm2/gcc-arm-embedded/gcc-arm-none-eabi-4_8-2014q2/bin/../lib/gcc/arm-none-eabi/4.8.4/../../../../arm-none-eabi/lib/armv7e-m/libg.a(lib_a-svfprintf.o)
 .rodata.str1.4
                0x0800feb0       0x35 /nfs/nfs5/home/research/hardware/arm2/gcc-arm-embedded/gcc-arm-none-eabi-4_8-2014q2/bin/../lib/gcc/arm-none-eabi/4.8.4/../../../../arm-none-eabi/lib/armv7e-m/libg.a(lib_a-svfprintf.o)
                                 0x44 (size before relaxing)
 *fill*         0x0800fee5        0x3 
 .rodata.blanks.6762
                0x0800fee8       0x10 /nfs/nfs5/home/research/hardware/arm2/gcc-arm-embedded/gcc-arm-none-eabi-4_8-2014q2/bin/../lib/gcc/arm-none-eabi/4.8.4/../../../../arm-none-eabi/lib/armv7e-m/libg.a(lib_a-svfprintf.o)
 .rodata.str1.4
                0x0800fef8       0x10 /nfs/nfs5/home/research/hardware/arm2/gcc-arm-embedded/gcc-arm-none-eabi-4_8-2014q2/bin/../lib/gcc/arm-none-eabi/4.8.4/../../../../arm-none-eabi/lib/armv7e-m/libg.a(lib_a-dtoa.o)
                                 0x14 (size before relaxing)
 .rodata.str1.4
                0x0800ff08        0xa /nfs/nfs5/home/research/hardware/arm2/gcc-arm-embedded/gcc-arm-none-eabi-4_8-2014q2/bin/../lib/gcc/arm-none-eabi/4.8.4/../../../../arm-none-eabi/lib/armv7e-m/libg.a(lib_a-locale.o)
                                 0x14 (size before relaxing)
 *fill*         0x0800ff12        0x6 
 .rodata.__mprec_tens
                0x0800ff18       0xc8 /nfs/nfs5/home/research/hardware/arm2/gcc-arm-embedded/gcc-arm-none-eabi-4_8-2014q2/bin/../lib/gcc/arm-none-eabi/4.8.4/../../../../arm-none-eabi/lib/armv7e-m/libg.a(lib_a-mprec.o)
                0x0800ff18                __mprec_tens
 .rodata.__mprec_bigtens
                0x0800ffe0       0x28 /nfs/nfs5/home/research/hardware/arm2/gcc-arm-embedded/gcc-arm-none-eabi-4_8-2014q2/bin/../lib/gcc/arm-none-eabi/4.8.4/../../../../arm-none-eabi/lib/armv7e-m/libg.a(lib_a-mprec.o)
                0x0800ffe0                __mprec_bigtens
 .rodata.p05.5269
                0x08010008        0xc /nfs/nfs5/home/research/hardware/arm2/gcc-arm-embedded/gcc-arm-none-eabi-4_8-2014q2/bin/../lib/gcc/arm-none-eabi/4.8.4/../../../../arm-none-eabi/lib/armv7e-m/libg.a(lib_a-mprec.o)
 .rodata._ctype_
                0x08010014      0x104 /nfs/nfs5/home/research/hardware/arm2/gcc-arm-embedded/gcc-arm-none-eabi-4_8-2014q2/bin/../lib/gcc/arm-none-eabi/4.8.4/../../../../arm-none-eabi/lib/armv7e-m/libg.a(lib_a-ctype_.o)
                0x08010014                _ctype_
 .rodata.str1.4
                0x08010118        0x2 /nfs/nfs5/home/research/hardware/arm2/gcc-arm-embedded/gcc-arm-none-eabi-4_8-2014q2/bin/../lib/gcc/arm-none-eabi/4.8.4/../../../../arm-none-eabi/lib/armv7e-m/libg.a(lib_a-impure.o)
                                  0x4 (size before relaxing)
 *fill*         0x0801011a        0x2 
 .rodata.str1.4
                0x0801011c        0x4 /nfs/nfs5/home/research/hardware/arm2/gcc-arm-embedded/gcc-arm-none-eabi-4_8-2014q2/bin/../lib/gcc/arm-none-eabi/4.8.4/../../../../arm-none-eabi/lib/armv7e-m/libm.a(lib_a-w_pow.o)
 .rodata.dp_h   0x08010120       0x10 /nfs/nfs5/home/research/hardware/arm2/gcc-arm-embedded/gcc-arm-none-eabi-4_8-2014q2/bin/../lib/gcc/arm-none-eabi/4.8.4/../../../../arm-none-eabi/lib/armv7e-m/libm.a(lib_a-e_pow.o)
 .rodata.dp_l   0x08010130       0x10 /nfs/nfs5/home/research/hardware/arm2/gcc-arm-embedded/gcc-arm-none-eabi-4_8-2014q2/bin/../lib/gcc/arm-none-eabi/4.8.4/../../../../arm-none-eabi/lib/armv7e-m/libm.a(lib_a-e_pow.o)
 .rodata.bp     0x08010140       0x10 /nfs/nfs5/home/research/hardware/arm2/gcc-arm-embedded/gcc-arm-none-eabi-4_8-2014q2/bin/../lib/gcc/arm-none-eabi/4.8.4/../../../../arm-none-eabi/lib/armv7e-m/libm.a(lib_a-e_pow.o)
 .rodata.str1.4
                0x00000000        0x4 /nfs/nfs5/home/research/hardware/arm2/gcc-arm-embedded/gcc-arm-none-eabi-4_8-2014q2/bin/../lib/gcc/arm-none-eabi/4.8.4/../../../../arm-none-eabi/lib/armv7e-m/libm.a(lib_a-e_pow.o)
 .rodata.TWO52  0x08010150       0x10 /nfs/nfs5/home/research/hardware/arm2/gcc-arm-embedded/gcc-arm-none-eabi-4_8-2014q2/bin/../lib/gcc/arm-none-eabi/4.8.4/../../../../arm-none-eabi/lib/armv7e-m/libm.a(lib_a-s_rint.o)
                0x08010160                . = ALIGN (0x4)
                0x08010160                __rodata_end__ = .

.ARM.extab
 *(.ARM.extab* .gnu.linkonce.armextab.*)

.ARM.exidx      0x08010160        0x8
                0x08010160                __exidx_start = .
 *(.ARM.exidx* .gnu.linkonce.armexidx.*)
 .ARM.exidx     0x08010160        0x8 /nfs/nfs5/home/research/hardware/arm2/gcc-arm-embedded/gcc-arm-none-eabi-4_8-2014q2/bin/../lib/gcc/arm-none-eabi/4.8.4/armv7e-m/libgcc.a(_divdi3.o)
 .ARM.exidx     0x08010168        0x0 /nfs/nfs5/home/research/hardware/arm2/gcc-arm-embedded/gcc-arm-none-eabi-4_8-2014q2/bin/../lib/gcc/arm-none-eabi/4.8.4/armv7e-m/libgcc.a(_udivdi3.o)
                                  0x8 (size before relaxing)
                0x08010168                __exidx_end = .

.rel.dyn        0x08010168        0x0
 .rel.iplt      0x00000000        0x0 build/obj/crt0_v7m.o

.eh_frame_hdr
 *(.eh_frame_hdr)

.eh_frame
 *(.eh_frame)
                0x20000000                __ram0_start__ = ORIGIN (ram0)
                0x0000a000                __ram0_size__ = 0xa000
                0x2000a000                __ram0_end__ = (__ram0_start__ + __ram0_size__)
                0x00000000                __ram1_start__ = ORIGIN (ram1)
                0x00000000                __ram1_size__ = 0x0
                0x00000000                __ram1_end__ = (__ram1_start__ + __ram1_size__)
                0x00000000                __ram2_start__ = ORIGIN (ram2)
                0x00000000                __ram2_size__ = 0x0
                0x00000000                __ram2_end__ = (__ram2_start__ + __ram2_size__)
                0x00000000                __ram3_start__ = ORIGIN (ram3)
                0x00000000                __ram3_size__ = 0x0
                0x00000000                __ram3_end__ = (__ram3_start__ + __ram3_size__)
                0x10000000                __ram4_start__ = ORIGIN (ram4)
                0x00002000                __ram4_size__ = 0x2000
                0x10002000                __ram4_end__ = (__ram4_start__ + __ram4_size__)
                0x00000000                __ram5_start__ = ORIGIN (ram5)
                0x00000000                __ram5_size__ = 0x0
                0x00000000                __ram5_end__ = (__ram5_start__ + __ram5_size__)
                0x00000000                __ram6_start__ = ORIGIN (ram6)
                0x00000000                __ram6_size__ = 0x0
                0x00000000                __ram6_end__ = (__ram6_start__ + __ram6_size__)
                0x00000000                __ram7_start__ = ORIGIN (ram7)
                0x00000000                __ram7_size__ = 0x0
                0x00000000                __ram7_end__ = (__ram7_start__ + __ram7_size__)

.data           0x20000800      0x950 load address 0x08010168
                0x20000800                . = ALIGN (0x4)
                0x08010168                PROVIDE (_textdata, LOADADDR (.data))
                0x20000800                PROVIDE (_data, .)
                0x08010168                _textdata_start = LOADADDR (.data)
                0x20000800                _data_start = .
 *(.data)
 *(.data.*)
 .data.mp1.11133
                0x20000800        0xc /tmp/cclHrJ76.ltrans1.ltrans.o
                0x20000800                mp1.11133
 .data.gmp1.11132
                0x2000080c       0x18 /tmp/cclHrJ76.ltrans1.ltrans.o
                0x2000080c                gmp1.11132
 .data.gyro_cfg.12818
                0x20000824       0x10 /tmp/cclHrJ76.ltrans3.ltrans.o
                0x20000824                gyro_cfg.12818
 .data.mb1.10978
                0x20000834       0x28 /tmp/cclHrJ76.ltrans3.ltrans.o
                0x20000834                mb1.10978
 .data.test_suite
                0x2000085c       0x34 /tmp/cclHrJ76.ltrans3.ltrans.o
                0x2000085c                test_suite
 .data.m1.10395
                0x20000890       0x10 /tmp/cclHrJ76.ltrans4.ltrans.o
                0x20000890                m1.10395
 .data.c1.10393
                0x200008a0        0x8 /tmp/cclHrJ76.ltrans4.ltrans.o
                0x200008a0                c1.10393
 .data.m2.10394
                0x200008a8       0x10 /tmp/cclHrJ76.ltrans4.ltrans.o
                0x200008a8                m2.10394
 .data.es2.10772
                0x200008b8        0x4 /tmp/cclHrJ76.ltrans7.ltrans.o
                0x200008b8                es2.10772
 .data.pressure_cfg.12817.4619
                0x200008bc       0x10 /tmp/cclHrJ76.ltrans7.ltrans.o
 .data.es1.10773
                0x200008cc        0x4 /tmp/cclHrJ76.ltrans7.ltrans.o
                0x200008cc                es1.10773
 .data.lconv    0x200008d0       0x38 /nfs/nfs5/home/research/hardware/arm2/gcc-arm-embedded/gcc-arm-none-eabi-4_8-2014q2/bin/../lib/gcc/arm-none-eabi/4.8.4/../../../../arm-none-eabi/lib/armv7e-m/libg.a(lib_a-locale.o)
 .data.__malloc_av_
                0x20000908      0x408 /nfs/nfs5/home/research/hardware/arm2/gcc-arm-embedded/gcc-arm-none-eabi-4_8-2014q2/bin/../lib/gcc/arm-none-eabi/4.8.4/../../../../arm-none-eabi/lib/armv7e-m/libg.a(lib_a-mallocr.o)
                0x20000908                __malloc_av_
 .data.__malloc_trim_threshold
                0x20000d10        0x4 /nfs/nfs5/home/research/hardware/arm2/gcc-arm-embedded/gcc-arm-none-eabi-4_8-2014q2/bin/../lib/gcc/arm-none-eabi/4.8.4/../../../../arm-none-eabi/lib/armv7e-m/libg.a(lib_a-mallocr.o)
                0x20000d10                __malloc_trim_threshold
 .data.__malloc_sbrk_base
                0x20000d14        0x4 /nfs/nfs5/home/research/hardware/arm2/gcc-arm-embedded/gcc-arm-none-eabi-4_8-2014q2/bin/../lib/gcc/arm-none-eabi/4.8.4/../../../../arm-none-eabi/lib/armv7e-m/libg.a(lib_a-mallocr.o)
                0x20000d14                __malloc_sbrk_base
 .data.__ctype_ptr__
                0x20000d18        0x4 /nfs/nfs5/home/research/hardware/arm2/gcc-arm-embedded/gcc-arm-none-eabi-4_8-2014q2/bin/../lib/gcc/arm-none-eabi/4.8.4/../../../../arm-none-eabi/lib/armv7e-m/libg.a(lib_a-ctype_.o)
                0x20000d18                __ctype_ptr__
 *fill*         0x20000d1c        0x4 
 .data.impure_data
                0x20000d20      0x428 /nfs/nfs5/home/research/hardware/arm2/gcc-arm-embedded/gcc-arm-none-eabi-4_8-2014q2/bin/../lib/gcc/arm-none-eabi/4.8.4/../../../../arm-none-eabi/lib/armv7e-m/libg.a(lib_a-impure.o)
 .data._impure_ptr
                0x20001148        0x4 /nfs/nfs5/home/research/hardware/arm2/gcc-arm-embedded/gcc-arm-none-eabi-4_8-2014q2/bin/../lib/gcc/arm-none-eabi/4.8.4/../../../../arm-none-eabi/lib/armv7e-m/libg.a(lib_a-impure.o)
                0x20001148                _impure_ptr
 .data.__fdlib_version
                0x2000114c        0x1 /nfs/nfs5/home/research/hardware/arm2/gcc-arm-embedded/gcc-arm-none-eabi-4_8-2014q2/bin/../lib/gcc/arm-none-eabi/4.8.4/../../../../arm-none-eabi/lib/armv7e-m/libm.a(lib_a-s_lib_ver.o)
                0x2000114c                __fdlib_version
 *(.ramtext)
                0x20001150                . = ALIGN (0x4)
 *fill*         0x2000114d        0x3 
                0x20001150                PROVIDE (_edata, .)
                0x20001150                _data_end = .

.igot.plt       0x20001150        0x0 load address 0x08010ab8
 .igot.plt      0x00000000        0x0 build/obj/crt0_v7m.o

.bss            0x20001150     0x476c load address 0x08010ab8
                0x20001150                . = ALIGN (0x4)
                0x20001150                _bss_start = .
 *(.bss)
 *(.bss.*)
 .bss.heap1.11392
                0x20001150       0x20 /tmp/cclHrJ76.ltrans1.ltrans.o
                0x20001150                heap1.11392
 .bss.objects.11134.4421
                0x20001170       0x10 /tmp/cclHrJ76.ltrans1.ltrans.o
 .bss.mp1.11391
                0x20001180        0xc /tmp/cclHrJ76.ltrans1.ltrans.o
                0x20001180                mp1.11391
 .bss.sem1.11613
                0x2000118c        0xc /tmp/cclHrJ76.ltrans1.ltrans.o
                0x2000118c                sem1.11613
 .bss.test_heap.4589
                0x20001198       0x20 /tmp/cclHrJ76.ltrans2.ltrans.o
 .bss.dummyrx.8893.4591
                0x200011b8        0x2 /tmp/cclHrJ76.ltrans2.ltrans.o
 *fill*         0x200011ba        0x6 
 .bss.test_buffer
                0x200011c0      0x668 /tmp/cclHrJ76.ltrans3.ltrans.o
                0x200011c0                test_buffer
 .bss.mb_buffer.10979
                0x20001828       0x10 /tmp/cclHrJ76.ltrans3.ltrans.o
                0x20001828                mb_buffer.10979
 .bss.test_step
                0x20001838        0x4 /tmp/cclHrJ76.ltrans3.ltrans.o
                0x20001838                test_step
 .bss.threads   0x2000183c       0x14 /tmp/cclHrJ76.ltrans3.ltrans.o
                0x2000183c                threads
 .bss.mtx1.11612
                0x20001850       0x10 /tmp/cclHrJ76.ltrans4.ltrans.o
                0x20001850                mtx1.11612
 .bss.test_tokp.9263
                0x20001860        0x4 /tmp/cclHrJ76.ltrans5.ltrans.o
                0x20001860                test_tokp.9263
 .bss.test_local_fail.9265
                0x20001864        0x1 /tmp/cclHrJ76.ltrans5.ltrans.o
                0x20001864                test_local_fail.9265
 *fill*         0x20001865        0x3 
 .bss.test_failure_message.9267
                0x20001868        0x4 /tmp/cclHrJ76.ltrans5.ltrans.o
                0x20001868                test_failure_message.9267
 .bss.test_chp.9262
                0x2000186c        0x4 /tmp/cclHrJ76.ltrans5.ltrans.o
                0x2000186c                test_chp.9262
 .bss.test_tokens_buffer.9264
                0x20001870       0x10 /tmp/cclHrJ76.ltrans5.ltrans.o
                0x20001870                test_tokens_buffer.9264
 .bss.test_global_fail
                0x20001880        0x1 /tmp/cclHrJ76.ltrans5.ltrans.o
                0x20001880                test_global_fail
 *fill*         0x20001881        0x3 
 .bss.vt1.7229.11615.4384
                0x20001884       0x14 /tmp/cclHrJ76.ltrans6.ltrans.o
 .bss.vt2.7230.11614.4385
                0x20001898       0x14 /tmp/cclHrJ76.ltrans6.ltrans.o
 .bss.log_counter.12826
                0x200018ac        0x4 /tmp/cclHrJ76.ltrans7.ltrans.o
                0x200018ac                log_counter.12826
 .bss.master_log.12825
                0x200018b0     0x3a98 /tmp/cclHrJ76.ltrans7.ltrans.o
                0x200018b0                master_log.12825
 .bss.is_logging.12824
                0x20005348        0x4 /tmp/cclHrJ76.ltrans7.ltrans.o
                0x20005348                is_logging.12824
 .bss.sem1.10154
                0x2000534c        0xc /tmp/cclHrJ76.ltrans7.ltrans.o
                0x2000534c                sem1.10154
 .bss.tr1.9911  0x20005358        0x4 /tmp/cclHrJ76.ltrans7.ltrans.o
                0x20005358                tr1.9911
 *fill*         0x2000535c        0x4 
 .bss.waStarterThread.12823.4888
                0x20005360      0x148 /tmp/cclHrJ76.ltrans9.ltrans.o
 .bss.nextmem.6820
                0x200054a8        0x4 /tmp/cclHrJ76.ltrans9.ltrans.o
                0x200054a8                nextmem.6820
 .bss.ch        0x200054ac       0x78 /tmp/cclHrJ76.ltrans9.ltrans.o
                0x200054ac                ch
 .bss.sd_in_buf1.9119.4873
                0x20005524       0x10 /tmp/cclHrJ76.ltrans9.ltrans.o
 .bss.SPID1     0x20005534       0x30 /tmp/cclHrJ76.ltrans9.ltrans.o
                0x20005534                SPID1
 .bss.SD1       0x20005564       0x60 /tmp/cclHrJ76.ltrans9.ltrans.o
                0x20005564                SD1
 .bss.endmem.6824
                0x200055c4        0x4 /tmp/cclHrJ76.ltrans9.ltrans.o
                0x200055c4                endmem.6824
 .bss.waLoggerThread.12822.4889
                0x200055c8      0x148 /tmp/cclHrJ76.ltrans9.ltrans.o
 .bss._stm32_dma_isr_redir
                0x20005710       0x60 /tmp/cclHrJ76.ltrans9.ltrans.o
                0x20005710                _stm32_dma_isr_redir
 .bss.dma_streams_mask.8517
                0x20005770        0x4 /tmp/cclHrJ76.ltrans9.ltrans.o
                0x20005770                dma_streams_mask.8517
 *fill*         0x20005774        0x4 