Archive member included because of file (symbol)

/l/arm2/gcc-arm-none-eabi-4_9-2014q4/bin/../lib/gcc/arm-none-eabi/4.9.3/armv7e-m/libgcc.a(_arm_addsubdf3.o)
                              /tmp/ccWl1sOd.ltrans7.ltrans.o (__aeabi_dsub)
/l/arm2/gcc-arm-none-eabi-4_9-2014q4/bin/../lib/gcc/arm-none-eabi/4.9.3/armv7e-m/libgcc.a(_arm_muldivdf3.o)
                              /tmp/ccWl1sOd.ltrans7.ltrans.o (__aeabi_dmul)
/l/arm2/gcc-arm-none-eabi-4_9-2014q4/bin/../lib/gcc/arm-none-eabi/4.9.3/armv7e-m/libgcc.a(_arm_fixdfsi.o)
                              /tmp/ccWl1sOd.ltrans7.ltrans.o (__aeabi_d2iz)
/l/arm2/gcc-arm-none-eabi-4_9-2014q4/bin/../lib/gcc/arm-none-eabi/4.9.3/armv7e-m/libgcc.a(_arm_truncdfsf2.o)
                              /tmp/ccWl1sOd.ltrans7.ltrans.o (__aeabi_d2f)
/l/arm2/gcc-arm-none-eabi-4_9-2014q4/bin/../lib/gcc/arm-none-eabi/4.9.3/armv7e-m/libgcc.a(_arm_cmpsf2.o)
                              /tmp/ccWl1sOd.ltrans7.ltrans.o (__aeabi_fcmplt)
/l/arm2/gcc-arm-none-eabi-4_9-2014q4/bin/../lib/gcc/arm-none-eabi/4.9.3/armv7e-m/libgcc.a(_arm_fixsfsi.o)
                              /tmp/ccWl1sOd.ltrans7.ltrans.o (__aeabi_f2iz)
/l/arm2/gcc-arm-none-eabi-4_9-2014q4/bin/../lib/gcc/arm-none-eabi/4.9.3/../../../../arm-none-eabi/lib/armv7e-m/libg.a(lib_a-strchr.o)
                              /tmp/ccWl1sOd.ltrans1.ltrans.o (strchr)
/l/arm2/gcc-arm-none-eabi-4_9-2014q4/bin/../lib/gcc/arm-none-eabi/4.9.3/../../../../arm-none-eabi/lib/armv7e-m/libg.a(lib_a-strcmp.o)
                              /tmp/ccWl1sOd.ltrans1.ltrans.o (strcmp)
/l/arm2/gcc-arm-none-eabi-4_9-2014q4/bin/../lib/gcc/arm-none-eabi/4.9.3/../../../../arm-none-eabi/lib/armv7e-m/libg.a(lib_a-strpbrk.o)
                              /tmp/ccWl1sOd.ltrans1.ltrans.o (strpbrk)
/l/arm2/gcc-arm-none-eabi-4_9-2014q4/bin/../lib/gcc/arm-none-eabi/4.9.3/../../../../arm-none-eabi/lib/armv7e-m/libg.a(lib_a-strspn.o)
                              /tmp/ccWl1sOd.ltrans1.ltrans.o (strspn)

Discarded input sections

 .data          0x00000000        0x0 build/obj/crt0_v7m.o
 .bss           0x00000000        0x0 build/obj/crt0_v7m.o
 .data          0x00000000        0x0 build/obj/chcoreasm_v7m.o
 .bss           0x00000000        0x0 build/obj/chcoreasm_v7m.o
 .text          0x00000000        0x0 build/obj/crt1.o (symbol from plugin)
 .text          0x00000000        0x0 /tmp/ccWl1sOd.ltrans0.ltrans.o
 .data          0x00000000        0x0 /tmp/ccWl1sOd.ltrans0.ltrans.o
 .bss           0x00000000        0x0 /tmp/ccWl1sOd.ltrans0.ltrans.o
 .text          0x00000000        0x0 /tmp/ccWl1sOd.ltrans1.ltrans.o
 .data          0x00000000        0x0 /tmp/ccWl1sOd.ltrans1.ltrans.o
 .bss           0x00000000        0x0 /tmp/ccWl1sOd.ltrans1.ltrans.o
 .text          0x00000000        0x0 /tmp/ccWl1sOd.ltrans2.ltrans.o
 .data          0x00000000        0x0 /tmp/ccWl1sOd.ltrans2.ltrans.o
 .bss           0x00000000        0x0 /tmp/ccWl1sOd.ltrans2.ltrans.o
 .text          0x00000000        0x0 /tmp/ccWl1sOd.ltrans3.ltrans.o
 .data          0x00000000        0x0 /tmp/ccWl1sOd.ltrans3.ltrans.o
 .bss           0x00000000        0x0 /tmp/ccWl1sOd.ltrans3.ltrans.o
 .text          0x00000000        0x0 /tmp/ccWl1sOd.ltrans4.ltrans.o
 .data          0x00000000        0x0 /tmp/ccWl1sOd.ltrans4.ltrans.o
 .bss           0x00000000        0x0 /tmp/ccWl1sOd.ltrans4.ltrans.o
 .text          0x00000000        0x0 /tmp/ccWl1sOd.ltrans5.ltrans.o
 .data          0x00000000        0x0 /tmp/ccWl1sOd.ltrans5.ltrans.o
 .bss           0x00000000        0x0 /tmp/ccWl1sOd.ltrans5.ltrans.o
 .text          0x00000000        0x0 /tmp/ccWl1sOd.ltrans6.ltrans.o
 .data          0x00000000        0x0 /tmp/ccWl1sOd.ltrans6.ltrans.o
 .bss           0x00000000        0x0 /tmp/ccWl1sOd.ltrans6.ltrans.o
 .text          0x00000000        0x0 /tmp/ccWl1sOd.ltrans7.ltrans.o
 .data          0x00000000        0x0 /tmp/ccWl1sOd.ltrans7.ltrans.o
 .bss           0x00000000        0x0 /tmp/ccWl1sOd.ltrans7.ltrans.o
 .text          0x00000000        0x0 /tmp/ccWl1sOd.ltrans8.ltrans.o
 .data          0x00000000        0x0 /tmp/ccWl1sOd.ltrans8.ltrans.o
 .bss           0x00000000        0x0 /tmp/ccWl1sOd.ltrans8.ltrans.o
 .data          0x00000000        0x0 /l/arm2/gcc-arm-none-eabi-4_9-2014q4/bin/../lib/gcc/arm-none-eabi/4.9.3/armv7e-m/libgcc.a(_arm_addsubdf3.o)
 .bss           0x00000000        0x0 /l/arm2/gcc-arm-none-eabi-4_9-2014q4/bin/../lib/gcc/arm-none-eabi/4.9.3/armv7e-m/libgcc.a(_arm_addsubdf3.o)
 .data          0x00000000        0x0 /l/arm2/gcc-arm-none-eabi-4_9-2014q4/bin/../lib/gcc/arm-none-eabi/4.9.3/armv7e-m/libgcc.a(_arm_muldivdf3.o)
 .bss           0x00000000        0x0 /l/arm2/gcc-arm-none-eabi-4_9-2014q4/bin/../lib/gcc/arm-none-eabi/4.9.3/armv7e-m/libgcc.a(_arm_muldivdf3.o)
 .data          0x00000000        0x0 /l/arm2/gcc-arm-none-eabi-4_9-2014q4/bin/../lib/gcc/arm-none-eabi/4.9.3/armv7e-m/libgcc.a(_arm_fixdfsi.o)
[...]
Memory Configuration

Name             Origin             Length             Attributes
flash0           0x08000000         0x00040000
flash1           0x00000000         0x00000000
flash2           0x00000000         0x00000000
flash3           0x00000000         0x00000000
flash4           0x00000000         0x00000000
flash5           0x00000000         0x00000000
flash6           0x00000000         0x00000000
flash7           0x00000000         0x00000000
ram0             0x20000000         0x0000a000
ram1             0x00000000         0x00000000
ram2             0x00000000         0x00000000
ram3             0x00000000         0x00000000
ram4             0x10000000         0x00002000
ram5             0x00000000         0x00000000
ram6             0x00000000         0x00000000
ram7             0x00000000         0x00000000
*default*        0x00000000         0xffffffff

Linker script and memory map

LOAD build/obj/crt0_v7m.o
LOAD build/obj/chcoreasm_v7m.o
LOAD build/obj/crt1.o
LOAD /tmp/ccWl1sOd.ltrans0.ltrans.o
LOAD /tmp/ccWl1sOd.ltrans1.ltrans.o
LOAD /tmp/ccWl1sOd.ltrans2.ltrans.o
LOAD /tmp/ccWl1sOd.ltrans3.ltrans.o
LOAD /tmp/ccWl1sOd.ltrans4.ltrans.o
LOAD /tmp/ccWl1sOd.ltrans5.ltrans.o
LOAD /tmp/ccWl1sOd.ltrans6.ltrans.o
LOAD /tmp/ccWl1sOd.ltrans7.ltrans.o
LOAD /tmp/ccWl1sOd.ltrans8.ltrans.o
LOAD /l/arm2/gcc-arm-none-eabi-4_9-2014q4/bin/../lib/gcc/arm-none-eabi/4.9.3/armv7e-m/libgcc.a
LOAD /l/arm2/gcc-arm-none-eabi-4_9-2014q4/bin/../lib/gcc/arm-none-eabi/4.9.3/../../../../arm-none-eabi/lib/armv7e-m/libg.a
LOAD /l/arm2/gcc-arm-none-eabi-4_9-2014q4/bin/../lib/gcc/arm-none-eabi/4.9.3/../../../../arm-none-eabi/lib/armv7e-m/libc.a
LOAD build/obj/vectors.o
LOAD build/obj/chsys.o
LOAD build/obj/chdebug.o
LOAD build/obj/chtrace.o
LOAD build/obj/chvt.o
LOAD build/obj/chschd.o
LOAD build/obj/chthreads.o
LOAD build/obj/chtm.o
LOAD build/obj/chregistry.o
LOAD build/obj/chsem.o
LOAD build/obj/chmtx.o
LOAD build/obj/chcond.o
LOAD build/obj/chevents.o
LOAD build/obj/chmsg.o
LOAD build/obj/chdynamic.o
LOAD build/obj/chmboxes.o
LOAD build/obj/chmemcore.o
LOAD build/obj/chheap.o
LOAD build/obj/chmempools.o
LOAD build/obj/chcore.o
LOAD build/obj/chcore_v7m.o
LOAD build/obj/osal.o
LOAD build/obj/hal.o
LOAD build/obj/hal_st.o
LOAD build/obj/hal_buffers.o
LOAD build/obj/hal_queues.o
LOAD build/obj/hal_mmcsd.o
LOAD build/obj/hal_pal.o
LOAD build/obj/hal_serial.o
LOAD build/obj/nvic.o
LOAD build/obj/hal_lld.o
LOAD build/obj/stm32_dma.o
LOAD build/obj/hal_st_lld.o
LOAD build/obj/hal_pal_lld.o
LOAD build/obj/hal_serial_lld.o
LOAD build/obj/board.o
LOAD build/obj/ch_test.o
LOAD build/obj/test_root.o
LOAD build/obj/test_sequence_001.o
LOAD build/obj/test_sequence_002.o
LOAD build/obj/test_sequence_003.o
LOAD build/obj/test_sequence_004.o
LOAD build/obj/test_sequence_005.o
LOAD build/obj/test_sequence_006.o
LOAD build/obj/test_sequence_007.o
LOAD build/obj/test_sequence_008.o
LOAD build/obj/test_sequence_009.o
LOAD build/obj/test_sequence_010.o
LOAD build/obj/test_sequence_011.o
LOAD build/obj/test_sequence_012.o
LOAD build/obj/shell.o
LOAD build/obj/shell_cmd.o
LOAD build/obj/chprintf.o
LOAD build/obj/main.o

.mstack         0x20000000      0x400
                0x20000000                . = ALIGN (0x8)
                0x20000000                __main_stack_base__ = .
                0x20000400                . = (. + __main_stack_size__)
 *fill*         0x20000000      0x400 
                0x20000400                . = ALIGN (0x8)
                0x20000400                __main_stack_end__ = .

.pstack         0x20000400      0x400
                0x20000400                __process_stack_base__ = .
                0x20000400                __main_thread_stack_base__ = .
                0x20000800                . = (. + __process_stack_size__)
 *fill*         0x20000400      0x400 
                0x20000800                . = ALIGN (0x8)
                0x20000800                __process_stack_end__ = .
                0x20000800                __main_thread_stack_end__ = .

.vectors        0x08000000      0x200
 *(.vectors)
 .vectors       0x08000000      0x200 /tmp/ccWl1sOd.ltrans3.ltrans.o
                0x08000000                _vectors

.xtors          0x08000200        0x0
                0x08000200                __init_array_start = .
 *(SORT(.init_array.*))
 *(.init_array)
                0x08000200                __init_array_end = .
                0x08000200                __fini_array_start = .
 *(.fini_array)
 *(SORT(.fini_array.*))
                0x08000200                __fini_array_end = .

.text           0x08000200     0x7728
 *(.text)
 .text          0x08000200       0xd4 build/obj/crt0_v7m.o
                0x08000200                Reset_Handler
 .text          0x080002d4       0x28 build/obj/chcoreasm_v7m.o
                0x080002d4                _port_switch
                0x080002e4                _port_thread_start
                0x080002f4                _port_switch_from_isr
                0x080002f8                _port_exit_from_isr
 .text          0x080002fc      0x370 /l/arm2/gcc-arm-none-eabi-4_9-2014q4/bin/../lib/gcc/arm-none-eabi/4.9.3/armv7e-m/libgcc.a(_arm_addsubdf3.o)
                0x080002fc                __aeabi_drsub
                0x08000304                __aeabi_dsub
                0x08000304                __subdf3
                0x08000308                __adddf3
                0x08000308                __aeabi_dadd
                0x08000580                __aeabi_ui2d
                0x08000580                __floatunsidf
                0x080005a0                __floatsidf
                0x080005a0                __aeabi_i2d
                0x080005c4                __extendsfdf2
                0x080005c4                __aeabi_f2d
                0x08000600                __aeabi_ul2d
                0x08000600                __floatundidf
                0x08000610                __floatdidf
                0x08000610                __aeabi_l2d
 .text          0x0800066c      0x424 /l/arm2/gcc-arm-none-eabi-4_9-2014q4/bin/../lib/gcc/arm-none-eabi/4.9.3/armv7e-m/libgcc.a(_arm_muldivdf3.o)
                0x0800066c                __aeabi_dmul
                0x0800066c                __muldf3
                0x080008c0                __aeabi_ddiv
                0x080008c0                __divdf3
 .text          0x08000a90       0x50 /l/arm2/gcc-arm-none-eabi-4_9-2014q4/bin/../lib/gcc/arm-none-eabi/4.9.3/armv7e-m/libgcc.a(_arm_fixdfsi.o)
                0x08000a90                __fixdfsi
                0x08000a90                __aeabi_d2iz
 .text          0x08000ae0       0xa0 /l/arm2/gcc-arm-none-eabi-4_9-2014q4/bin/../lib/gcc/arm-none-eabi/4.9.3/armv7e-m/libgcc.a(_arm_truncdfsf2.o)
                0x08000ae0                __aeabi_d2f
                0x08000ae0                __truncdfsf2
 .text          0x08000b80       0xec /l/arm2/gcc-arm-none-eabi-4_9-2014q4/bin/../lib/gcc/arm-none-eabi/4.9.3/armv7e-m/libgcc.a(_arm_cmpsf2.o)
                0x08000b80                __gtsf2
                0x08000b80                __gesf2
                0x08000b88                __lesf2
                0x08000b88                __ltsf2
                0x08000b90                __nesf2
                0x08000b90                __eqsf2
                0x08000b90                __cmpsf2
                0x08000bf0                __aeabi_cfrcmple
                0x08000bf8                __aeabi_cfcmple
                0x08000bf8                __aeabi_cfcmpeq
                0x08000c08                __aeabi_fcmpeq
                0x08000c1c                __aeabi_fcmplt
                0x08000c30                __aeabi_fcmple
                0x08000c44                __aeabi_fcmpge
                0x08000c58                __aeabi_fcmpgt
 .text          0x08000c6c       0x4c /l/arm2/gcc-arm-none-eabi-4_9-2014q4/bin/../lib/gcc/arm-none-eabi/4.9.3/armv7e-m/libgcc.a(_arm_fixsfsi.o)
                0x08000c6c                __fixsfsi
                0x08000c6c                __aeabi_f2iz
 *fill*         0x08000cb8        0x8 
 .text          0x08000cc0      0x2e0 /l/arm2/gcc-arm-none-eabi-4_9-2014q4/bin/../lib/gcc/arm-none-eabi/4.9.3/../../../../arm-none-eabi/lib/armv7e-m/libg.a(lib_a-strcmp.o)
                0x08000cc8                strcmp
 *(.text.*)
 .text.test_008_002_setup.lto_priv.169
                0x08000fa0       0x40 /tmp/ccWl1sOd.ltrans0.ltrans.o
                0x08000fa0                test_008_002_setup.lto_priv.169
 .text.test_008_001_setup.lto_priv.166
                0x08000fe0       0x40 /tmp/ccWl1sOd.ltrans0.ltrans.o
                0x08000fe0                test_008_001_setup.lto_priv.166
 .text.test_007_002_execute.lto_priv.155
                0x08001020       0x50 /tmp/ccWl1sOd.ltrans0.ltrans.o
                0x08001020                test_007_002_execute.lto_priv.155
 .text.test_008_002_execute.lto_priv.171
                0x08001070      0x330 /tmp/ccWl1sOd.ltrans0.ltrans.o
                0x08001070                test_008_002_execute.lto_priv.171
 .text.test_008_002_teardown.lto_priv.170
                0x080013a0       0x10 /tmp/ccWl1sOd.ltrans0.ltrans.o
                0x080013a0                test_008_002_teardown.lto_priv.170
 .text.test_008_001_teardown.lto_priv.167
                0x080013b0       0x10 /tmp/ccWl1sOd.ltrans0.ltrans.o
                0x080013b0                test_008_001_teardown.lto_priv.167
 .text.test_008_001_execute.lto_priv.168
                0x080013c0      0x2a0 /tmp/ccWl1sOd.ltrans0.ltrans.o
                0x080013c0                test_008_001_execute.lto_priv.168
 .text.test_007_007_setup.lto_priv.164
                0x08001660       0x20 /tmp/ccWl1sOd.ltrans0.ltrans.o
                0x08001660                test_007_007_setup.lto_priv.164
 .text.test_007_006_setup.lto_priv.162
                0x08001680       0x10 /tmp/ccWl1sOd.ltrans0.ltrans.o
                0x08001680                test_007_006_setup.lto_priv.162
 .text.test_007_005_setup.lto_priv.160
                0x08001690       0x10 /tmp/ccWl1sOd.ltrans0.ltrans.o
                0x08001690                test_007_005_setup.lto_priv.160
 .text.test_007_004_setup.lto_priv.158
                0x080016a0       0x10 /tmp/ccWl1sOd.ltrans0.ltrans.o
                0x080016a0                test_007_004_setup.lto_priv.158
 .text.test_007_003_setup.lto_priv.156
                0x080016b0       0x10 /tmp/ccWl1sOd.ltrans0.ltrans.o
                0x080016b0                test_007_003_setup.lto_priv.156
 .text.test_007_002_setup.lto_priv.154
                0x080016c0       0x10 /tmp/ccWl1sOd.ltrans0.ltrans.o
                0x080016c0                test_007_002_setup.lto_priv.154
 .text.test_007_007_execute.lto_priv.165
                0x080016d0      0x120 /tmp/ccWl1sOd.ltrans0.ltrans.o
                0x080016d0                test_007_007_execute.lto_priv.165
 .text.test_007_006_execute.lto_priv.163
                0x080017f0      0x170 /tmp/ccWl1sOd.ltrans0.ltrans.o
                0x080017f0                test_007_006_execute.lto_priv.163
 .text.test_007_005_execute.lto_priv.161
                0x08001960       0xd0 /tmp/ccWl1sOd.ltrans0.ltrans.o
                0x08001960                test_007_005_execute.lto_priv.161
 .text.test_007_004_execute.lto_priv.159
                0x08001a30       0xd0 /tmp/ccWl1sOd.ltrans0.ltrans.o
                0x08001a30                test_007_004_execute.lto_priv.159
 .text.test_007_003_execute.lto_priv.157
                0x08001b00      0x100 /tmp/ccWl1sOd.ltrans0.ltrans.o
                0x08001b00                test_007_003_execute.lto_priv.157
 .text.test_012_011_setup.lto_priv.200
                0x08001c00       0x10 /tmp/ccWl1sOd.ltrans1.ltrans.o
                0x08001c00                test_012_011_setup.lto_priv.200
 .text.test_012_010_setup.lto_priv.198
                0x08001c10       0x10 /tmp/ccWl1sOd.ltrans1.ltrans.o
                0x08001c10                test_012_010_setup.lto_priv.198
 .text.test_012_007_setup.lto_priv.194
                0x08001c20       0x10 /tmp/ccWl1sOd.ltrans1.ltrans.o
                0x08001c20                test_012_007_setup.lto_priv.194
 .text.cmd_systime
                0x08001c30       0x30 /tmp/ccWl1sOd.ltrans1.ltrans.o
 .text.cmd_echo
                0x08001c60       0x20 /tmp/ccWl1sOd.ltrans1.ltrans.o
 .text.cmd_info
                0x08001c80       0xc0 /tmp/ccWl1sOd.ltrans1.ltrans.o
 .text.cmd_test
                0x08001d40       0x60 /tmp/ccWl1sOd.ltrans1.ltrans.o
 .text.cmd_threads
                0x08001da0       0xc0 /tmp/ccWl1sOd.ltrans1.ltrans.o
 .text.cmd_mem  0x08001e60       0x80 /tmp/ccWl1sOd.ltrans1.ltrans.o
 .text.cmd_exit
                0x08001ee0       0x40 /tmp/ccWl1sOd.ltrans1.ltrans.o
 .text.parse_arguments
                0x08001f20       0x60 /tmp/ccWl1sOd.ltrans1.ltrans.o
 .text.shellThread
                0x08001f80      0x210 /tmp/ccWl1sOd.ltrans1.ltrans.o
                0x08001f80                shellThread
 .text.test_012_012_execute.lto_priv.202
                0x08002190      0x100 /tmp/ccWl1sOd.ltrans1.ltrans.o
                0x08002190                test_012_012_execute.lto_priv.202
 .text.test_012_011_execute.lto_priv.201
                0x08002290       0x90 /tmp/ccWl1sOd.ltrans1.ltrans.o
                0x08002290                test_012_011_execute.lto_priv.201
 .text.test_012_010_execute.lto_priv.199
                0x08002320       0x90 /tmp/ccWl1sOd.ltrans1.ltrans.o
                0x08002320                test_012_010_execute.lto_priv.199
 .text.bmk_thread7
                0x080023b0       0x30 /tmp/ccWl1sOd.ltrans1.ltrans.o
 .text.test_012_009_execute.lto_priv.197
                0x080023e0       0x90 /tmp/ccWl1sOd.ltrans1.ltrans.o
                0x080023e0                test_012_009_execute.lto_priv.197
 .text.test_012_008_execute.lto_priv.196
                0x08002470       0xf0 /tmp/ccWl1sOd.ltrans1.ltrans.o
                0x08002470                test_012_008_execute.lto_priv.196
 .text.test_012_006_execute.lto_priv.193
                0x08002560       0x70 /tmp/ccWl1sOd.ltrans1.ltrans.o
                0x08002560                test_012_006_execute.lto_priv.193
 .text.test_012_005_execute.lto_priv.192
                0x080025d0       0x70 /tmp/ccWl1sOd.ltrans1.ltrans.o
                0x080025d0                test_012_005_execute.lto_priv.192
 .text.bmk_thread8
                0x08002640       0x30 /tmp/ccWl1sOd.ltrans1.ltrans.o
 .text.test_012_007_execute.lto_priv.195
                0x08002670      0x100 /tmp/ccWl1sOd.ltrans1.ltrans.o
                0x08002670                test_012_007_execute.lto_priv.195
 .text.test_012_004_execute.lto_priv.191
                0x08002770       0xe0 /tmp/ccWl1sOd.ltrans1.ltrans.o
                0x08002770                test_012_004_execute.lto_priv.191
 .text.bmk_thread4
                0x08002850       0x30 /tmp/ccWl1sOd.ltrans1.ltrans.o
 .text.test_012_003_execute.lto_priv.190
                0x08002880       0xe0 /tmp/ccWl1sOd.ltrans1.ltrans.o
                0x08002880                test_012_003_execute.lto_priv.190
 .text.test_012_002_execute.lto_priv.189
                0x08002960       0x80 /tmp/ccWl1sOd.ltrans1.ltrans.o
                0x08002960                test_012_002_execute.lto_priv.189
 .text.test_012_001_execute.lto_priv.188
                0x080029e0       0x80 /tmp/ccWl1sOd.ltrans1.ltrans.o
                0x080029e0                test_012_001_execute.lto_priv.188
 .text.long_to_string_with_divisor.lto_priv.85
                0x08002a60       0x50 /tmp/ccWl1sOd.ltrans1.ltrans.o
                0x08002a60                long_to_string_with_divisor.lto_priv.85
 .text.bmk_thread3
                0x08002ab0       0x10 /tmp/ccWl1sOd.ltrans1.ltrans.o
 .text.test_004_004_setup.lto_priv.132
                0x08002ac0       0x10 /tmp/ccWl1sOd.ltrans2.ltrans.o
                0x08002ac0                test_004_004_setup.lto_priv.132
 .text.test_004_003_setup.lto_priv.130
                0x08002ad0       0x10 /tmp/ccWl1sOd.ltrans2.ltrans.o
                0x08002ad0                test_004_003_setup.lto_priv.130
 .text.test_004_002_setup.lto_priv.128
                0x08002ae0       0x10 /tmp/ccWl1sOd.ltrans2.ltrans.o
                0x08002ae0                test_004_002_setup.lto_priv.128
 .text.test_004_001_setup.lto_priv.125
                0x08002af0       0x10 /tmp/ccWl1sOd.ltrans2.ltrans.o
                0x08002af0                test_004_001_setup.lto_priv.125
 .text.test_003_001_setup.lto_priv.123
                0x08002b00       0x10 /tmp/ccWl1sOd.ltrans2.ltrans.o
                0x08002b00                test_003_001_setup.lto_priv.123
 .text.test_001_004_execute.lto_priv.118
                0x08002b10       0x20 /tmp/ccWl1sOd.ltrans2.ltrans.o
                0x08002b10                test_001_004_execute.lto_priv.118
 .text.test_001_003_execute.lto_priv.117
                0x08002b30       0x30 /tmp/ccWl1sOd.ltrans2.ltrans.o
                0x08002b30                test_001_003_execute.lto_priv.117
 .text.thread   0x08002b60       0x10 /tmp/ccWl1sOd.ltrans2.ltrans.o
 .text.thread1.lto_priv.110
                0x08002b70       0x20 /tmp/ccWl1sOd.ltrans2.ltrans.o
 .text.thread1.lto_priv.109
                0x08002b90       0x40 /tmp/ccWl1sOd.ltrans2.ltrans.o
 .text.thread4.lto_priv.106
                0x08002bd0       0x30 /tmp/ccWl1sOd.ltrans2.ltrans.o
                0x08002bd0                thread4.lto_priv.106
 .text.thread2  0x08002c00       0x30 /tmp/ccWl1sOd.ltrans2.ltrans.o
 .text.test_002_001_execute.lto_priv.119
                0x08002c30       0xc0 /tmp/ccWl1sOd.ltrans2.ltrans.o
                0x08002c30                test_002_001_execute.lto_priv.119
 .text.thread3.lto_priv.107
                0x08002cf0       0x20 /tmp/ccWl1sOd.ltrans2.ltrans.o
                0x08002cf0                thread3.lto_priv.107
 .text.test_004_001_execute.lto_priv.127
                0x08002d10       0xd0 /tmp/ccWl1sOd.ltrans2.ltrans.o
                0x08002d10                test_004_001_execute.lto_priv.127
 .text.test_004_001_teardown.lto_priv.126
                0x08002de0       0x10 /tmp/ccWl1sOd.ltrans2.ltrans.o
                0x08002de0                test_004_001_teardown.lto_priv.126
 .text.test_002_004_execute.lto_priv.122
                0x08002df0       0xe0 /tmp/ccWl1sOd.ltrans2.ltrans.o
                0x08002df0                test_002_004_execute.lto_priv.122
 .text.test_002_003_execute.lto_priv.121
                0x08002ed0       0x90 /tmp/ccWl1sOd.ltrans2.ltrans.o
                0x08002ed0                test_002_003_execute.lto_priv.121
 .text.test_001_002_execute.lto_priv.116
                0x08002f60       0xe0 /tmp/ccWl1sOd.ltrans2.ltrans.o
                0x08002f60                test_001_002_execute.lto_priv.116
 .text.vtcb     0x08003040       0x30 /tmp/ccWl1sOd.ltrans2.ltrans.o
 .text.test_001_001_execute.lto_priv.115
                0x08003070       0xb0 /tmp/ccWl1sOd.ltrans2.ltrans.o
                0x08003070                test_001_001_execute.lto_priv.115
 .text.test_wait_tick
                0x08003120       0x20 /tmp/ccWl1sOd.ltrans2.ltrans.o
                0x08003120                test_wait_tick
 .text.test_wait_threads
                0x08003140       0x30 /tmp/ccWl1sOd.ltrans2.ltrans.o
                0x08003140                test_wait_threads
 .text.test_004_004_execute.lto_priv.133
                0x08003170       0xc0 /tmp/ccWl1sOd.ltrans2.ltrans.o
                0x08003170                test_004_004_execute.lto_priv.133
 .text.test_004_003_execute.lto_priv.131
                0x08003230      0x180 /tmp/ccWl1sOd.ltrans2.ltrans.o
                0x08003230                test_004_003_execute.lto_priv.131
 .text.test_004_002_execute.lto_priv.129
                0x080033b0       0xf0 /tmp/ccWl1sOd.ltrans2.ltrans.o
                0x080033b0                test_004_002_execute.lto_priv.129
 .text.test_003_001_execute.lto_priv.124
                0x080034a0       0xf0 /tmp/ccWl1sOd.ltrans2.ltrans.o
                0x080034a0                test_003_001_execute.lto_priv.124
 .text.test_002_002_execute.lto_priv.120
                0x08003590      0x1a0 /tmp/ccWl1sOd.ltrans2.ltrans.o
                0x08003590                test_002_002_execute.lto_priv.120
 .text.test_terminate_threads
                0x08003730       0x40 /tmp/ccWl1sOd.ltrans2.ltrans.o
                0x08003730                test_terminate_threads
 .text.print_line
                0x08003770       0x30 /tmp/ccWl1sOd.ltrans3.ltrans.o
 .text.notify1.lto_priv.75
                0x080037a0       0x10 /tmp/ccWl1sOd.ltrans3.ltrans.o
                0x080037a0                notify1.lto_priv.75
 .text._port_irq_epilogue
                0x080037b0       0x60 /tmp/ccWl1sOd.ltrans3.ltrans.o
 .text.VectorB0
                0x08003810       0xa0 /tmp/ccWl1sOd.ltrans3.ltrans.o
 .text.SVC_Handler
                0x080038b0       0x20 /tmp/ccWl1sOd.ltrans3.ltrans.o
 .text.chCoreAllocAligned
                0x080038d0       0x40 /tmp/ccWl1sOd.ltrans3.ltrans.o
                0x080038d0                chCoreAllocAligned
 .text.VectorD4
                0x08003910      0x1a0 /tmp/ccWl1sOd.ltrans3.ltrans.o
 .text.oqWriteTimeout
                0x08003ab0       0xb0 /tmp/ccWl1sOd.ltrans3.ltrans.o
 .text.writet.lto_priv.83
                0x08003b60       0x10 /tmp/ccWl1sOd.ltrans3.ltrans.o
                0x08003b60                writet.lto_priv.83
 .text.write.lto_priv.77
                0x08003b70       0x10 /tmp/ccWl1sOd.ltrans3.ltrans.o
                0x08003b70                write.lto_priv.77
 .text.oqPutTimeout
                0x08003b80       0x60 /tmp/ccWl1sOd.ltrans3.ltrans.o
 .text.putt.lto_priv.81
                0x08003be0       0x10 /tmp/ccWl1sOd.ltrans3.ltrans.o
                0x08003be0                putt.lto_priv.81
 .text.put.lto_priv.79
                0x08003bf0       0x10 /tmp/ccWl1sOd.ltrans3.ltrans.o
                0x08003bf0                put.lto_priv.79
 .text.iqReadTimeout
                0x08003c00       0xb0 /tmp/ccWl1sOd.ltrans3.ltrans.o
 .text.readt.lto_priv.84
                0x08003cb0       0x10 /tmp/ccWl1sOd.ltrans3.ltrans.o
                0x08003cb0                readt.lto_priv.84
 .text.read.lto_priv.78
                0x08003cc0       0x10 /tmp/ccWl1sOd.ltrans3.ltrans.o
                0x08003cc0                read.lto_priv.78
 .text.iqGetTimeout
                0x08003cd0       0x60 /tmp/ccWl1sOd.ltrans3.ltrans.o
 .text.gett.lto_priv.82
                0x08003d30       0x10 /tmp/ccWl1sOd.ltrans3.ltrans.o
                0x08003d30                gett.lto_priv.82
 .text.get.lto_priv.80
                0x08003d40       0x10 /tmp/ccWl1sOd.ltrans3.ltrans.o
                0x08003d40                get.lto_priv.80
 .text.test_emit_token
                0x08003d50       0x30 /tmp/ccWl1sOd.ltrans3.ltrans.o
                0x08003d50                test_emit_token
 .text.test_println
                0x08003d80       0x40 /tmp/ccWl1sOd.ltrans3.ltrans.o
                0x08003d80                test_println
 .text.test_print
                0x08003dc0       0x20 /tmp/ccWl1sOd.ltrans3.ltrans.o
                0x08003dc0                test_print
 .text.test_printn
                0x08003de0       0x60 /tmp/ccWl1sOd.ltrans3.ltrans.o
                0x08003de0                test_printn
 .text.test_execute
                0x08003e40      0x2a0 /tmp/ccWl1sOd.ltrans3.ltrans.o
                0x08003e40                test_execute
 .text._test_assert_sequence
                0x080040e0       0x50 /tmp/ccWl1sOd.ltrans3.ltrans.o
                0x080040e0                _test_assert_sequence
 .text._test_assert
                0x08004130       0x30 /tmp/ccWl1sOd.ltrans3.ltrans.o
                0x08004130                _test_assert
 .text.__early_init
                0x08004160       0xa0 /tmp/ccWl1sOd.ltrans3.ltrans.o
                0x08004160                __early_init
 .text.chPoolAlloc
                0x08004200       0x30 /tmp/ccWl1sOd.ltrans3.ltrans.o
                0x08004200                chPoolAlloc
 .text.chHeapStatus
                0x08004230       0x70 /tmp/ccWl1sOd.ltrans3.ltrans.o
                0x08004230                chHeapStatus
 .text.chHeapFree
                0x080042a0       0xb0 /tmp/ccWl1sOd.ltrans3.ltrans.o
                0x080042a0                chHeapFree
 .text.chThdCreateFromHeap
                0x08004350       0x50 /tmp/ccWl1sOd.ltrans3.ltrans.o
                0x08004350                chThdCreateFromHeap
 .text.chMsgWait
                0x080043a0       0x40 /tmp/ccWl1sOd.ltrans3.ltrans.o
                0x080043a0                chMsgWait
 .text.chMsgSend
                0x080043e0       0x40 /tmp/ccWl1sOd.ltrans3.ltrans.o
                0x080043e0                chMsgSend
 .text.chEvtSignalI
                0x08004420       0x30 /tmp/ccWl1sOd.ltrans3.ltrans.o
                0x08004420                chEvtSignalI
 .text.test_005_009_setup.lto_priv.150
                0x08004450       0x30 /tmp/ccWl1sOd.ltrans4.ltrans.o
                0x08004450                test_005_009_setup.lto_priv.150
 .text.test_005_008_setup.lto_priv.148
                0x08004480       0x20 /tmp/ccWl1sOd.ltrans4.ltrans.o
                0x08004480                test_005_008_setup.lto_priv.148
 .text.test_005_007_setup.lto_priv.146
                0x080044a0       0x20 /tmp/ccWl1sOd.ltrans4.ltrans.o
                0x080044a0                test_005_007_setup.lto_priv.146
 .text.test_005_005_setup.lto_priv.144
                0x080044c0       0x10 /tmp/ccWl1sOd.ltrans4.ltrans.o
                0x080044c0                test_005_005_setup.lto_priv.144
 .text.test_005_004_setup.lto_priv.141
                0x080044d0       0x20 /tmp/ccWl1sOd.ltrans4.ltrans.o
                0x080044d0                test_005_004_setup.lto_priv.141
 .text.test_005_001_setup.lto_priv.139
                0x080044f0       0x10 /tmp/ccWl1sOd.ltrans4.ltrans.o
                0x080044f0                test_005_001_setup.lto_priv.139
 .text.test_004_005_setup.lto_priv.134
                0x08004500       0x10 /tmp/ccWl1sOd.ltrans4.ltrans.o
                0x08004500                test_004_005_setup.lto_priv.134
 .text.test_007_001_execute.lto_priv.153
                0x08004510      0x100 /tmp/ccWl1sOd.ltrans4.ltrans.o
                0x08004510                test_007_001_execute.lto_priv.153
 .text.evt_thread7.lto_priv.96
                0x08004610       0x40 /tmp/ccWl1sOd.ltrans4.ltrans.o
                0x08004610                evt_thread7.lto_priv.96
 .text.evt_thread3.lto_priv.97
                0x08004650       0x30 /tmp/ccWl1sOd.ltrans4.ltrans.o
                0x08004650                evt_thread3.lto_priv.97
 .text.h3.lto_priv.100
                0x08004680       0x10 /tmp/ccWl1sOd.ltrans4.ltrans.o
                0x08004680                h3.lto_priv.100
 .text.h2.lto_priv.99
                0x08004690       0x10 /tmp/ccWl1sOd.ltrans4.ltrans.o
                0x08004690                h2.lto_priv.99
 .text.h1.lto_priv.98
                0x080046a0       0x10 /tmp/ccWl1sOd.ltrans4.ltrans.o
                0x080046a0                h1.lto_priv.98
 .text.test_005_004_teardown.lto_priv.142
                0x080046b0       0x10 /tmp/ccWl1sOd.ltrans4.ltrans.o
                0x080046b0                test_005_004_teardown.lto_priv.142
 .text.test_004_006_teardown.lto_priv.137
                0x080046c0       0x10 /tmp/ccWl1sOd.ltrans4.ltrans.o
                0x080046c0                test_004_006_teardown.lto_priv.137
 .text.test_004_005_teardown.lto_priv.135
                0x080046d0       0x10 /tmp/ccWl1sOd.ltrans4.ltrans.o
                0x080046d0                test_004_005_teardown.lto_priv.135
 .text.msg_thread1
                0x080046e0       0x30 /tmp/ccWl1sOd.ltrans4.ltrans.o
 .text.test_006_001_execute.lto_priv.152
                0x08004710       0x70 /tmp/ccWl1sOd.ltrans4.ltrans.o
                0x08004710                test_006_001_execute.lto_priv.152
 .text.test_005_009_execute.lto_priv.151
                0x08004780       0xb0 /tmp/ccWl1sOd.ltrans4.ltrans.o
                0x08004780                test_005_009_execute.lto_priv.151
 .text.thread9  0x08004830       0x20 /tmp/ccWl1sOd.ltrans4.ltrans.o
 .text.test_005_004_execute.lto_priv.143
                0x08004850      0x140 /tmp/ccWl1sOd.ltrans4.ltrans.o
                0x08004850                test_005_004_execute.lto_priv.143
 .text.thread4A
                0x08004990       0x20 /tmp/ccWl1sOd.ltrans4.ltrans.o
 .text.test_005_001_execute.lto_priv.140
                0x080049b0       0xe0 /tmp/ccWl1sOd.ltrans4.ltrans.o
                0x080049b0                test_005_001_execute.lto_priv.140
 .text.thread1  0x08004a90       0x20 /tmp/ccWl1sOd.ltrans4.ltrans.o
 .text.test_005_008_execute.lto_priv.149
                0x08004ab0       0xe0 /tmp/ccWl1sOd.ltrans4.ltrans.o
                0x08004ab0                test_005_008_execute.lto_priv.149
 .text.test_005_007_execute.lto_priv.147
                0x08004b90       0xe0 /tmp/ccWl1sOd.ltrans4.ltrans.o
                0x08004b90                test_005_007_execute.lto_priv.147
 .text.test_005_005_execute.lto_priv.145
                0x08004c70      0x160 /tmp/ccWl1sOd.ltrans4.ltrans.o
                0x08004c70                test_005_005_execute.lto_priv.145
 .text.thread4B
                0x08004dd0       0x30 /tmp/ccWl1sOd.ltrans4.ltrans.o
 .text.thread8  0x08004e00       0x90 /tmp/ccWl1sOd.ltrans4.ltrans.o
 .text.thread6  0x08004e90       0x70 /tmp/ccWl1sOd.ltrans4.ltrans.o
 .text.test_004_006_execute.lto_priv.138
                0x08004f00      0x1b0 /tmp/ccWl1sOd.ltrans4.ltrans.o
                0x08004f00                test_004_006_execute.lto_priv.138
 .text.test_004_005_execute.lto_priv.136
                0x080050b0       0xa0 /tmp/ccWl1sOd.ltrans4.ltrans.o
                0x080050b0                test_004_005_execute.lto_priv.136
 .text.tmo.lto_priv.88
                0x08005150       0x10 /tmp/ccWl1sOd.ltrans5.ltrans.o
                0x08005150                tmo.lto_priv.88
 .text.test_011_002_setup.lto_priv.186
                0x08005160       0x20 /tmp/ccWl1sOd.ltrans5.ltrans.o
                0x08005160                test_011_002_setup.lto_priv.186
 .text.test_011_001_setup.lto_priv.184
                0x08005180       0x30 /tmp/ccWl1sOd.ltrans5.ltrans.o
                0x08005180                test_011_001_setup.lto_priv.184
 .text.test_010_001_setup.lto_priv.181
                0x080051b0       0x30 /tmp/ccWl1sOd.ltrans5.ltrans.o
                0x080051b0                test_010_001_setup.lto_priv.181
 .text.test_009_003_setup.lto_priv.179
                0x080051e0       0x20 /tmp/ccWl1sOd.ltrans5.ltrans.o
                0x080051e0                test_009_003_setup.lto_priv.179
 .text.test_009_002_setup.lto_priv.177
                0x08005200       0x20 /tmp/ccWl1sOd.ltrans5.ltrans.o
                0x08005200                test_009_002_setup.lto_priv.177
 .text.null_provider
                0x08005220       0x10 /tmp/ccWl1sOd.ltrans5.ltrans.o
 .text.test_009_001_setup.lto_priv.175
                0x08005230       0x20 /tmp/ccWl1sOd.ltrans5.ltrans.o
                0x08005230                test_009_001_setup.lto_priv.175
 .text.test_008_003_setup.lto_priv.172
                0x08005250       0x40 /tmp/ccWl1sOd.ltrans5.ltrans.o
                0x08005250                test_008_003_setup.lto_priv.172
 .text.bmk_thread1.lto_priv.89
                0x08005290       0x20 /tmp/ccWl1sOd.ltrans5.ltrans.o
                0x08005290                bmk_thread1.lto_priv.89
 .text.test_009_001_execute.lto_priv.176
                0x080052b0      0x110 /tmp/ccWl1sOd.ltrans5.ltrans.o
                0x080052b0                test_009_001_execute.lto_priv.176
 .text.test_011_002_execute.lto_priv.187
                0x080053c0      0x150 /tmp/ccWl1sOd.ltrans5.ltrans.o
                0x080053c0                test_011_002_execute.lto_priv.187
 .text.dyn_thread1.lto_priv.73
                0x08005510       0x10 /tmp/ccWl1sOd.ltrans5.ltrans.o
                0x08005510                dyn_thread1.lto_priv.73
 .text.test_011_001_execute.lto_priv.185
                0x08005520      0x170 /tmp/ccWl1sOd.ltrans5.ltrans.o
                0x08005520                test_011_001_execute.lto_priv.185
 .text.test_010_002_execute.lto_priv.183
                0x08005690       0x70 /tmp/ccWl1sOd.ltrans5.ltrans.o
                0x08005690                test_010_002_execute.lto_priv.183
 .text.test_010_001_execute.lto_priv.182
                0x08005700      0x330 /tmp/ccWl1sOd.ltrans5.ltrans.o
                0x08005700                test_010_001_execute.lto_priv.182
 .text.test_009_003_execute.lto_priv.180
                0x08005a30       0x30 /tmp/ccWl1sOd.ltrans5.ltrans.o
                0x08005a30                test_009_003_execute.lto_priv.180
 .text.test_009_002_execute.lto_priv.178
                0x08005a60       0xf0 /tmp/ccWl1sOd.ltrans5.ltrans.o
                0x08005a60                test_009_002_execute.lto_priv.178
 .text.test_008_003_teardown.lto_priv.173
                0x08005b50       0x10 /tmp/ccWl1sOd.ltrans5.ltrans.o
                0x08005b50                test_008_003_teardown.lto_priv.173
 .text.test_008_003_execute.lto_priv.174
                0x08005b60      0x180 /tmp/ccWl1sOd.ltrans5.ltrans.o
                0x08005b60                test_008_003_execute.lto_priv.174
 .text.msg_loop_test.lto_priv.90
                0x08005ce0       0x40 /tmp/ccWl1sOd.ltrans5.ltrans.o
                0x08005ce0                msg_loop_test.lto_priv.90
 .text.wakeup.lto_priv.105
                0x08005d20       0x80 /tmp/ccWl1sOd.ltrans6.ltrans.o
                0x08005d20                wakeup.lto_priv.105
 .text._idle_thread.lto_priv.76
                0x08005da0       0x10 /tmp/ccWl1sOd.ltrans6.ltrans.o
                0x08005da0                _idle_thread.lto_priv.76
 .text.chEvtBroadcastFlagsI
                0x08005db0       0x30 /tmp/ccWl1sOd.ltrans6.ltrans.o
                0x08005db0                chEvtBroadcastFlagsI
 .text.chEvtAddEvents
                0x08005de0       0x20 /tmp/ccWl1sOd.ltrans6.ltrans.o
                0x08005de0                chEvtAddEvents
 .text.chEvtUnregister
                0x08005e00       0x30 /tmp/ccWl1sOd.ltrans6.ltrans.o
                0x08005e00                chEvtUnregister
 .text.chTMStopMeasurementX
                0x08005e30       0x50 /tmp/ccWl1sOd.ltrans6.ltrans.o
                0x08005e30                chTMStopMeasurementX
 .text.chThdYield
                0x08005e80       0x60 /tmp/ccWl1sOd.ltrans6.ltrans.o
                0x08005e80                chThdYield
 .text.chThdRelease
                0x08005ee0       0x70 /tmp/ccWl1sOd.ltrans6.ltrans.o
                0x08005ee0                chThdRelease
 .text.chThdCreateSuspendedI
                0x08005f50       0x90 /tmp/ccWl1sOd.ltrans6.ltrans.o
                0x08005f50                chThdCreateSuspendedI
 .text.chSchDoReschedule
                0x08005fe0       0x40 /tmp/ccWl1sOd.ltrans6.ltrans.o
                0x08005fe0                chSchDoReschedule
 .text.chSchRescheduleS
                0x08006020       0x50 /tmp/ccWl1sOd.ltrans6.ltrans.o
                0x08006020                chSchRescheduleS
 .text.chThdSetPriority
                0x08006070       0x30 /tmp/ccWl1sOd.ltrans6.ltrans.o
                0x08006070                chThdSetPriority
 .text.chSchWakeupS
                0x080060a0       0x60 /tmp/ccWl1sOd.ltrans6.ltrans.o
                0x080060a0                chSchWakeupS
 .text.chSemSignal
                0x08006100       0x40 /tmp/ccWl1sOd.ltrans6.ltrans.o
                0x08006100                chSemSignal
 .text.chSchGoSleepS
                0x08006140       0x30 /tmp/ccWl1sOd.ltrans6.ltrans.o
                0x08006140                chSchGoSleepS
 .text.chSemWait
                0x08006170       0x50 /tmp/ccWl1sOd.ltrans6.ltrans.o
                0x08006170                chSemWait
 .text.chThdWait
                0x080061c0       0x40 /tmp/ccWl1sOd.ltrans6.ltrans.o
                0x080061c0                chThdWait
 .text.chSchReadyI
                0x08006200       0x30 /tmp/ccWl1sOd.ltrans6.ltrans.o
                0x08006200                chSchReadyI
 .text.chMtxUnlockS
                0x08006230       0x50 /tmp/ccWl1sOd.ltrans6.ltrans.o
                0x08006230                chMtxUnlockS
 .text.chMtxUnlock
                0x08006280       0x70 /tmp/ccWl1sOd.ltrans6.ltrans.o
                0x08006280                chMtxUnlock
 .text.chMtxLockS
                0x080062f0       0xd0 /tmp/ccWl1sOd.ltrans6.ltrans.o
                0x080062f0                chMtxLockS
 .text.chMtxLock
                0x080063c0       0x20 /tmp/ccWl1sOd.ltrans6.ltrans.o
                0x080063c0                chMtxLock
 .text.chSemSignalI
                0x080063e0       0x20 /tmp/ccWl1sOd.ltrans6.ltrans.o
                0x080063e0                chSemSignalI
 .text.chSemResetI
                0x08006400       0x30 /tmp/ccWl1sOd.ltrans6.ltrans.o
                0x08006400                chSemResetI
 .text.chSemReset
                0x08006430       0x20 /tmp/ccWl1sOd.ltrans6.ltrans.o
                0x08006430                chSemReset
 .text.chThdExitS
                0x08006450       0x50 /tmp/ccWl1sOd.ltrans6.ltrans.o
                0x08006450                chThdExitS
 .text.chThdExit
                0x080064a0       0x10 /tmp/ccWl1sOd.ltrans6.ltrans.o
                0x080064a0                chThdExit
 .text.chVTDoResetI
                0x080064b0       0x70 /tmp/ccWl1sOd.ltrans6.ltrans.o
                0x080064b0                chVTDoResetI
 .text.chVTDoSetI
                0x08006520       0x80 /tmp/ccWl1sOd.ltrans6.ltrans.o
                0x08006520                chVTDoSetI
 .text.chSchGoSleepTimeoutS
                0x080065a0       0x50 /tmp/ccWl1sOd.ltrans6.ltrans.o
                0x080065a0                chSchGoSleepTimeoutS
 .text.chSemWaitTimeoutS
                0x080065f0       0x40 /tmp/ccWl1sOd.ltrans6.ltrans.o
                0x080065f0                chSemWaitTimeoutS
 .text.chThdEnqueueTimeoutS
                0x08006630       0x30 /tmp/ccWl1sOd.ltrans6.ltrans.o
                0x08006630                chThdEnqueueTimeoutS
 .text.chThdSleep
                0x08006660       0x20 /tmp/ccWl1sOd.ltrans6.ltrans.o
                0x08006660                chThdSleep
 .text.chSysRestoreStatusX.part.2.lto_priv.113
                0x08006680       0x20 /tmp/ccWl1sOd.ltrans6.ltrans.o
                0x08006680                chSysRestoreStatusX.part.2.lto_priv.113
 .text.chSysGetStatusAndLockX.part.1.lto_priv.114
                0x080066a0       0x20 /tmp/ccWl1sOd.ltrans6.ltrans.o
                0x080066a0                chSysGetStatusAndLockX.part.1.lto_priv.114
 .text.chSysIntegrityCheckI
                0x080066c0       0xc0 /tmp/ccWl1sOd.ltrans6.ltrans.o
                0x080066c0                chSysIntegrityCheckI
 .text._unhandled_exception
                0x08006780       0x10 /tmp/ccWl1sOd.ltrans6.ltrans.o
                0x08006780                Vector58
                0x08006780                VectorE8
                0x08006780                Vector9C
                0x08006780                VectorAC
                0x08006780                DebugMon_Handler
                0x08006780                Vector5C
                0x08006780                Vector11C
                0x08006780                HardFault_Handler
                0x08006780                Vector19C
                0x08006780                Vector8C
                0x08006780                SysTick_Handler
                0x08006780                VectorDC
                0x08006780                PendSV_Handler
                0x08006780                Vector168
                0x08006780                NMI_Handler
                0x08006780                Vector110
                0x08006780                Vector120
                0x08006780                VectorC8
                0x08006780                Vector94
                0x08006780                VectorA8
                0x08006780                VectorB4
                0x08006780                Vector74
                0x08006780                Vector160
                0x08006780                UsageFault_Handler
                0x08006780                VectorEC
                0x08006780                Vector40
                0x08006780                VectorF8
                0x08006780                Vector108
                0x08006780                VectorBC
                0x08006780                Vector190
                0x08006780                Vector150
                0x08006780                Vector124
                0x08006780                Vector148
                0x08006780                Vector188
                0x08006780                Vector198
                0x08006780                Vector118
                0x08006780                Vector64
                0x08006780                VectorCC
                0x08006780                Vector54
                0x08006780                Vector98
                0x08006780                VectorD8
                0x08006780                Vector138
                0x08006780                Vector24
                0x08006780                Vector178
                0x08006780                Vector84
                0x08006780                VectorD0
                0x08006780                Vector140
                0x08006780                VectorE4
                0x08006780                VectorC0
                0x08006780                Vector158
                0x08006780                Vector130
                0x08006780                Vector134
                0x08006780                VectorF0
                0x08006780                Vector12C
                0x08006780                Vector13C
                0x08006780                Vector100
                0x08006780                VectorE0
                0x08006780                VectorF4
                0x08006780                MemManage_Handler
                0x08006780                Vector6C
                0x08006780                VectorA0
                0x08006780                VectorC4
                0x08006780                Vector7C
                0x08006780                Vector180
                0x08006780                Vector90
                0x08006780                Vector114
                0x08006780                Vector164
                0x08006780                Vector60
                0x08006780                Vector1C
                0x08006780                Vector17C
                0x08006780                Vector48
                0x08006780                Vector16C
                0x08006780                Vector70
                0x08006780                Vector4C
                0x08006780                Vector144
                0x08006780                Vector80
                0x08006780                Vector15C
                0x08006780                Vector68
                0x08006780                Vector78
                0x08006780                Vector170
                0x08006780                Vector88
                0x08006780                Vector104
                0x08006780                Vector184
                0x08006780                Vector10C
                0x08006780                Vector14C
                0x08006780                BusFault_Handler
                0x08006780                Vector50
                0x08006780                Vector194
                0x08006780                Vector154
                0x08006780                Vector44
                0x08006780                Vector28
                0x08006780                VectorB8
                0x08006780                VectorFC
                0x08006780                Vector34
                0x08006780                Vector128
                0x08006780                VectorA4
                0x08006780                Vector20
                0x08006780                Vector18C
                0x08006780                Vector174
 .text.__init_ram_areas
                0x08006790       0x50 /tmp/ccWl1sOd.ltrans6.ltrans.o
                0x08006790                __init_ram_areas
 .text.__default_exit
                0x080067e0       0x10 /tmp/ccWl1sOd.ltrans6.ltrans.o
                0x080067e0                __default_exit
 .text.__late_init
                0x080067f0       0x10 /tmp/ccWl1sOd.ltrans6.ltrans.o
                0x080067f0                __late_init
 .text.__core_init
                0x08006800       0x10 /tmp/ccWl1sOd.ltrans6.ltrans.o
                0x08006800                __core_init
 .text.counterThread
                0x08006810       0x30 /tmp/ccWl1sOd.ltrans7.ltrans.o
 .text.chprintf
                0x08006840      0x430 /tmp/ccWl1sOd.ltrans7.ltrans.o
                0x08006840                chprintf
 .text.startup.main
                0x08006c70      0x4c0 /tmp/ccWl1sOd.ltrans7.ltrans.o
                0x08006c70                main
 .text.cmd_myecho
                0x08007130       0x30 /tmp/ccWl1sOd.ltrans7.ltrans.o
 .text.chTMStartMeasurementX.constprop.70
                0x08007160       0x10 /tmp/ccWl1sOd.ltrans8.ltrans.o
                0x08007160                chTMStartMeasurementX.constprop.70
 .text.chThdCreateStatic.constprop.69
                0x08007170       0xa0 /tmp/ccWl1sOd.ltrans8.ltrans.o
                0x08007170                chThdCreateStatic.constprop.69
 .text.chSemSignalWait.constprop.63
                0x08007210       0x70 /tmp/ccWl1sOd.ltrans8.ltrans.o
                0x08007210                chSemSignalWait.constprop.63
 .text.chMtxTryLock.constprop.61
                0x08007280       0x40 /tmp/ccWl1sOd.ltrans8.ltrans.o
                0x08007280                chMtxTryLock.constprop.61
 .text.chCondSignal.constprop.59
                0x080072c0       0x30 /tmp/ccWl1sOd.ltrans8.ltrans.o
                0x080072c0                chCondSignal.constprop.59
 .text.chCondSignalI.constprop.58
                0x080072f0       0x30 /tmp/ccWl1sOd.ltrans8.ltrans.o
                0x080072f0                chCondSignalI.constprop.58
 .text.chEvtGetAndClearEvents.constprop.50
                0x08007320       0x20 /tmp/ccWl1sOd.ltrans8.ltrans.o
                0x08007320                chEvtGetAndClearEvents.constprop.50
 .text.chEvtWaitOne.constprop.46
                0x08007340       0x40 /tmp/ccWl1sOd.ltrans8.ltrans.o
                0x08007340                chEvtWaitOne.constprop.46
 .text.chEvtWaitAny.constprop.45
                0x08007380       0x30 /tmp/ccWl1sOd.ltrans8.ltrans.o
                0x08007380                chEvtWaitAny.constprop.45
 .text.chEvtWaitAll.constprop.44
                0x080073b0       0x40 /tmp/ccWl1sOd.ltrans8.ltrans.o
                0x080073b0                chEvtWaitAll.constprop.44
 .text.chHeapAllocAligned.constprop.40
                0x080073f0      0x100 /tmp/ccWl1sOd.ltrans8.ltrans.o
                0x080073f0                chHeapAllocAligned.constprop.40
 .text.chThdCreateFromMemoryPool.constprop.39
                0x080074f0       0x60 /tmp/ccWl1sOd.ltrans8.ltrans.o
                0x080074f0                chThdCreateFromMemoryPool.constprop.39
 .text.chMBResetI.constprop.31
                0x08007550       0x30 /tmp/ccWl1sOd.ltrans8.ltrans.o
                0x08007550                chMBResetI.constprop.31
 .text.chMBReset.constprop.30
                0x08007580       0x20 /tmp/ccWl1sOd.ltrans8.ltrans.o
                0x08007580                chMBReset.constprop.30
 .text.chMBPost.constprop.29
                0x080075a0       0x50 /tmp/ccWl1sOd.ltrans8.ltrans.o
                0x080075a0                chMBPost.constprop.29
 .text.chMBPostAhead.constprop.27
                0x080075f0       0x50 /tmp/ccWl1sOd.ltrans8.ltrans.o
                0x080075f0                chMBPostAhead.constprop.27
 .text.chMBFetch.constprop.25
                0x08007640       0x50 /tmp/ccWl1sOd.ltrans8.ltrans.o
                0x08007640                chMBFetch.constprop.25
 .text.chGuardedPoolAllocTimeout.constprop.19
                0x08007690       0x50 /tmp/ccWl1sOd.ltrans8.ltrans.o
                0x08007690                chGuardedPoolAllocTimeout.constprop.19
 .text._pal_lld_setgroupmode.constprop.6
                0x080076e0       0xc0 /tmp/ccWl1sOd.ltrans8.ltrans.o
                0x080076e0                _pal_lld_setgroupmode.constprop.6
 .text._test_assert_time_window.constprop.3
                0x080077a0       0x40 /tmp/ccWl1sOd.ltrans8.ltrans.o
                0x080077a0                _test_assert_time_window.constprop.3
 .text.strchr   0x080077e0       0xcc /l/arm2/gcc-arm-none-eabi-4_9-2014q4/bin/../lib/gcc/arm-none-eabi/4.9.3/../../../../arm-none-eabi/lib/armv7e-m/libg.a(lib_a-strchr.o)
                0x080077e0                strchr
 .text.strpbrk  0x080078ac       0x48 /l/arm2/gcc-arm-none-eabi-4_9-2014q4/bin/../lib/gcc/arm-none-eabi/4.9.3/../../../../arm-none-eabi/lib/armv7e-m/libg.a(lib_a-strpbrk.o)
                0x080078ac                strpbrk
 .text.strspn   0x080078f4       0x34 /l/arm2/gcc-arm-none-eabi-4_9-2014q4/bin/../lib/gcc/arm-none-eabi/4.9.3/../../../../arm-none-eabi/lib/armv7e-m/libg.a(lib_a-strspn.o)
                0x080078f4                strspn
 *(.glue_7t)
 .glue_7t       0x00000000        0x0 linker stubs
 *(.glue_7)
 .glue_7        0x00000000        0x0 linker stubs
 *(.gcc*)

.vfp11_veneer   0x08007928        0x0
 .vfp11_veneer  0x00000000        0x0 linker stubs

.v4_bx          0x08007928        0x0
 .v4_bx         0x00000000        0x0 linker stubs

.iplt           0x08007928        0x0
 .iplt          0x00000000        0x0 build/obj/crt0_v7m.o

.rodata         0x08007928     0x179c
                0x08007928                . = ALIGN (0x4)
                0x08007928                __rodata_base__ = .
 *(.rodata)
 *(.rodata.*)
 .rodata.str1.4
                0x08007928      0x16b /tmp/ccWl1sOd.ltrans0.ltrans.o
                                0x16c (size before relaxing)
 *fill*         0x08007a93        0x1 
 .rodata.evhndl
                0x08007a94        0xc /tmp/ccWl1sOd.ltrans0.ltrans.o
 .rodata.wa     0x08007aa0       0x14 /tmp/ccWl1sOd.ltrans1.ltrans.o
                0x08007aa0                wa
 .rodata.str1.4
                0x08007ab4      0x4ce /tmp/ccWl1sOd.ltrans1.ltrans.o
                                0x4e0 (size before relaxing)
 *fill*         0x08007f82        0x2 
 .rodata.states.7424
                0x08007f84       0x40 /tmp/ccWl1sOd.ltrans1.ltrans.o
 .rodata.shell_local_commands
                0x08007fc4       0x40 /tmp/ccWl1sOd.ltrans1.ltrans.o
 .rodata.str1.4
                0x08008004      0x185 /tmp/ccWl1sOd.ltrans2.ltrans.o
                                0x1c0 (size before relaxing)
 *fill*         0x08008189        0x3 
 .rodata.test_sequence_010
                0x0800818c        0xc /tmp/ccWl1sOd.ltrans3.ltrans.o
 .rodata.test_sequence_011
                0x08008198        0xc /tmp/ccWl1sOd.ltrans3.ltrans.o
 .rodata.test_sequence_012
                0x080081a4       0x34 /tmp/ccWl1sOd.ltrans3.ltrans.o
 .rodata.test_012_003
                0x080081d8       0x10 /tmp/ccWl1sOd.ltrans3.ltrans.o
 .rodata.test_009_001
                0x080081e8       0x10 /tmp/ccWl1sOd.ltrans3.ltrans.o
 .rodata.test_009_002
                0x080081f8       0x10 /tmp/ccWl1sOd.ltrans3.ltrans.o
 .rodata.test_012_005
                0x08008208       0x10 /tmp/ccWl1sOd.ltrans3.ltrans.o
 .rodata.test_005_001
                0x08008218       0x10 /tmp/ccWl1sOd.ltrans3.ltrans.o
 .rodata.test_010_001
                0x08008228       0x10 /tmp/ccWl1sOd.ltrans3.ltrans.o
 .rodata.test_010_002
                0x08008238       0x10 /tmp/ccWl1sOd.ltrans3.ltrans.o
 .rodata.test_005_004
                0x08008248       0x10 /tmp/ccWl1sOd.ltrans3.ltrans.o
 .rodata.test_012_012
                0x08008258       0x10 /tmp/ccWl1sOd.ltrans3.ltrans.o
 .rodata.test_012_006
                0x08008268       0x10 /tmp/ccWl1sOd.ltrans3.ltrans.o
 .rodata.test_005_007
                0x08008278       0x10 /tmp/ccWl1sOd.ltrans3.ltrans.o
 .rodata.test_005_008
                0x08008288       0x10 /tmp/ccWl1sOd.ltrans3.ltrans.o
 .rodata.test_005_009
                0x08008298       0x10 /tmp/ccWl1sOd.ltrans3.ltrans.o
 .rodata.test_003_001
                0x080082a8       0x10 /tmp/ccWl1sOd.ltrans3.ltrans.o
 .rodata.test_002_003
                0x080082b8       0x10 /tmp/ccWl1sOd.ltrans3.ltrans.o
 .rodata.test_001_001
                0x080082c8       0x10 /tmp/ccWl1sOd.ltrans3.ltrans.o
 .rodata.test_006_001
                0x080082d8       0x10 /tmp/ccWl1sOd.ltrans3.ltrans.o
 .rodata.test_011_002
                0x080082e8       0x10 /tmp/ccWl1sOd.ltrans3.ltrans.o
 .rodata.test_008_002
                0x080082f8       0x10 /tmp/ccWl1sOd.ltrans3.ltrans.o
 .rodata.test_002_004
                0x08008308       0x10 /tmp/ccWl1sOd.ltrans3.ltrans.o
 .rodata.test_001_002
                0x08008318       0x10 /tmp/ccWl1sOd.ltrans3.ltrans.o
 .rodata.test_sequence_001
                0x08008328       0x14 /tmp/ccWl1sOd.ltrans3.ltrans.o
 .rodata.test_sequence_002
                0x0800833c       0x14 /tmp/ccWl1sOd.ltrans3.ltrans.o
 .rodata.test_sequence_003
                0x08008350        0x8 /tmp/ccWl1sOd.ltrans3.ltrans.o
 .rodata.test_sequence_004
                0x08008358       0x1c /tmp/ccWl1sOd.ltrans3.ltrans.o
 .rodata.test_004_001
                0x08008374       0x10 /tmp/ccWl1sOd.ltrans3.ltrans.o
 .rodata.test_002_001
                0x08008384       0x10 /tmp/ccWl1sOd.ltrans3.ltrans.o
 .rodata.test_004_002
                0x08008394       0x10 /tmp/ccWl1sOd.ltrans3.ltrans.o
 .rodata.test_sequence_008
                0x080083a4       0x10 /tmp/ccWl1sOd.ltrans3.ltrans.o
 .rodata.test_sequence_009
                0x080083b4       0x10 /tmp/ccWl1sOd.ltrans3.ltrans.o
 .rodata.test_002_002
                0x080083c4       0x10 /tmp/ccWl1sOd.ltrans3.ltrans.o
 .rodata.test_012_010
                0x080083d4       0x10 /tmp/ccWl1sOd.ltrans3.ltrans.o
 .rodata.test_007_001
                0x080083e4       0x10 /tmp/ccWl1sOd.ltrans3.ltrans.o
 .rodata.test_007_002
                0x080083f4       0x10 /tmp/ccWl1sOd.ltrans3.ltrans.o
 .rodata.test_007_003
                0x08008404       0x10 /tmp/ccWl1sOd.ltrans3.ltrans.o
 .rodata.test_007_004
                0x08008414       0x10 /tmp/ccWl1sOd.ltrans3.ltrans.o
 .rodata.test_007_005
                0x08008424       0x10 /tmp/ccWl1sOd.ltrans3.ltrans.o
 .rodata.test_007_006
                0x08008434       0x10 /tmp/ccWl1sOd.ltrans3.ltrans.o
 .rodata.test_007_007
                0x08008444       0x10 /tmp/ccWl1sOd.ltrans3.ltrans.o
 .rodata.test_012_007
                0x08008454       0x10 /tmp/ccWl1sOd.ltrans3.ltrans.o
 .rodata.test_009_003
                0x08008464       0x10 /tmp/ccWl1sOd.ltrans3.ltrans.o
 .rodata.test_012_009
                0x08008474       0x10 /tmp/ccWl1sOd.ltrans3.ltrans.o
 .rodata.test_001_004
                0x08008484       0x10 /tmp/ccWl1sOd.ltrans3.ltrans.o
 .rodata.test_sequence_005
                0x08008494       0x1c /tmp/ccWl1sOd.ltrans3.ltrans.o
 .rodata.test_sequence_006
                0x080084b0        0x8 /tmp/ccWl1sOd.ltrans3.ltrans.o
 .rodata.test_sequence_007
                0x080084b8       0x20 /tmp/ccWl1sOd.ltrans3.ltrans.o
 .rodata.test_005_005
                0x080084d8       0x10 /tmp/ccWl1sOd.ltrans3.ltrans.o
 .rodata.test_012_001
                0x080084e8       0x10 /tmp/ccWl1sOd.ltrans3.ltrans.o
 .rodata.test_012_002
                0x080084f8       0x10 /tmp/ccWl1sOd.ltrans3.ltrans.o
 .rodata.test_008_001
                0x08008508       0x10 /tmp/ccWl1sOd.ltrans3.ltrans.o
 .rodata.test_011_001
                0x08008518       0x10 /tmp/ccWl1sOd.ltrans3.ltrans.o
 .rodata.test_008_003
                0x08008528       0x10 /tmp/ccWl1sOd.ltrans3.ltrans.o
 .rodata.test_012_004
                0x08008538       0x10 /tmp/ccWl1sOd.ltrans3.ltrans.o
 .rodata.test_012_011
                0x08008548       0x10 /tmp/ccWl1sOd.ltrans3.ltrans.o
 .rodata.test_004_003
                0x08008558       0x10 /tmp/ccWl1sOd.ltrans3.ltrans.o
 .rodata.test_004_004
                0x08008568       0x10 /tmp/ccWl1sOd.ltrans3.ltrans.o
 .rodata.test_004_005
                0x08008578       0x10 /tmp/ccWl1sOd.ltrans3.ltrans.o
 .rodata.test_004_006
                0x08008588       0x10 /tmp/ccWl1sOd.ltrans3.ltrans.o
 .rodata.test_001_003
                0x08008598       0x10 /tmp/ccWl1sOd.ltrans3.ltrans.o
 .rodata.test_012_008
                0x080085a8       0x10 /tmp/ccWl1sOd.ltrans3.ltrans.o
 .rodata.str1.4
                0x080085b8      0x783 /tmp/ccWl1sOd.ltrans3.ltrans.o
                                0x7d8 (size before relaxing)
 *fill*         0x08008d3b        0x1 
 .rodata.str1.4
                0x08008d3c       0x8b /tmp/ccWl1sOd.ltrans4.ltrans.o
                                0x104 (size before relaxing)
 *fill*         0x08008dc7        0x1 
 .rodata.str1.4
                0x08008dc8      0x195 /tmp/ccWl1sOd.ltrans5.ltrans.o
                                0x1ec (size before relaxing)
 *fill*         0x08008f5d        0x3 
 .rodata.ram_areas
                0x08008f60       0x80 /tmp/ccWl1sOd.ltrans6.ltrans.o
 .rodata.ch_debug
                0x08008fe0       0x18 /tmp/ccWl1sOd.ltrans7.ltrans.o
 .rodata.commands
                0x08008ff8       0x10 /tmp/ccWl1sOd.ltrans7.ltrans.o
 .rodata.str1.4
                0x08009008       0x39 /tmp/ccWl1sOd.ltrans7.ltrans.o
                                 0x3c (size before relaxing)
 *fill*         0x08009041        0x3 
 .rodata.idle_descriptor.6395
                0x08009044       0x18 /tmp/ccWl1sOd.ltrans7.ltrans.o
 .rodata.shell_cfg1
                0x0800905c        0x8 /tmp/ccWl1sOd.ltrans7.ltrans.o
 .rodata.vmt    0x08009064       0x20 /tmp/ccWl1sOd.ltrans7.ltrans.o
 .rodata.pow10  0x08009084       0x24 /tmp/ccWl1sOd.ltrans7.ltrans.o
 .rodata.str1.4
                0x080090a8       0x1c /tmp/ccWl1sOd.ltrans8.ltrans.o
                0x080090c4                . = ALIGN (0x4)
                0x080090c4                __rodata_end__ = .

.rel.dyn        0x080090c4        0x0
 .rel.iplt      0x00000000        0x0 build/obj/crt0_v7m.o

.ARM.extab
 *(.ARM.extab* .gnu.linkonce.armextab.*)

.ARM.exidx      0x080090c4        0x0
                0x080090c4                __exidx_start = .
 *(.ARM.exidx* .gnu.linkonce.armexidx.*)
                0x080090c4                __exidx_end = .

.eh_frame_hdr
 *(.eh_frame_hdr)

.eh_frame
 *(.eh_frame)
                0x20000000                __ram0_start__ = ORIGIN (ram0)
                0x0000a000                __ram0_size__ = 0xa000
                0x2000a000                __ram0_end__ = (__ram0_start__ + __ram0_size__)
                0x00000000                __ram1_start__ = ORIGIN (ram1)
                0x00000000                __ram1_size__ = 0x0
                0x00000000                __ram1_end__ = (__ram1_start__ + __ram1_size__)
                0x00000000                __ram2_start__ = ORIGIN (ram2)
                0x00000000                __ram2_size__ = 0x0
                0x00000000                __ram2_end__ = (__ram2_start__ + __ram2_size__)
                0x00000000                __ram3_start__ = ORIGIN (ram3)
                0x00000000                __ram3_size__ = 0x0
                0x00000000                __ram3_end__ = (__ram3_start__ + __ram3_size__)
                0x10000000                __ram4_start__ = ORIGIN (ram4)
                0x00002000                __ram4_size__ = 0x2000
                0x10002000                __ram4_end__ = (__ram4_start__ + __ram4_size__)
                0x00000000                __ram5_start__ = ORIGIN (ram5)
                0x00000000                __ram5_size__ = 0x0
                0x00000000                __ram5_end__ = (__ram5_start__ + __ram5_size__)
                0x00000000                __ram6_start__ = ORIGIN (ram6)
                0x00000000                __ram6_size__ = 0x0
                0x00000000                __ram6_end__ = (__ram6_start__ + __ram6_size__)
                0x00000000                __ram7_start__ = ORIGIN (ram7)
                0x00000000                __ram7_size__ = 0x0
                0x00000000                __ram7_end__ = (__ram7_start__ + __ram7_size__)

.data           0x20000800       0xb0 load address 0x080090c4
                0x20000800                . = ALIGN (0x4)
                0x080090c4                PROVIDE (_textdata, LOADADDR (.data))
                0x20000800                PROVIDE (_data, .)
                0x080090c4                _textdata_start = LOADADDR (.data)
                0x20000800                _data_start = .
 *(.data)
 *(.data.*)
 .data.es2.lto_priv.102
                0x20000800        0x4 /tmp/ccWl1sOd.ltrans0.ltrans.o
                0x20000800                es2.lto_priv.102
 .data.es1.lto_priv.101
                0x20000804        0x4 /tmp/ccWl1sOd.ltrans0.ltrans.o
                0x20000804                es1.lto_priv.101
 .data.test_suite
                0x20000808       0x34 /tmp/ccWl1sOd.ltrans3.ltrans.o
 .data.m2       0x2000083c       0x10 /tmp/ccWl1sOd.ltrans4.ltrans.o
 .data.mp1.lto_priv.91
                0x2000084c        0xc /tmp/ccWl1sOd.ltrans5.ltrans.o
 .data.m1.lto_priv.104
                0x20000858       0x10 /tmp/ccWl1sOd.ltrans8.ltrans.o
                0x20000858                m1.lto_priv.104
 .data.mb1.lto_priv.94
                0x20000868       0x28 /tmp/ccWl1sOd.ltrans8.ltrans.o
                0x20000868                mb1.lto_priv.94
 .data.gmp1.lto_priv.93
                0x20000890       0x18 /tmp/ccWl1sOd.ltrans8.ltrans.o
                0x20000890                gmp1.lto_priv.93
 .data.c1.lto_priv.103
                0x200008a8        0x8 /tmp/ccWl1sOd.ltrans8.ltrans.o
                0x200008a8                c1.lto_priv.103
 *(.ramtext)
                0x200008b0                . = ALIGN (0x4)
                0x200008b0                PROVIDE (_edata, .)
                0x200008b0                _data_end = .

.igot.plt       0x200008b0        0x0 load address 0x08009174
 .igot.plt      0x00000000        0x0 build/obj/crt0_v7m.o

.bss            0x200008b0      0xab0 load address 0x08009174
                0x200008b0                . = ALIGN (0x4)
                0x200008b0                _bss_start = .
 *(.bss)
 *(.bss.*)
 .bss.test_buffer
                0x200008b0      0x668 /tmp/ccWl1sOd.ltrans1.ltrans.o
                0x200008b0                test_buffer
 .bss.vt2.7139  0x20000f18       0x14 /tmp/ccWl1sOd.ltrans1.ltrans.o
 .bss.mtx1      0x20000f2c       0x10 /tmp/ccWl1sOd.ltrans1.ltrans.o
 .bss.sem1      0x20000f3c        0xc /tmp/ccWl1sOd.ltrans1.ltrans.o
 .bss.vt1.7138  0x20000f48       0x14 /tmp/ccWl1sOd.ltrans1.ltrans.o
 .bss.test_step
                0x20000f5c        0x4 /tmp/ccWl1sOd.ltrans1.ltrans.o
                0x20000f5c                test_step
 .bss.threads   0x20000f60       0x14 /tmp/ccWl1sOd.ltrans1.ltrans.o
                0x20000f60                threads
 .bss.tr1       0x20000f74        0x4 /tmp/ccWl1sOd.ltrans2.ltrans.o
 .bss.test_tokp
                0x20000f78        0x4 /tmp/ccWl1sOd.ltrans3.ltrans.o
 .bss.test_tokens_buffer
                0x20000f7c       0x10 /tmp/ccWl1sOd.ltrans3.ltrans.o
 .bss.test_chp  0x20000f8c        0x4 /tmp/ccWl1sOd.ltrans3.ltrans.o
 .bss.objects   0x20000f90       0x10 /tmp/ccWl1sOd.ltrans5.ltrans.o
 .bss.test_heap
                0x20000fa0       0x20 /tmp/ccWl1sOd.ltrans5.ltrans.o
 .bss.heap1     0x20000fc0       0x20 /tmp/ccWl1sOd.ltrans5.ltrans.o
 .bss.endmem.lto_priv.86
                0x20000fe0        0x4 /tmp/ccWl1sOd.ltrans7.ltrans.o
                0x20000fe0                endmem.lto_priv.86
 .bss.nextmem.lto_priv.87
                0x20000fe4        0x4 /tmp/ccWl1sOd.ltrans7.ltrans.o
                0x20000fe4                nextmem.lto_priv.87
 .bss.SD1       0x20000fe8       0x60 /tmp/ccWl1sOd.ltrans7.ltrans.o
                0x20000fe8                SD1
 .bss.waCounterThread
                0x20001048      0x148 /tmp/ccWl1sOd.ltrans7.ltrans.o
 .bss.shell_terminated
                0x20001190        0x4 /tmp/ccWl1sOd.ltrans7.ltrans.o
                0x20001190                shell_terminated
 *fill*         0x20001194        0x4 
 .bss.ch_idle_thread_wa
                0x20001198       0xd8 /tmp/ccWl1sOd.ltrans7.ltrans.o
 .bss.sd_in_buf1
                0x20001270       0x10 /tmp/ccWl1sOd.ltrans7.ltrans.o
 .bss.sd_out_buf1
                0x20001280       0x10 /tmp/ccWl1sOd.ltrans7.ltrans.o
 .bss.mb_buffer.lto_priv.95
                0x20001290       0x10 /tmp/ccWl1sOd.ltrans8.ltrans.o
                0x20001290                mb_buffer.lto_priv.95
 .bss.ch        0x200012a0       0x78 /tmp/ccWl1sOd.ltrans8.ltrans.o
                0x200012a0                ch
 .bss.test_local_fail.lto_priv.111
                0x20001318        0x1 /tmp/ccWl1sOd.ltrans8.ltrans.o
                0x20001318                test_local_fail.lto_priv.111
 *fill*         0x20001319        0x7 
 .bss.default_heap.lto_priv.74
                0x20001320       0x20 /tmp/ccWl1sOd.ltrans8.ltrans.o
                0x20001320                default_heap.lto_priv.74
 .bss.sem1.lto_priv.108
                0x20001340        0xc /tmp/ccWl1sOd.ltrans8.ltrans.o
                0x20001340                sem1.lto_priv.108
 .bss.test_failure_message.lto_priv.112
                0x2000134c        0x4 /tmp/ccWl1sOd.ltrans8.ltrans.o
                0x2000134c                test_failure_message.lto_priv.112
 .bss.mp1.lto_priv.92
                0x20001350        0xc /tmp/ccWl1sOd.ltrans8.ltrans.o
                0x20001350                mp1.lto_priv.92
 .bss.test_global_fail
                0x2000135c        0x1 /tmp/ccWl1sOd.ltrans8.ltrans.o
                0x2000135c                test_global_fail
 *(COMMON)
                0x20001360                . = ALIGN (0x4)
 *fill*         0x2000135d        0x3 
                0x20001360                _bss_end = .
                0x20001360                PROVIDE (end, .)

.ram0_init      0x20001360        0x0 load address 0x08009174
                0x20001360                . = ALIGN (0x4)
                0x08009174                __ram0_init_text__ = LOADADDR (.ram0_init)
                0x20001360                __ram0_init__ = .
 *(.ram0_init)
 *(.ram0_init.*)
                0x20001360                . = ALIGN (0x4)

.ram0           0x20001360        0x0 load address 0x08009174
                0x20001360                . = ALIGN (0x4)
                0x20001360                __ram0_clear__ = .
 *(.ram0_clear)
 *(.ram0_clear.*)
                0x20001360                . = ALIGN (0x4)
                0x20001360                __ram0_noinit__ = .
 *(.ram0)
 *(.ram0.*)
                0x20001360                . = ALIGN (0x4)
                0x20001360                __ram0_free__ = .

.ram1_init      0x00000000        0x0 load address 0x08009174
                0x00000000                . = ALIGN (0x4)
                0x08009174                __ram1_init_text__ = LOADADDR (.ram1_init)
                0x00000000                __ram1_init__ = .
 *(.ram1_init)
 *(.ram1_init.*)
                0x00000000                . = ALIGN (0x4)

.ram1           0x00000000        0x0 load address 0x08009174
                0x00000000                . = ALIGN (0x4)
                0x00000000                __ram1_clear__ = .
 *(.ram1_clear)
 *(.ram1_clear.*)
                0x00000000                . = ALIGN (0x4)
                0x00000000                __ram1_noinit__ = .
 *(.ram1)
 *(.ram1.*)
                0x00000000                . = ALIGN (0x4)
                0x00000000                __ram1_free__ = .

.ram2_init      0x00000000        0x0 load address 0x08009174
                0x00000000                . = ALIGN (0x4)
                0x08009174                __ram2_init_text__ = LOADADDR (.ram2_init)
                0x00000000                __ram2_init__ = .
 *(.ram2_init)
 *(.ram2_init.*)
                0x00000000                . = ALIGN (0x4)

.ram2           0x00000000        0x0 load address 0x08009174
                0x00000000                . = ALIGN (0x4)
                0x00000000                __ram2_clear__ = .
 *(.ram2_clear)
 *(.ram2_clear.*)
                0x00000000                . = ALIGN (0x4)
                0x00000000                __ram2_noinit__ = .
 *(.ram2)
 *(.ram2.*)
                0x00000000                . = ALIGN (0x4)
                0x00000000                __ram2_free__ = .

.ram3_init      0x00000000        0x0 load address 0x08009174
                0x00000000                . = ALIGN (0x4)
                0x08009174                __ram3_init_text__ = LOADADDR (.ram3_init)
                0x00000000                __ram3_init__ = .
 *(.ram3_init)
 *(.ram3_init.*)
                0x00000000                . = ALIGN (0x4)

.ram3           0x00000000        0x0 load address 0x08009174
                0x00000000                . = ALIGN (0x4)
                0x00000000                __ram3_clear__ = .
 *(.ram3_clear)
 *(.ram3_clear.*)
                0x00000000                . = ALIGN (0x4)
                0x00000000                __ram3_noinit__ = .
 *(.ram3)
 *(.ram3.*)
                0x00000000                . = ALIGN (0x4)
                0x00000000                __ram3_free__ = .

.ram4_init      0x10000000        0x0 load address 0x08009174
                0x10000000                . = ALIGN (0x4)
                0x08009174                __ram4_init_text__ = LOADADDR (.ram4_init)
                0x10000000                __ram4_init__ = .
 *(.ram4_init)
 *(.ram4_init.*)
                0x10000000                . = ALIGN (0x4)

.ram4           0x10000000        0x0 load address 0x08009174
                0x10000000                . = ALIGN (0x4)
                0x10000000                __ram4_clear__ = .
 *(.ram4_clear)
 *(.ram4_clear.*)
                0x10000000                . = ALIGN (0x4)
                0x10000000                __ram4_noinit__ = .
 *(.ram4)
 *(.ram4.*)
                0x10000000                . = ALIGN (0x4)
                0x10000000                __ram4_free__ = .

.ram5_init      0x00000000        0x0 load address 0x08009174
                0x00000000                . = ALIGN (0x4)
                0x08009174                __ram5_init_text__ = LOADADDR (.ram5_init)
                0x00000000                __ram5_init__ = .
 *(.ram5_init)
 *(.ram5_init.*)
                0x00000000                . = ALIGN (0x4)

.ram5           0x00000000        0x0 load address 0x08009174
                0x00000000                . = ALIGN (0x4)
                0x00000000                __ram5_clear__ = .
 *(.ram5_clear)
 *(.ram5_clear.*)
                0x00000000                . = ALIGN (0x4)
                0x00000000                __ram5_noinit__ = .
 *(.ram5)
 *(.ram5.*)
                0x00000000                . = ALIGN (0x4)
                0x00000000                __ram5_free__ = .

.ram6_init      0x00000000        0x0 load address 0x08009174
                0x00000000                . = ALIGN (0x4)
                0x08009174                __ram6_init_text__ = LOADADDR (.ram6_init)
                0x00000000                __ram6_init__ = .
 *(.ram6_init)
 *(.ram6_init.*)
                0x00000000                . = ALIGN (0x4)

.ram6           0x00000000        0x0 load address 0x08009174
                0x00000000                . = ALIGN (0x4)
                0x00000000                __ram6_clear__ = .
 *(.ram6_clear)
 *(.ram6_clear.*)
                0x00000000                . = ALIGN (0x4)
                0x00000000                __ram6_noinit__ = .
 *(.ram6)
 *(.ram6.*)
                0x00000000                . = ALIGN (0x4)
                0x00000000                __ram6_free__ = .

.ram7_init      0x00000000        0x0 load address 0x08009174
                0x00000000                . = ALIGN (0x4)
                0x08009174                __ram7_init_text__ = LOADADDR (.ram7_init)
                0x00000000                __ram7_init__ = .
 *(.ram7_init)
 *(.ram7_init.*)
                0x00000000                . = ALIGN (0x4)

.ram7           0x00000000        0x0 load address 0x08009174
                0x00000000                . = ALIGN (0x4)
                0x00000000                __ram7_clear__ = .
 *(.ram7_clear)
 *(.ram7_clear.*)
                0x00000000                . = ALIGN (0x4)
                0x00000000                __ram7_noinit__ = .
 *(.ram7)
 *(.ram7.*)
                0x00000000                . = ALIGN (0x4)
                0x00000000                __ram7_free__ = .

.heap           0x20001360     0x8ca0
                0x20001360                . = ALIGN (0x8)
                0x20001360                __heap_base__ = .
                0x2000a000                . = (ORIGIN (HEAP_RAM) + 0xa000)
 *fill*         0x20001360     0x8ca0 
                0x2000a000                __heap_end__ = .
                0x00000400                __process_stack_size__ = 0x400
                0x00000400                __main_stack_size__ = 0x400
START GROUP
LOAD /l/arm2/gcc-arm-none-eabi-4_9-2014q4/bin/../lib/gcc/arm-none-eabi/4.9.3/armv7e-m/libgcc.a
LOAD /l/arm2/gcc-arm-none-eabi-4_9-2014q4/bin/../lib/gcc/arm-none-eabi/4.9.3/../../../../arm-none-eabi/lib/armv7e-m/libg.a
LOAD /l/arm2/gcc-arm-none-eabi-4_9-2014q4/bin/../lib/gcc/arm-none-eabi/4.9.3/../../../../arm-none-eabi/lib/armv7e-m/libc.a
END GROUP
OUTPUT(build/ch.elf elf32-littlearm)

.ARM.attributes
                0x00000000       0x2f
 .ARM.attributes
                0x00000000       0x21 build/obj/crt0_v7m.o
 .ARM.attributes
                0x00000021       0x21 build/obj/chcoreasm_v7m.o
 .ARM.attributes
                0x00000042       0x31 /tmp/ccWl1sOd.ltrans0.ltrans.o
 .ARM.attributes
                0x00000073       0x31 /tmp/ccWl1sOd.ltrans1.ltrans.o
 .ARM.attributes
                0x000000a4       0x31 /tmp/ccWl1sOd.ltrans2.ltrans.o
 .ARM.attributes
                0x000000d5       0x31 /tmp/ccWl1sOd.ltrans3.ltrans.o
 .ARM.attributes
                0x00000106       0x31 /tmp/ccWl1sOd.ltrans4.ltrans.o
 .ARM.attributes
                0x00000137       0x31 /tmp/ccWl1sOd.ltrans5.ltrans.o
 .ARM.attributes
                0x00000168       0x31 /tmp/ccWl1sOd.ltrans6.ltrans.o
 .ARM.attributes
                0x00000199       0x31 /tmp/ccWl1sOd.ltrans7.ltrans.o
 .ARM.attributes
                0x000001ca       0x31 /tmp/ccWl1sOd.ltrans8.ltrans.o
 .ARM.attributes
                0x000001fb       0x1e /l/arm2/gcc-arm-none-eabi-4_9-2014q4/bin/../lib/gcc/arm-none-eabi/4.9.3/armv7e-m/libgcc.a(_arm_addsubdf3.o)
 .ARM.attributes
                0x00000219       0x1e /l/arm2/gcc-arm-none-eabi-4_9-2014q4/bin/../lib/gcc/arm-none-eabi/4.9.3/armv7e-m/libgcc.a(_arm_muldivdf3.o)
 .ARM.attributes
                0x00000237       0x1e /l/arm2/gcc-arm-none-eabi-4_9-2014q4/bin/../lib/gcc/arm-none-eabi/4.9.3/armv7e-m/libgcc.a(_arm_fixdfsi.o)
 .ARM.attributes
                0x00000255       0x1e /l/arm2/gcc-arm-none-eabi-4_9-2014q4/bin/../lib/gcc/arm-none-eabi/4.9.3/armv7e-m/libgcc.a(_arm_truncdfsf2.o)
 .ARM.attributes
                0x00000273       0x1e /l/arm2/gcc-arm-none-eabi-4_9-2014q4/bin/../lib/gcc/arm-none-eabi/4.9.3/armv7e-m/libgcc.a(_arm_cmpsf2.o)
 .ARM.attributes
                0x00000291       0x1e /l/arm2/gcc-arm-none-eabi-4_9-2014q4/bin/../lib/gcc/arm-none-eabi/4.9.3/armv7e-m/libgcc.a(_arm_fixsfsi.o)
 .ARM.attributes
                0x000002af       0x2e /l/arm2/gcc-arm-none-eabi-4_9-2014q4/bin/../lib/gcc/arm-none-eabi/4.9.3/../../../../arm-none-eabi/lib/armv7e-m/libg.a(lib_a-strchr.o)
 .ARM.attributes
                0x000002dd       0x1c /l/arm2/gcc-arm-none-eabi-4_9-2014q4/bin/../lib/gcc/arm-none-eabi/4.9.3/../../../../arm-none-eabi/lib/armv7e-m/libg.a(lib_a-strcmp.o)
 .ARM.attributes
                0x000002f9       0x2e /l/arm2/gcc-arm-none-eabi-4_9-2014q4/bin/../lib/gcc/arm-none-eabi/4.9.3/../../../../arm-none-eabi/lib/armv7e-m/libg.a(lib_a-strpbrk.o)
 .ARM.attributes
                0x00000327       0x2e /l/arm2/gcc-arm-none-eabi-4_9-2014q4/bin/../lib/gcc/arm-none-eabi/4.9.3/../../../../arm-none-eabi/lib/armv7e-m/libg.a(lib_a-strspn.o)

.comment        0x00000000       0x70
 .comment       0x00000000       0x70 /tmp/ccWl1sOd.ltrans0.ltrans.o
                                 0x71 (size before relaxing)
 .comment       0x00000000       0x71 /tmp/ccWl1sOd.ltrans1.ltrans.o
 .comment       0x00000000       0x71 /tmp/ccWl1sOd.ltrans2.ltrans.o
 .comment       0x00000000       0x71 /tmp/ccWl1sOd.ltrans3.ltrans.o
 .comment       0x00000000       0x71 /tmp/ccWl1sOd.ltrans4.ltrans.o
 .comment       0x00000000       0x71 /tmp/ccWl1sOd.ltrans5.ltrans.o
 .comment       0x00000000       0x71 /tmp/ccWl1sOd.ltrans6.ltrans.o
 .comment       0x00000000       0x71 /tmp/ccWl1sOd.ltrans7.ltrans.o
 .comment       0x00000000       0x71 /tmp/ccWl1sOd.ltrans8.ltrans.o

.debug_info     0x00000000    0x1c6e9
 .debug_info    0x00000000     0x3549 /tmp/ccWl1sOd.ltrans0.ltrans.o
 .debug_info    0x00003549     0x3b6f /tmp/ccWl1sOd.ltrans1.ltrans.o
 .debug_info    0x000070b8     0x3acd /tmp/ccWl1sOd.ltrans2.ltrans.o
 .debug_info    0x0000ab85     0x41b5 /tmp/ccWl1sOd.ltrans3.ltrans.o
 .debug_info    0x0000ed3a     0x38a7 /tmp/ccWl1sOd.ltrans4.ltrans.o
 .debug_info    0x000125e1     0x2d06 /tmp/ccWl1sOd.ltrans5.ltrans.o
 .debug_info    0x000152e7     0x2dcf /tmp/ccWl1sOd.ltrans6.ltrans.o
 .debug_info    0x000180b6     0x1f8f /tmp/ccWl1sOd.ltrans7.ltrans.o
 .debug_info    0x0001a045     0x26a4 /tmp/ccWl1sOd.ltrans8.ltrans.o

.debug_abbrev   0x00000000     0x3326
 .debug_abbrev  0x00000000      0x514 /tmp/ccWl1sOd.ltrans0.ltrans.o
 .debug_abbrev  0x00000514      0x608 /tmp/ccWl1sOd.ltrans1.ltrans.o
 .debug_abbrev  0x00000b1c      0x5f4 /tmp/ccWl1sOd.ltrans2.ltrans.o
 .debug_abbrev  0x00001110      0x75c /tmp/ccWl1sOd.ltrans3.ltrans.o
 .debug_abbrev  0x0000186c      0x544 /tmp/ccWl1sOd.ltrans4.ltrans.o
 .debug_abbrev  0x00001db0      0x5dc /tmp/ccWl1sOd.ltrans5.ltrans.o
 .debug_abbrev  0x0000238c      0x5b7 /tmp/ccWl1sOd.ltrans6.ltrans.o
 .debug_abbrev  0x00002943      0x560 /tmp/ccWl1sOd.ltrans7.ltrans.o
 .debug_abbrev  0x00002ea3      0x483 /tmp/ccWl1sOd.ltrans8.ltrans.o

.debug_loc      0x00000000     0x725e
 .debug_loc     0x00000000      0xa26 /tmp/ccWl1sOd.ltrans0.ltrans.o
 .debug_loc     0x00000a26      0xfde /tmp/ccWl1sOd.ltrans1.ltrans.o
 .debug_loc     0x00001a04      0x572 /tmp/ccWl1sOd.ltrans2.ltrans.o
 .debug_loc     0x00001f76     0x185b /tmp/ccWl1sOd.ltrans3.ltrans.o
 .debug_loc     0x000037d1      0x7dd /tmp/ccWl1sOd.ltrans4.ltrans.o
 .debug_loc     0x00003fae      0x75e /tmp/ccWl1sOd.ltrans5.ltrans.o
 .debug_loc     0x0000470c     0x13f2 /tmp/ccWl1sOd.ltrans6.ltrans.o
 .debug_loc     0x00005afe      0xb07 /tmp/ccWl1sOd.ltrans7.ltrans.o
 .debug_loc     0x00006605      0xc59 /tmp/ccWl1sOd.ltrans8.ltrans.o

.debug_aranges  0x00000000      0x7f8
 .debug_aranges
                0x00000000       0xa8 /tmp/ccWl1sOd.ltrans0.ltrans.o
 .debug_aranges
                0x000000a8      0x100 /tmp/ccWl1sOd.ltrans1.ltrans.o
 .debug_aranges
                0x000001a8      0x100 /tmp/ccWl1sOd.ltrans2.ltrans.o
 .debug_aranges
                0x000002a8      0x128 /tmp/ccWl1sOd.ltrans3.ltrans.o
 .debug_aranges
                0x000003d0      0x118 /tmp/ccWl1sOd.ltrans4.ltrans.o
 .debug_aranges
                0x000004e8       0xc0 /tmp/ccWl1sOd.ltrans5.ltrans.o
 .debug_aranges
                0x000005a8      0x160 /tmp/ccWl1sOd.ltrans6.ltrans.o
 .debug_aranges
                0x00000708       0x38 /tmp/ccWl1sOd.ltrans7.ltrans.o
 .debug_aranges
                0x00000740       0xb8 /tmp/ccWl1sOd.ltrans8.ltrans.o

.debug_ranges   0x00000000     0x3310
 .debug_ranges  0x00000000      0x3e8 /tmp/ccWl1sOd.ltrans0.ltrans.o
 .debug_ranges  0x000003e8      0x5f0 /tmp/ccWl1sOd.ltrans1.ltrans.o
 .debug_ranges  0x000009d8      0x478 /tmp/ccWl1sOd.ltrans2.ltrans.o
 .debug_ranges  0x00000e50      0x448 /tmp/ccWl1sOd.ltrans3.ltrans.o
 .debug_ranges  0x00001298      0x6f8 /tmp/ccWl1sOd.ltrans4.ltrans.o
 .debug_ranges  0x00001990      0x6c8 /tmp/ccWl1sOd.ltrans5.ltrans.o
 .debug_ranges  0x00002058      0x6c0 /tmp/ccWl1sOd.ltrans6.ltrans.o
 .debug_ranges  0x00002718      0x8a8 /tmp/ccWl1sOd.ltrans7.ltrans.o
 .debug_ranges  0x00002fc0      0x350 /tmp/ccWl1sOd.ltrans8.ltrans.o

.debug_line     0x00000000     0x6a71
 .debug_line    0x00000000      0x934 /tmp/ccWl1sOd.ltrans0.ltrans.o
 .debug_line    0x00000934      0xc75 /tmp/ccWl1sOd.ltrans1.ltrans.o
 .debug_line    0x000015a9      0xbdd /tmp/ccWl1sOd.ltrans2.ltrans.o
 .debug_line    0x00002186      0xf5d /tmp/ccWl1sOd.ltrans3.ltrans.o
 .debug_line    0x000030e3      0xc6a /tmp/ccWl1sOd.ltrans4.ltrans.o
 .debug_line    0x00003d4d      0xa5e /tmp/ccWl1sOd.ltrans5.ltrans.o
 .debug_line    0x000047ab      0xe1e /tmp/ccWl1sOd.ltrans6.ltrans.o
 .debug_line    0x000055c9      0xaca /tmp/ccWl1sOd.ltrans7.ltrans.o
 .debug_line    0x00006093      0x9de /tmp/ccWl1sOd.ltrans8.ltrans.o

.debug_str      0x00000000     0x428d
 .debug_str     0x00000000      0xc6a /tmp/ccWl1sOd.ltrans0.ltrans.o
                                0xd07 (size before relaxing)
 .debug_str     0x00000c6a      0x8b1 /tmp/ccWl1sOd.ltrans1.ltrans.o
                                0xded (size before relaxing)
 .debug_str     0x0000151b      0x82f /tmp/ccWl1sOd.ltrans2.ltrans.o
                                0xe8b (size before relaxing)
 .debug_str     0x00001d4a      0xb33 /tmp/ccWl1sOd.ltrans3.ltrans.o
                               0x1231 (size before relaxing)
 .debug_str     0x0000287d      0x76f /tmp/ccWl1sOd.ltrans4.ltrans.o
                                0xe5b (size before relaxing)
 .debug_str     0x00002fec      0x5d2 /tmp/ccWl1sOd.ltrans5.ltrans.o
                                0xd90 (size before relaxing)
 .debug_str     0x000035be      0x380 /tmp/ccWl1sOd.ltrans6.ltrans.o
                                0xc56 (size before relaxing)
 .debug_str     0x0000393e      0x4ea /tmp/ccWl1sOd.ltrans7.ltrans.o
                                0xd43 (size before relaxing)
 .debug_str     0x00003e28      0x465 /tmp/ccWl1sOd.ltrans8.ltrans.o
                                0xe31 (size before relaxing)

.debug_frame    0x00000000     0x1b38
 .debug_frame   0x00000000      0x22c /tmp/ccWl1sOd.ltrans0.ltrans.o
 .debug_frame   0x0000022c      0x3d4 /tmp/ccWl1sOd.ltrans1.ltrans.o
 .debug_frame   0x00000600      0x340 /tmp/ccWl1sOd.ltrans2.ltrans.o
 .debug_frame   0x00000940      0x3e4 /tmp/ccWl1sOd.ltrans3.ltrans.o
 .debug_frame   0x00000d24      0x3b4 /tmp/ccWl1sOd.ltrans4.ltrans.o
 .debug_frame   0x000010d8      0x26c /tmp/ccWl1sOd.ltrans5.ltrans.o
 .debug_frame   0x00001344      0x470 /tmp/ccWl1sOd.ltrans6.ltrans.o
 .debug_frame   0x000017b4       0xb8 /tmp/ccWl1sOd.ltrans7.ltrans.o
 .debug_frame   0x0000186c      0x218 /tmp/ccWl1sOd.ltrans8.ltrans.o
 .debug_frame   0x00001a84       0x4c /l/arm2/gcc-arm-none-eabi-4_9-2014q4/bin/../lib/gcc/arm-none-eabi/4.9.3/../../../../arm-none-eabi/lib/armv7e-m/libg.a(lib_a-strchr.o)
 .debug_frame   0x00001ad0       0x34 /l/arm2/gcc-arm-none-eabi-4_9-2014q4/bin/../lib/gcc/arm-none-eabi/4.9.3/../../../../arm-none-eabi/lib/armv7e-m/libg.a(lib_a-strpbrk.o)
 .debug_frame   0x00001b04       0x34 /l/arm2/gcc-arm-none-eabi-4_9-2014q4/bin/../lib/gcc/arm-none-eabi/4.9.3/../../../../arm-none-eabi/lib/armv7e-m/libg.a(lib_a-strspn.o)

Cross Reference Table

Symbol                                            File
BusFault_Handler                                  /tmp/ccWl1sOd.ltrans6.ltrans.o
                                                  build/obj/vectors.o (symbol from plugin)
                                                  /tmp/ccWl1sOd.ltrans3.ltrans.o
DebugMon_Handler                                  /tmp/ccWl1sOd.ltrans6.ltrans.o
                                                  build/obj/vectors.o (symbol from plugin)
                                                  /tmp/ccWl1sOd.ltrans3.ltrans.o
HardFault_Handler                                 /tmp/ccWl1sOd.ltrans6.ltrans.o
                                                  build/obj/vectors.o (symbol from plugin)
                                                  /tmp/ccWl1sOd.ltrans3.ltrans.o
MemManage_Handler                                 /tmp/ccWl1sOd.ltrans6.ltrans.o
                                                  build/obj/vectors.o (symbol from plugin)
                                                  /tmp/ccWl1sOd.ltrans3.ltrans.o
NMI_Handler                                       /tmp/ccWl1sOd.ltrans6.ltrans.o
                                                  build/obj/vectors.o (symbol from plugin)
                                                  /tmp/ccWl1sOd.ltrans3.ltrans.o
PendSV_Handler                                    /tmp/ccWl1sOd.ltrans6.ltrans.o
                                                  build/obj/vectors.o (symbol from plugin)
                                                  /tmp/ccWl1sOd.ltrans3.ltrans.o
Reset_Handler                                     build/obj/crt0_v7m.o
                                                  /tmp/ccWl1sOd.ltrans3.ltrans.o
                                                  build/obj/vectors.o (symbol from plugin)
SD1                                               /tmp/ccWl1sOd.ltrans7.ltrans.o
                                                  build/obj/hal_serial_lld.o (symbol from plugin)
                                                  /tmp/ccWl1sOd.ltrans3.ltrans.o
                                                  build/obj/main.o (symbol from plugin)
SVC_Handler                                       build/obj/chcore_v7m.o (symbol from plugin)
                                                  build/obj/vectors.o (symbol from plugin)
SysTick_Handler                                   /tmp/ccWl1sOd.ltrans6.ltrans.o
                                                  build/obj/vectors.o (symbol from plugin)
                                                  /tmp/ccWl1sOd.ltrans3.ltrans.o
SystemCoreClock                                   build/obj/hal_lld.o (symbol from plugin)
UsageFault_Handler                                /tmp/ccWl1sOd.ltrans6.ltrans.o
                                                  build/obj/vectors.o (symbol from plugin)
                                                  /tmp/ccWl1sOd.ltrans3.ltrans.o
Vector100                                         /tmp/ccWl1sOd.ltrans6.ltrans.o
                                                  build/obj/vectors.o (symbol from plugin)
                                                  /tmp/ccWl1sOd.ltrans3.ltrans.o
Vector104                                         /tmp/ccWl1sOd.ltrans6.ltrans.o
                                                  build/obj/vectors.o (symbol from plugin)
                                                  /tmp/ccWl1sOd.ltrans3.ltrans.o
Vector108                                         /tmp/ccWl1sOd.ltrans6.ltrans.o
                                                  build/obj/vectors.o (symbol from plugin)
                                                  /tmp/ccWl1sOd.ltrans3.ltrans.o
Vector10C                                         /tmp/ccWl1sOd.ltrans6.ltrans.o
                                                  build/obj/vectors.o (symbol from plugin)
                                                  /tmp/ccWl1sOd.ltrans3.ltrans.o
Vector110                                         /tmp/ccWl1sOd.ltrans6.ltrans.o
                                                  build/obj/vectors.o (symbol from plugin)
                                                  /tmp/ccWl1sOd.ltrans3.ltrans.o
Vector114                                         /tmp/ccWl1sOd.ltrans6.ltrans.o
                                                  build/obj/vectors.o (symbol from plugin)
                                                  /tmp/ccWl1sOd.ltrans3.ltrans.o
Vector118                                         /tmp/ccWl1sOd.ltrans6.ltrans.o
                                                  build/obj/vectors.o (symbol from plugin)
                                                  /tmp/ccWl1sOd.ltrans3.ltrans.o
Vector11C                                         /tmp/ccWl1sOd.ltrans6.ltrans.o
                                                  build/obj/vectors.o (symbol from plugin)
                                                  /tmp/ccWl1sOd.ltrans3.ltrans.o
Vector120                                         /tmp/ccWl1sOd.ltrans6.ltrans.o
                                                  build/obj/vectors.o (symbol from plugin)
                                                  /tmp/ccWl1sOd.ltrans3.ltrans.o
Vector124                                         /tmp/ccWl1sOd.ltrans6.ltrans.o
                                                  build/obj/vectors.o (symbol from plugin)
                                                  /tmp/ccWl1sOd.ltrans3.ltrans.o
Vector128                                         /tmp/ccWl1sOd.ltrans6.ltrans.o
                                                  build/obj/vectors.o (symbol from plugin)
                                                  /tmp/ccWl1sOd.ltrans3.ltrans.o
Vector12C                                         /tmp/ccWl1sOd.ltrans6.ltrans.o
                                                  build/obj/vectors.o (symbol from plugin)
                                                  /tmp/ccWl1sOd.ltrans3.ltrans.o
Vector130                                         /tmp/ccWl1sOd.ltrans6.ltrans.o
                                                  build/obj/vectors.o (symbol from plugin)
                                                  /tmp/ccWl1sOd.ltrans3.ltrans.o
Vector134                                         /tmp/ccWl1sOd.ltrans6.ltrans.o
                                                  build/obj/vectors.o (symbol from plugin)
                                                  /tmp/ccWl1sOd.ltrans3.ltrans.o
Vector138                                         /tmp/ccWl1sOd.ltrans6.ltrans.o
                                                  build/obj/vectors.o (symbol from plugin)
                                                  /tmp/ccWl1sOd.ltrans3.ltrans.o
Vector13C                                         /tmp/ccWl1sOd.ltrans6.ltrans.o
                                                  build/obj/vectors.o (symbol from plugin)
                                                  /tmp/ccWl1sOd.ltrans3.ltrans.o
Vector140                                         /tmp/ccWl1sOd.ltrans6.ltrans.o
                                                  build/obj/vectors.o (symbol from plugin)
                                                  /tmp/ccWl1sOd.ltrans3.ltrans.o
Vector144                                         /tmp/ccWl1sOd.ltrans6.ltrans.o
                                                  build/obj/vectors.o (symbol from plugin)
                                                  /tmp/ccWl1sOd.ltrans3.ltrans.o
Vector148                                         /tmp/ccWl1sOd.ltrans6.ltrans.o
                                                  build/obj/vectors.o (symbol from plugin)
                                                  /tmp/ccWl1sOd.ltrans3.ltrans.o
Vector14C                                         /tmp/ccWl1sOd.ltrans6.ltrans.o
                                                  build/obj/vectors.o (symbol from plugin)
                                                  /tmp/ccWl1sOd.ltrans3.ltrans.o
Vector150                                         /tmp/ccWl1sOd.ltrans6.ltrans.o
                                                  build/obj/vectors.o (symbol from plugin)
                                                  /tmp/ccWl1sOd.ltrans3.ltrans.o
Vector154                                         /tmp/ccWl1sOd.ltrans6.ltrans.o
                                                  build/obj/vectors.o (symbol from plugin)
                                                  /tmp/ccWl1sOd.ltrans3.ltrans.o
Vector158                                         /tmp/ccWl1sOd.ltrans6.ltrans.o
                                                  build/obj/vectors.o (symbol from plugin)
                                                  /tmp/ccWl1sOd.ltrans3.ltrans.o
Vector15C                                         /tmp/ccWl1sOd.ltrans6.ltrans.o
                                                  build/obj/vectors.o (symbol from plugin)
                                                  /tmp/ccWl1sOd.ltrans3.ltrans.o
Vector160                                         /tmp/ccWl1sOd.ltrans6.ltrans.o
                                                  build/obj/vectors.o (symbol from plugin)
                                                  /tmp/ccWl1sOd.ltrans3.ltrans.o
Vector164                                         /tmp/ccWl1sOd.ltrans6.ltrans.o
                                                  build/obj/vectors.o (symbol from plugin)
                                                  /tmp/ccWl1sOd.ltrans3.ltrans.o
Vector168                                         /tmp/ccWl1sOd.ltrans6.ltrans.o
                                                  build/obj/vectors.o (symbol from plugin)
                                                  /tmp/ccWl1sOd.ltrans3.ltrans.o
Vector16C                                         /tmp/ccWl1sOd.ltrans6.ltrans.o
                                                  build/obj/vectors.o (symbol from plugin)
                                                  /tmp/ccWl1sOd.ltrans3.ltrans.o
Vector170                                         /tmp/ccWl1sOd.ltrans6.ltrans.o
                                                  build/obj/vectors.o (symbol from plugin)
                                                  /tmp/ccWl1sOd.ltrans3.ltrans.o
Vector174                                         /tmp/ccWl1sOd.ltrans6.ltrans.o
                                                  build/obj/vectors.o (symbol from plugin)
                                                  /tmp/ccWl1sOd.ltrans3.ltrans.o
Vector178                                         /tmp/ccWl1sOd.ltrans6.ltrans.o
                                                  build/obj/vectors.o (symbol from plugin)
                                                  /tmp/ccWl1sOd.ltrans3.ltrans.o
Vector17C                                         /tmp/ccWl1sOd.ltrans6.ltrans.o
                                                  build/obj/vectors.o (symbol from plugin)