Archive member included because of file (symbol)

/nfs/nfs5/home/research/hardware/arm2/gcc-arm-embedded/gcc-arm-none-eabi-4_8-2014q2/bin/../lib/gcc/arm-none-eabi/4.8.4/../../../../arm-none-eabi/lib/armv7e-m/libg.a(lib_a-atoi.o)
                              build/obj/main.o (symbol from plugin) (atoi)
/nfs/nfs5/home/research/hardware/arm2/gcc-arm-embedded/gcc-arm-none-eabi-4_8-2014q2/bin/../lib/gcc/arm-none-eabi/4.8.4/../../../../arm-none-eabi/lib/armv7e-m/libg.a(lib_a-strtol.o)
                              /nfs/nfs5/home/research/hardware/arm2/gcc-arm-embedded/gcc-arm-none-eabi-4_8-2014q2/bin/../lib/gcc/arm-none-eabi/4.8.4/../../../../arm-none-eabi/lib/armv7e-m/libg.a(lib_a-atoi.o) (_strtol_r)
/nfs/nfs5/home/research/hardware/arm2/gcc-arm-embedded/gcc-arm-none-eabi-4_8-2014q2/bin/../lib/gcc/arm-none-eabi/4.8.4/../../../../arm-none-eabi/lib/armv7e-m/libg.a(lib_a-ctype_.o)
                              /nfs/nfs5/home/research/hardware/arm2/gcc-arm-embedded/gcc-arm-none-eabi-4_8-2014q2/bin/../lib/gcc/arm-none-eabi/4.8.4/../../../../arm-none-eabi/lib/armv7e-m/libg.a(lib_a-strtol.o) (__ctype_ptr__)
/nfs/nfs5/home/research/hardware/arm2/gcc-arm-embedded/gcc-arm-none-eabi-4_8-2014q2/bin/../lib/gcc/arm-none-eabi/4.8.4/../../../../arm-none-eabi/lib/armv7e-m/libg.a(lib_a-impure.o)
                              /nfs/nfs5/home/research/hardware/arm2/gcc-arm-embedded/gcc-arm-none-eabi-4_8-2014q2/bin/../lib/gcc/arm-none-eabi/4.8.4/../../../../arm-none-eabi/lib/armv7e-m/libg.a(lib_a-strtol.o) (_impure_ptr)
/nfs/nfs5/home/research/hardware/arm2/gcc-arm-embedded/gcc-arm-none-eabi-4_8-2014q2/bin/../lib/gcc/arm-none-eabi/4.8.4/armv7e-m/libgcc.a(_arm_addsubdf3.o)
                              /tmp/cc9Ynmkc.ltrans4.ltrans.o (__aeabi_dsub)
/nfs/nfs5/home/research/hardware/arm2/gcc-arm-embedded/gcc-arm-none-eabi-4_8-2014q2/bin/../lib/gcc/arm-none-eabi/4.8.4/armv7e-m/libgcc.a(_arm_muldivdf3.o)
                              /tmp/cc9Ynmkc.ltrans4.ltrans.o (__aeabi_dmul)
/nfs/nfs5/home/research/hardware/arm2/gcc-arm-embedded/gcc-arm-none-eabi-4_8-2014q2/bin/../lib/gcc/arm-none-eabi/4.8.4/armv7e-m/libgcc.a(_arm_fixdfsi.o)
                              /tmp/cc9Ynmkc.ltrans4.ltrans.o (__aeabi_d2iz)
/nfs/nfs5/home/research/hardware/arm2/gcc-arm-embedded/gcc-arm-none-eabi-4_8-2014q2/bin/../lib/gcc/arm-none-eabi/4.8.4/armv7e-m/libgcc.a(_arm_truncdfsf2.o)
                              /tmp/cc9Ynmkc.ltrans4.ltrans.o (__aeabi_d2f)
/nfs/nfs5/home/research/hardware/arm2/gcc-arm-embedded/gcc-arm-none-eabi-4_8-2014q2/bin/../lib/gcc/arm-none-eabi/4.8.4/armv7e-m/libgcc.a(_arm_cmpsf2.o)
                              /tmp/cc9Ynmkc.ltrans4.ltrans.o (__aeabi_fcmplt)
/nfs/nfs5/home/research/hardware/arm2/gcc-arm-embedded/gcc-arm-none-eabi-4_8-2014q2/bin/../lib/gcc/arm-none-eabi/4.8.4/armv7e-m/libgcc.a(_arm_fixsfsi.o)
                              /tmp/cc9Ynmkc.ltrans4.ltrans.o (__aeabi_f2iz)
/nfs/nfs5/home/research/hardware/arm2/gcc-arm-embedded/gcc-arm-none-eabi-4_8-2014q2/bin/../lib/gcc/arm-none-eabi/4.8.4/../../../../arm-none-eabi/lib/armv7e-m/libg.a(lib_a-memset.o)
                              /tmp/cc9Ynmkc.ltrans9.ltrans.o (memset)
/nfs/nfs5/home/research/hardware/arm2/gcc-arm-embedded/gcc-arm-none-eabi-4_8-2014q2/bin/../lib/gcc/arm-none-eabi/4.8.4/../../../../arm-none-eabi/lib/armv7e-m/libg.a(lib_a-snprintf.o)
                              /tmp/cc9Ynmkc.ltrans7.ltrans.o (snprintf)
/nfs/nfs5/home/research/hardware/arm2/gcc-arm-embedded/gcc-arm-none-eabi-4_8-2014q2/bin/../lib/gcc/arm-none-eabi/4.8.4/../../../../arm-none-eabi/lib/armv7e-m/libg.a(lib_a-strchr.o)
                              /tmp/cc9Ynmkc.ltrans4.ltrans.o (strchr)
/nfs/nfs5/home/research/hardware/arm2/gcc-arm-embedded/gcc-arm-none-eabi-4_8-2014q2/bin/../lib/gcc/arm-none-eabi/4.8.4/../../../../arm-none-eabi/lib/armv7e-m/libg.a(lib_a-strcmp.o)
                              /tmp/cc9Ynmkc.ltrans3.ltrans.o (strcmp)
/nfs/nfs5/home/research/hardware/arm2/gcc-arm-embedded/gcc-arm-none-eabi-4_8-2014q2/bin/../lib/gcc/arm-none-eabi/4.8.4/../../../../arm-none-eabi/lib/armv7e-m/libg.a(lib_a-strpbrk.o)
                              /tmp/cc9Ynmkc.ltrans4.ltrans.o (strpbrk)
/nfs/nfs5/home/research/hardware/arm2/gcc-arm-embedded/gcc-arm-none-eabi-4_8-2014q2/bin/../lib/gcc/arm-none-eabi/4.8.4/../../../../arm-none-eabi/lib/armv7e-m/libg.a(lib_a-strspn.o)
                              /tmp/cc9Ynmkc.ltrans4.ltrans.o (strspn)
/nfs/nfs5/home/research/hardware/arm2/gcc-arm-embedded/gcc-arm-none-eabi-4_8-2014q2/bin/../lib/gcc/arm-none-eabi/4.8.4/../../../../arm-none-eabi/lib/armv7e-m/libg.a(lib_a-svfprintf.o)
                              /nfs/nfs5/home/research/hardware/arm2/gcc-arm-embedded/gcc-arm-none-eabi-4_8-2014q2/bin/../lib/gcc/arm-none-eabi/4.8.4/../../../../arm-none-eabi/lib/armv7e-m/libg.a(lib_a-snprintf.o) (_svfprintf_r)
[...]
Memory Configuration

Name             Origin             Length             Attributes
flash0           0x08000000         0x00040000
flash1           0x00000000         0x00000000
flash2           0x00000000         0x00000000
flash3           0x00000000         0x00000000
flash4           0x00000000         0x00000000
flash5           0x00000000         0x00000000
flash6           0x00000000         0x00000000
flash7           0x00000000         0x00000000
ram0             0x20000000         0x0000a000
ram1             0x00000000         0x00000000
ram2             0x00000000         0x00000000
ram3             0x00000000         0x00000000
ram4             0x10000000         0x00002000
ram5             0x00000000         0x00000000
ram6             0x00000000         0x00000000
ram7             0x00000000         0x00000000
*default*        0x00000000         0xffffffff

Linker script and memory map

LOAD build/obj/crt0_v7m.o
LOAD build/obj/chcoreasm_v7m.o
LOAD build/obj/crt1.o
LOAD /tmp/cc9Ynmkc.ltrans0.ltrans.o
LOAD /tmp/cc9Ynmkc.ltrans1.ltrans.o
LOAD /tmp/cc9Ynmkc.ltrans2.ltrans.o
LOAD /tmp/cc9Ynmkc.ltrans3.ltrans.o
LOAD /tmp/cc9Ynmkc.ltrans4.ltrans.o
LOAD /tmp/cc9Ynmkc.ltrans5.ltrans.o
LOAD /tmp/cc9Ynmkc.ltrans6.ltrans.o
LOAD /tmp/cc9Ynmkc.ltrans7.ltrans.o
LOAD /tmp/cc9Ynmkc.ltrans8.ltrans.o
LOAD /tmp/cc9Ynmkc.ltrans9.ltrans.o
LOAD /nfs/nfs5/home/research/hardware/arm2/gcc-arm-embedded/gcc-arm-none-eabi-4_8-2014q2/bin/../lib/gcc/arm-none-eabi/4.8.4/armv7e-m/libgcc.a
LOAD /nfs/nfs5/home/research/hardware/arm2/gcc-arm-embedded/gcc-arm-none-eabi-4_8-2014q2/bin/../lib/gcc/arm-none-eabi/4.8.4/../../../../arm-none-eabi/lib/armv7e-m/libg.a
LOAD /nfs/nfs5/home/research/hardware/arm2/gcc-arm-embedded/gcc-arm-none-eabi-4_8-2014q2/bin/../lib/gcc/arm-none-eabi/4.8.4/../../../../arm-none-eabi/lib/armv7e-m/libc.a
LOAD build/obj/vectors.o
LOAD build/obj/chsys.o
LOAD build/obj/chdebug.o
LOAD build/obj/chtrace.o
LOAD build/obj/chvt.o
LOAD build/obj/chschd.o
LOAD build/obj/chthreads.o
LOAD build/obj/chtm.o
LOAD build/obj/chregistry.o
LOAD build/obj/chsem.o
LOAD build/obj/chmtx.o
LOAD build/obj/chcond.o
LOAD build/obj/chevents.o
LOAD build/obj/chmsg.o
LOAD build/obj/chdynamic.o
LOAD build/obj/chmboxes.o
LOAD build/obj/chmemcore.o
LOAD build/obj/chheap.o
LOAD build/obj/chmempools.o
LOAD build/obj/chcore.o
LOAD build/obj/chcore_v7m.o
LOAD build/obj/osal.o
LOAD build/obj/hal.o
LOAD build/obj/hal_st.o
LOAD build/obj/hal_buffers.o
LOAD build/obj/hal_queues.o
LOAD build/obj/hal_mmcsd.o
LOAD build/obj/hal_pal.o
LOAD build/obj/hal_serial.o
LOAD build/obj/hal_spi.o
LOAD build/obj/nvic.o
LOAD build/obj/hal_lld.o
LOAD build/obj/stm32_dma.o
LOAD build/obj/hal_st_lld.o
LOAD build/obj/hal_pal_lld.o
LOAD build/obj/hal_spi_lld.o
LOAD build/obj/hal_serial_lld.o
LOAD build/obj/board.o
LOAD build/obj/ch_test.o
LOAD build/obj/test_root.o
LOAD build/obj/test_sequence_001.o
LOAD build/obj/test_sequence_002.o
LOAD build/obj/test_sequence_003.o
LOAD build/obj/test_sequence_004.o
LOAD build/obj/test_sequence_005.o
LOAD build/obj/test_sequence_006.o
LOAD build/obj/test_sequence_007.o
LOAD build/obj/test_sequence_008.o
LOAD build/obj/test_sequence_009.o
LOAD build/obj/test_sequence_010.o
LOAD build/obj/test_sequence_011.o
LOAD build/obj/test_sequence_012.o
LOAD build/obj/shell.o
LOAD build/obj/shell_cmd.o
LOAD build/obj/memstreams.o
LOAD build/obj/chprintf.o
LOAD build/obj/syscalls.o
LOAD build/obj/main.o

.mstack         0x20000000      0x400
                0x20000000                . = ALIGN (0x8)
                0x20000000                __main_stack_base__ = .
                0x20000400                . = (. + __main_stack_size__)
 *fill*         0x20000000      0x400 
                0x20000400                . = ALIGN (0x8)
                0x20000400                __main_stack_end__ = .

.pstack         0x20000400      0x400
                0x20000400                __process_stack_base__ = .
                0x20000400                __main_thread_stack_base__ = .
                0x20000800                . = (. + __process_stack_size__)
 *fill*         0x20000400      0x400 
                0x20000800                . = ALIGN (0x8)
                0x20000800                __process_stack_end__ = .
                0x20000800                __main_thread_stack_end__ = .

.vectors        0x08000000      0x200
 *(.vectors)
 .vectors       0x08000000      0x200 /tmp/cc9Ynmkc.ltrans7.ltrans.o
                0x08000000                _vectors

.xtors          0x08000200        0x0
                0x08000200                __init_array_start = .
 *(SORT(.init_array.*))
 *(.init_array)
                0x08000200                __init_array_end = .
                0x08000200                __fini_array_start = .
 *(.fini_array)
 *(SORT(.fini_array.*))
                0x08000200                __fini_array_end = .

.text           0x08000200     0xda80
 *(.text)
 .text          0x08000200       0xe4 build/obj/crt0_v7m.o
                0x08000200                Reset_Handler
 .text          0x080002e4       0x28 build/obj/chcoreasm_v7m.o
                0x080002e4                _port_switch
                0x080002f4                _port_thread_start
                0x08000304                _port_switch_from_isr
                0x08000308                _port_exit_from_isr
 .text          0x0800030c      0x370 /nfs/nfs5/home/research/hardware/arm2/gcc-arm-embedded/gcc-arm-none-eabi-4_8-2014q2/bin/../lib/gcc/arm-none-eabi/4.8.4/armv7e-m/libgcc.a(_arm_addsubdf3.o)
                0x0800030c                __aeabi_drsub
                0x08000314                __aeabi_dsub
                0x08000314                __subdf3
                0x08000318                __adddf3
                0x08000318                __aeabi_dadd
                0x08000590                __aeabi_ui2d
                0x08000590                __floatunsidf
                0x080005b0                __floatsidf
                0x080005b0                __aeabi_i2d
                0x080005d4                __extendsfdf2
                0x080005d4                __aeabi_f2d
                0x08000610                __aeabi_ul2d
                0x08000610                __floatundidf
                0x08000620                __floatdidf
                0x08000620                __aeabi_l2d
 .text          0x0800067c      0x424 /nfs/nfs5/home/research/hardware/arm2/gcc-arm-embedded/gcc-arm-none-eabi-4_8-2014q2/bin/../lib/gcc/arm-none-eabi/4.8.4/armv7e-m/libgcc.a(_arm_muldivdf3.o)
                0x0800067c                __aeabi_dmul
                0x0800067c                __muldf3
                0x080008d0                __aeabi_ddiv
                0x080008d0                __divdf3
 .text          0x08000aa0       0x50 /nfs/nfs5/home/research/hardware/arm2/gcc-arm-embedded/gcc-arm-none-eabi-4_8-2014q2/bin/../lib/gcc/arm-none-eabi/4.8.4/armv7e-m/libgcc.a(_arm_fixdfsi.o)
                0x08000aa0                __fixdfsi
                0x08000aa0                __aeabi_d2iz
 .text          0x08000af0       0xa0 /nfs/nfs5/home/research/hardware/arm2/gcc-arm-embedded/gcc-arm-none-eabi-4_8-2014q2/bin/../lib/gcc/arm-none-eabi/4.8.4/armv7e-m/libgcc.a(_arm_truncdfsf2.o)
                0x08000af0                __aeabi_d2f
                0x08000af0                __truncdfsf2
 .text          0x08000b90       0xec /nfs/nfs5/home/research/hardware/arm2/gcc-arm-embedded/gcc-arm-none-eabi-4_8-2014q2/bin/../lib/gcc/arm-none-eabi/4.8.4/armv7e-m/libgcc.a(_arm_cmpsf2.o)
                0x08000b90                __gtsf2
                0x08000b90                __gesf2
                0x08000b98                __lesf2
                0x08000b98                __ltsf2
                0x08000ba0                __nesf2
                0x08000ba0                __eqsf2
                0x08000ba0                __cmpsf2
                0x08000c00                __aeabi_cfrcmple
                0x08000c08                __aeabi_cfcmple
                0x08000c08                __aeabi_cfcmpeq
                0x08000c18                __aeabi_fcmpeq
                0x08000c2c                __aeabi_fcmplt
                0x08000c40                __aeabi_fcmple
                0x08000c54                __aeabi_fcmpge
                0x08000c68                __aeabi_fcmpgt
 .text          0x08000c7c       0x4c /nfs/nfs5/home/research/hardware/arm2/gcc-arm-embedded/gcc-arm-none-eabi-4_8-2014q2/bin/../lib/gcc/arm-none-eabi/4.8.4/armv7e-m/libgcc.a(_arm_fixsfsi.o)
                0x08000c7c                __fixsfsi
                0x08000c7c                __aeabi_f2iz
 .text          0x08000cc8      0x21c /nfs/nfs5/home/research/hardware/arm2/gcc-arm-embedded/gcc-arm-none-eabi-4_8-2014q2/bin/../lib/gcc/arm-none-eabi/4.8.4/../../../../arm-none-eabi/lib/armv7e-m/libg.a(lib_a-strcmp.o)
                0x08000cc8                strcmp
 .text          0x08000ee4      0x134 /nfs/nfs5/home/research/hardware/arm2/gcc-arm-embedded/gcc-arm-none-eabi-4_8-2014q2/bin/../lib/gcc/arm-none-eabi/4.8.4/../../../../arm-none-eabi/lib/armv7e-m/libg.a(lib_a-memcpy.o)
                0x08000ee4                memcpy
 .text          0x08001018      0x110 /nfs/nfs5/home/research/hardware/arm2/gcc-arm-embedded/gcc-arm-none-eabi-4_8-2014q2/bin/../lib/gcc/arm-none-eabi/4.8.4/armv7e-m/libgcc.a(_arm_cmpdf2.o)
                0x08001018                __gtdf2
                0x08001018                __gedf2
                0x08001020                __ltdf2
                0x08001020                __ledf2
                0x08001028                __cmpdf2
                0x08001028                __eqdf2
                0x08001028                __nedf2
                0x080010a4                __aeabi_cdrcmple
                0x080010b4                __aeabi_cdcmple
                0x080010b4                __aeabi_cdcmpeq
                0x080010c4                __aeabi_dcmpeq
                0x080010d8                __aeabi_dcmplt
                0x080010ec                __aeabi_dcmple
                0x08001100                __aeabi_dcmpge
                0x08001114                __aeabi_dcmpgt
 .text          0x08001128       0x2c /nfs/nfs5/home/research/hardware/arm2/gcc-arm-embedded/gcc-arm-none-eabi-4_8-2014q2/bin/../lib/gcc/arm-none-eabi/4.8.4/armv7e-m/libgcc.a(_aeabi_uldivmod.o)
                0x08001128                __aeabi_uldivmod
 .text          0x08001154       0x60 /nfs/nfs5/home/research/hardware/arm2/gcc-arm-embedded/gcc-arm-none-eabi-4_8-2014q2/bin/../lib/gcc/arm-none-eabi/4.8.4/armv7e-m/libgcc.a(bpabi.o)
                0x08001154                __gnu_ldivmod_helper
                0x08001184                __gnu_uldivmod_helper
 .text          0x080011b4        0x4 /nfs/nfs5/home/research/hardware/arm2/gcc-arm-embedded/gcc-arm-none-eabi-4_8-2014q2/bin/../lib/gcc/arm-none-eabi/4.8.4/armv7e-m/libgcc.a(_dvmd_tls.o)
                0x080011b4                __aeabi_ldiv0
                0x080011b4                __aeabi_idiv0
 .text          0x080011b8      0x298 /nfs/nfs5/home/research/hardware/arm2/gcc-arm-embedded/gcc-arm-none-eabi-4_8-2014q2/bin/../lib/gcc/arm-none-eabi/4.8.4/armv7e-m/libgcc.a(_divdi3.o)
                0x080011b8                __divdi3
 .text          0x08001450      0x284 /nfs/nfs5/home/research/hardware/arm2/gcc-arm-embedded/gcc-arm-none-eabi-4_8-2014q2/bin/../lib/gcc/arm-none-eabi/4.8.4/armv7e-m/libgcc.a(_udivdi3.o)
                0x08001450                __udivdi3
 *(.text.*)
 *fill*         0x080016d4        0xc 
 .text.test_005_004_setup.10355
                0x080016e0       0x20 /tmp/cc9Ynmkc.ltrans0.ltrans.o
                0x080016e0                test_005_004_setup.10355
 .text.test_005_001_setup.10357
                0x08001700       0x10 /tmp/cc9Ynmkc.ltrans0.ltrans.o
                0x08001700                test_005_001_setup.10357
 .text.spi_lld_serve_tx_interrupt.8831
                0x08001710       0x20 /tmp/cc9Ynmkc.ltrans0.ltrans.o
                0x08001710                spi_lld_serve_tx_interrupt.8831
 .text.test_011_001_setup.11376
                0x08001730       0x30 /tmp/cc9Ynmkc.ltrans0.ltrans.o
                0x08001730                test_011_001_setup.11376
 .text.test_010_001_setup.11243
                0x08001760       0x30 /tmp/cc9Ynmkc.ltrans0.ltrans.o
                0x08001760                test_010_001_setup.11243
 .text.test_012_011_setup.11555
                0x08001790       0x10 /tmp/cc9Ynmkc.ltrans0.ltrans.o
                0x08001790                test_012_011_setup.11555
 .text.test_005_009_setup.10347
                0x080017a0       0x30 /tmp/cc9Ynmkc.ltrans0.ltrans.o
                0x080017a0                test_005_009_setup.10347
 .text.test_005_008_setup.10349
                0x080017d0       0x20 /tmp/cc9Ynmkc.ltrans0.ltrans.o
                0x080017d0                test_005_008_setup.10349
 .text.test_005_007_setup.10351
                0x080017f0       0x20 /tmp/cc9Ynmkc.ltrans0.ltrans.o
                0x080017f0                test_005_007_setup.10351
 .text.test_005_005_setup.10353
                0x08001810       0x10 /tmp/cc9Ynmkc.ltrans0.ltrans.o
                0x08001810                test_005_005_setup.10353
 .text.thread8.10331
                0x08001820       0x90 /tmp/cc9Ynmkc.ltrans0.ltrans.o
                0x08001820                thread8.10331
 .text.test_012_009_execute.11563
                0x080018b0       0x90 /tmp/cc9Ynmkc.ltrans0.ltrans.o
                0x080018b0                test_012_009_execute.11563
 .text.test_012_011_execute.11553
                0x08001940       0x90 /tmp/cc9Ynmkc.ltrans0.ltrans.o
                0x08001940                test_012_011_execute.11553
 .text.counterThread.12712
                0x080019d0       0x30 /tmp/cc9Ynmkc.ltrans0.ltrans.o
                0x080019d0                counterThread.12712
 .text.thread4A.10340.4388
                0x08001a00       0x20 /tmp/cc9Ynmkc.ltrans0.ltrans.o
 .text.thread4B.10337.4391
                0x08001a20       0x30 /tmp/cc9Ynmkc.ltrans0.ltrans.o
 .text.thread2.10088
                0x08001a50       0x30 /tmp/cc9Ynmkc.ltrans0.ltrans.o
                0x08001a50                thread2.10088
 .text.evt_thread3.10701
                0x08001a80       0x30 /tmp/cc9Ynmkc.ltrans0.ltrans.o
                0x08001a80                evt_thread3.10701
 .text.test_005_004_execute.10367
                0x08001ab0      0x140 /tmp/cc9Ynmkc.ltrans0.ltrans.o
                0x08001ab0                test_005_004_execute.10367
 .text.test_002_001_execute.9637
                0x08001bf0       0xc0 /tmp/cc9Ynmkc.ltrans0.ltrans.o
                0x08001bf0                test_002_001_execute.9637
 .text.chSemWaitTimeoutS
                0x08001cb0       0x40 /tmp/cc9Ynmkc.ltrans0.ltrans.o
                0x08001cb0                chSemWaitTimeoutS
 .text.chGuardedPoolAllocTimeout.constprop.24
                0x08001cf0       0x50 /tmp/cc9Ynmkc.ltrans0.ltrans.o
                0x08001cf0                chGuardedPoolAllocTimeout.constprop.24
 .text.test_009_003_execute.11105
                0x08001d40       0x30 /tmp/cc9Ynmkc.ltrans0.ltrans.o
                0x08001d40                test_009_003_execute.11105
 .text.chMBPost.constprop.33
                0x08001d70       0x50 /tmp/cc9Ynmkc.ltrans0.ltrans.o
                0x08001d70                chMBPost.constprop.33
 .text.chMBPostAhead.constprop.31
                0x08001dc0       0x60 /tmp/cc9Ynmkc.ltrans0.ltrans.o
                0x08001dc0                chMBPostAhead.constprop.31
 .text.chMBFetch.constprop.29
                0x08001e20       0x60 /tmp/cc9Ynmkc.ltrans0.ltrans.o
                0x08001e20                chMBFetch.constprop.29
 .text.test_008_001_execute.10963
                0x08001e80      0x2c0 /tmp/cc9Ynmkc.ltrans0.ltrans.o
                0x08001e80                test_008_001_execute.10963
 .text.test_008_002_execute.10961
                0x08002140      0x360 /tmp/cc9Ynmkc.ltrans0.ltrans.o
                0x08002140                test_008_002_execute.10961
 .text.chMtxTryLock.constprop.56.4215
                0x080024a0       0x40 /tmp/cc9Ynmkc.ltrans1.ltrans.o
 .text.dmaStreamAllocate.constprop.15.4350
                0x080024e0       0xc0 /tmp/cc9Ynmkc.ltrans1.ltrans.o
 .text.test_005_005_execute.10365
                0x080025a0      0x180 /tmp/cc9Ynmkc.ltrans1.ltrans.o
                0x080025a0                test_005_005_execute.10365
 .text.chHeapAllocAligned.constprop.37.4310
                0x08002720      0x110 /tmp/cc9Ynmkc.ltrans1.ltrans.o
 .text.thread6.10328
                0x08002830       0x70 /tmp/cc9Ynmkc.ltrans1.ltrans.o
                0x08002830                thread6.10328
 .text.test_007_002_execute.10720
                0x080028a0       0x50 /tmp/cc9Ynmkc.ltrans1.ltrans.o
                0x080028a0                test_007_002_execute.10720
 .text.test_010_001_execute.11241
                0x080028f0      0x340 /tmp/cc9Ynmkc.ltrans1.ltrans.o
                0x080028f0                test_010_001_execute.11241
 .text.test_010_002_execute.11239
                0x08002c30       0x70 /tmp/cc9Ynmkc.ltrans1.ltrans.o
                0x08002c30                test_010_002_execute.11239
 .text.cmd_myecho.12715
                0x08002ca0       0x30 /tmp/cc9Ynmkc.ltrans1.ltrans.o
                0x08002ca0                cmd_myecho.12715
 .text.cmd_systime.11990
                0x08002cd0       0x30 /tmp/cc9Ynmkc.ltrans1.ltrans.o
                0x08002cd0                cmd_systime.11990
 .text.cmd_echo.11999
                0x08002d00       0x20 /tmp/cc9Ynmkc.ltrans1.ltrans.o
                0x08002d00                cmd_echo.11999
 .text.cmd_info.12007
                0x08002d20       0xc0 /tmp/cc9Ynmkc.ltrans1.ltrans.o
                0x08002d20                cmd_info.12007
 .text.cmd_mem.12031
                0x08002de0       0x80 /tmp/cc9Ynmkc.ltrans1.ltrans.o
                0x08002de0                cmd_mem.12031
 .text.chSemSignalWait.constprop.57
                0x08002e60       0x70 /tmp/cc9Ynmkc.ltrans1.ltrans.o
                0x08002e60                chSemSignalWait.constprop.57
 .text.chCondSignal.constprop.54
                0x08002ed0       0x30 /tmp/cc9Ynmkc.ltrans1.ltrans.o
                0x08002ed0                chCondSignal.constprop.54
 .text.chCondSignalI.constprop.53
                0x08002f00       0x30 /tmp/cc9Ynmkc.ltrans1.ltrans.o
                0x08002f00                chCondSignalI.constprop.53
 .text.chEvtGetAndClearEvents.constprop.47
                0x08002f30       0x20 /tmp/cc9Ynmkc.ltrans1.ltrans.o
                0x08002f30                chEvtGetAndClearEvents.constprop.47
 .text.test_007_002_setup.10714
                0x08002f50       0x10 /tmp/cc9Ynmkc.ltrans1.ltrans.o
                0x08002f50                test_007_002_setup.10714
 .text.test_007_003_setup.10712
                0x08002f60       0x10 /tmp/cc9Ynmkc.ltrans1.ltrans.o
                0x08002f60                test_007_003_setup.10712
 .text.test_007_004_setup.10710
                0x08002f70       0x10 /tmp/cc9Ynmkc.ltrans1.ltrans.o
                0x08002f70                test_007_004_setup.10710
 .text.test_007_005_setup.10708
                0x08002f80       0x10 /tmp/cc9Ynmkc.ltrans1.ltrans.o
                0x08002f80                test_007_005_setup.10708
 .text.test_007_006_setup.10706
                0x08002f90       0x10 /tmp/cc9Ynmkc.ltrans1.ltrans.o
                0x08002f90                test_007_006_setup.10706
 .text.test_007_007_setup.10704
                0x08002fa0       0x20 /tmp/cc9Ynmkc.ltrans1.ltrans.o
                0x08002fa0                test_007_007_setup.10704
 .text.chEvtWaitOne.constprop.43
                0x08002fc0       0x40 /tmp/cc9Ynmkc.ltrans1.ltrans.o
                0x08002fc0                chEvtWaitOne.constprop.43
 .text.chEvtWaitAny.constprop.42
                0x08003000       0x30 /tmp/cc9Ynmkc.ltrans1.ltrans.o
                0x08003000                chEvtWaitAny.constprop.42
 .text.chEvtWaitAll.constprop.41
                0x08003030       0x40 /tmp/cc9Ynmkc.ltrans1.ltrans.o
                0x08003030                chEvtWaitAll.constprop.41
 .text.chThdCreateFromHeap
                0x08003070       0x50 /tmp/cc9Ynmkc.ltrans1.ltrans.o
                0x08003070                chThdCreateFromHeap
 .text.chThdCreateFromMemoryPool.constprop.36
                0x080030c0       0x60 /tmp/cc9Ynmkc.ltrans1.ltrans.o
                0x080030c0                chThdCreateFromMemoryPool.constprop.36
 .text.chMBReset.constprop.34
                0x08003120       0x20 /tmp/cc9Ynmkc.ltrans1.ltrans.o
                0x08003120                chMBReset.constprop.34
 .text.test_008_001_teardown.10951
                0x08003140       0x10 /tmp/cc9Ynmkc.ltrans1.ltrans.o
                0x08003140                test_008_001_teardown.10951
 .text.test_008_002_teardown.10949
                0x08003150       0x10 /tmp/cc9Ynmkc.ltrans1.ltrans.o
                0x08003150                test_008_002_teardown.10949
 .text.test_008_003_teardown.10947
                0x08003160       0x10 /tmp/cc9Ynmkc.ltrans1.ltrans.o
                0x08003160                test_008_003_teardown.10947
 .text.spi_lld_start
                0x08003170       0xa0 /tmp/cc9Ynmkc.ltrans1.ltrans.o
                0x08003170                spi_lld_start
 .text.spiSelect.constprop.13
                0x08003210       0x30 /tmp/cc9Ynmkc.ltrans1.ltrans.o
                0x08003210                spiSelect.constprop.13
 .text.spiUnselect.constprop.12
                0x08003240       0x30 /tmp/cc9Ynmkc.ltrans1.ltrans.o
                0x08003240                spiUnselect.constprop.12
 .text.spiSend.constprop.10
                0x08003270       0x70 /tmp/cc9Ynmkc.ltrans1.ltrans.o
                0x08003270                spiSend.constprop.10
 .text._test_assert_time_window.constprop.3
                0x080032e0       0x40 /tmp/cc9Ynmkc.ltrans1.ltrans.o
                0x080032e0                _test_assert_time_window.constprop.3
 .text.test_007_001_execute.10718
                0x08003320       0xf0 /tmp/cc9Ynmkc.ltrans2.ltrans.o
                0x08003320                test_007_001_execute.10718
 .text.test_007_007_execute.10716
                0x08003410      0x120 /tmp/cc9Ynmkc.ltrans2.ltrans.o
                0x08003410                test_007_007_execute.10716
 .text.thread1.9890
                0x08003530       0x40 /tmp/cc9Ynmkc.ltrans2.ltrans.o
                0x08003530                thread1.9890
 .text.test_009_002_execute.11115
                0x08003570      0x100 /tmp/cc9Ynmkc.ltrans2.ltrans.o
                0x08003570                test_009_002_execute.11115
 .text.bmk_thread1.11548.4164
                0x08003670       0x20 /tmp/cc9Ynmkc.ltrans2.ltrans.o
 .text.vtcb.9483
                0x08003690       0x30 /tmp/cc9Ynmkc.ltrans2.ltrans.o
                0x08003690                vtcb.9483
 .text.test_009_001_execute.11119
                0x080036c0      0x110 /tmp/cc9Ynmkc.ltrans2.ltrans.o
                0x080036c0                test_009_001_execute.11119
 .text.test_012_004_execute.11573
                0x080037d0       0xe0 /tmp/cc9Ynmkc.ltrans2.ltrans.o
                0x080037d0                test_012_004_execute.11573
 .text.test_012_006_execute.11569
                0x080038b0       0x70 /tmp/cc9Ynmkc.ltrans2.ltrans.o
                0x080038b0                test_012_006_execute.11569
 .text.cmd_threads.12023
                0x08003920       0xc0 /tmp/cc9Ynmkc.ltrans2.ltrans.o
                0x08003920                cmd_threads.12023
 .text.cmd_test.12015
                0x080039e0       0x60 /tmp/cc9Ynmkc.ltrans2.ltrans.o
                0x080039e0                cmd_test.12015
 .text.test_012_005_execute.11571
                0x08003a40       0x70 /tmp/cc9Ynmkc.ltrans2.ltrans.o
                0x08003a40                test_012_005_execute.11571
 .text.test_012_008_execute.11565
                0x08003ab0       0xf0 /tmp/cc9Ynmkc.ltrans2.ltrans.o
                0x08003ab0                test_012_008_execute.11565
 .text.test_012_007_execute.11567
                0x08003ba0      0x100 /tmp/cc9Ynmkc.ltrans2.ltrans.o
                0x08003ba0                test_012_007_execute.11567
 .text.test_012_003_execute.11578
                0x08003ca0       0xe0 /tmp/cc9Ynmkc.ltrans2.ltrans.o
                0x08003ca0                test_012_003_execute.11578
 .text.test_012_002_execute.11580
                0x08003d80       0x80 /tmp/cc9Ynmkc.ltrans2.ltrans.o
                0x08003d80                test_012_002_execute.11580
 .text.test_012_001_execute.11582
                0x08003e00       0x80 /tmp/cc9Ynmkc.ltrans2.ltrans.o
                0x08003e00                test_012_001_execute.11582
 .text.test_011_002_execute.11370
                0x08003e80      0x150 /tmp/cc9Ynmkc.ltrans2.ltrans.o
                0x08003e80                test_011_002_execute.11370
 .text.test_011_001_execute.11374
                0x08003fd0      0x170 /tmp/cc9Ynmkc.ltrans2.ltrans.o
                0x08003fd0                test_011_001_execute.11374
 .text.test_008_003_execute.10953.4194
                0x08004140      0x180 /tmp/cc9Ynmkc.ltrans3.ltrans.o
 .text.test_004_006_execute.10109.4212
                0x080042c0      0x1b0 /tmp/cc9Ynmkc.ltrans3.ltrans.o
 .text.thread4.10079.4215
                0x08004470       0x30 /tmp/cc9Ynmkc.ltrans3.ltrans.o
 .text.shellThread
                0x080044a0      0x210 /tmp/cc9Ynmkc.ltrans3.ltrans.o
                0x080044a0                shellThread
 .text.cmd_exit.12039.4315
                0x080046b0       0x40 /tmp/cc9Ynmkc.ltrans3.ltrans.o
 .text.test_007_006_execute.10733.4271
                0x080046f0      0x170 /tmp/cc9Ynmkc.ltrans3.ltrans.o
 .text.test_001_002_execute.9504.4292
                0x08004860       0xe0 /tmp/cc9Ynmkc.ltrans3.ltrans.o
 .text.cmd_gyrorall.12750
                0x08004940      0x240 /tmp/cc9Ynmkc.ltrans3.ltrans.o
                0x08004940                cmd_gyrorall.12750
 .text.cmd_gyro.12764
                0x08004b80       0xf0 /tmp/cc9Ynmkc.ltrans3.ltrans.o
                0x08004b80                cmd_gyro.12764
 .text.long_to_string_with_divisor.12189.4052
                0x08004c70       0x50 /tmp/cc9Ynmkc.ltrans4.ltrans.o
 .text.tmo.11533
                0x08004cc0       0x10 /tmp/cc9Ynmkc.ltrans4.ltrans.o
                0x08004cc0                tmo.11533
 .text.test_011_002_setup.11372
                0x08004cd0       0x20 /tmp/cc9Ynmkc.ltrans4.ltrans.o
                0x08004cd0                test_011_002_setup.11372
 .text.null_provider.11101
                0x08004cf0       0x10 /tmp/cc9Ynmkc.ltrans4.ltrans.o
                0x08004cf0                null_provider.11101
 .text.test_003_001_setup.9893
                0x08004d00       0x10 /tmp/cc9Ynmkc.ltrans4.ltrans.o
                0x08004d00                test_003_001_setup.9893
 .text.test_001_004_execute.9488
                0x08004d10       0x20 /tmp/cc9Ynmkc.ltrans4.ltrans.o
                0x08004d10                test_001_004_execute.9488
 .text.test_001_003_execute.9486
                0x08004d30       0x30 /tmp/cc9Ynmkc.ltrans4.ltrans.o
                0x08004d30                test_001_003_execute.9486
 .text.notify1.9082
                0x08004d60       0x10 /tmp/cc9Ynmkc.ltrans4.ltrans.o
                0x08004d60                notify1.9082
 .text.bmk_thread4.11545
                0x08004d70       0x30 /tmp/cc9Ynmkc.ltrans4.ltrans.o
                0x08004d70                bmk_thread4.11545
 .text.bmk_thread8.11536
                0x08004da0       0x30 /tmp/cc9Ynmkc.ltrans4.ltrans.o
                0x08004da0                bmk_thread8.11536
 .text.bmk_thread7.11539
                0x08004dd0       0x30 /tmp/cc9Ynmkc.ltrans4.ltrans.o
                0x08004dd0                bmk_thread7.11539
 .text.msg_thread1.10472
                0x08004e00       0x30 /tmp/cc9Ynmkc.ltrans4.ltrans.o
                0x08004e00                msg_thread1.10472
 .text.thread3.10085
                0x08004e30       0x20 /tmp/cc9Ynmkc.ltrans4.ltrans.o
                0x08004e30                thread3.10085
 .text.test_004_001_teardown.10101
                0x08004e50       0x10 /tmp/cc9Ynmkc.ltrans4.ltrans.o
                0x08004e50                test_004_001_teardown.10101
 .text.Vector130
                0x08004e60       0x30 /tmp/cc9Ynmkc.ltrans4.ltrans.o
                0x08004e60                Vector130
 .text.Vector12C
                0x08004e90       0x30 /tmp/cc9Ynmkc.ltrans4.ltrans.o
                0x08004e90                Vector12C
 .text.Vector128
                0x08004ec0       0x30 /tmp/cc9Ynmkc.ltrans4.ltrans.o
                0x08004ec0                Vector128
 .text.Vector124
                0x08004ef0       0x30 /tmp/cc9Ynmkc.ltrans4.ltrans.o
                0x08004ef0                Vector124
 .text.Vector120
                0x08004f20       0x30 /tmp/cc9Ynmkc.ltrans4.ltrans.o
                0x08004f20                Vector120
 .text.Vector84
                0x08004f50       0x30 /tmp/cc9Ynmkc.ltrans4.ltrans.o
                0x08004f50                Vector84
 .text.Vector80
                0x08004f80       0x30 /tmp/cc9Ynmkc.ltrans4.ltrans.o
                0x08004f80                Vector80
 .text.Vector7C
                0x08004fb0       0x30 /tmp/cc9Ynmkc.ltrans4.ltrans.o
                0x08004fb0                Vector7C
 .text.Vector78
                0x08004fe0       0x30 /tmp/cc9Ynmkc.ltrans4.ltrans.o
                0x08004fe0                Vector78
 .text.Vector74
                0x08005010       0x30 /tmp/cc9Ynmkc.ltrans4.ltrans.o
                0x08005010                Vector74
 .text.Vector70
                0x08005040       0x30 /tmp/cc9Ynmkc.ltrans4.ltrans.o
                0x08005040                Vector70
 .text.Vector6C
                0x08005070       0x30 /tmp/cc9Ynmkc.ltrans4.ltrans.o
                0x08005070                Vector6C
 .text.chprintf
                0x080050a0      0x390 /tmp/cc9Ynmkc.ltrans4.ltrans.o
                0x080050a0                chprintf
 .text.parse_arguments.11838
                0x08005430       0x60 /tmp/cc9Ynmkc.ltrans4.ltrans.o
                0x08005430                parse_arguments.11838
 .text.test_terminate_threads
                0x08005490       0x40 /tmp/cc9Ynmkc.ltrans4.ltrans.o
                0x08005490                test_terminate_threads
 .text.test_emit_token
                0x080054d0       0x30 /tmp/cc9Ynmkc.ltrans4.ltrans.o
                0x080054d0                test_emit_token
 .text.dyn_thread1.11367
                0x08005500       0x10 /tmp/cc9Ynmkc.ltrans4.ltrans.o
                0x08005500                dyn_thread1.11367
 .text.h1.10728
                0x08005510       0x10 /tmp/cc9Ynmkc.ltrans4.ltrans.o
                0x08005510                h1.10728
 .text.h2.10725
                0x08005520       0x10 /tmp/cc9Ynmkc.ltrans4.ltrans.o
                0x08005520                h2.10725
 .text.h3.10722
                0x08005530       0x10 /tmp/cc9Ynmkc.ltrans4.ltrans.o
                0x08005530                h3.10722
 .text.thread1.10334
                0x08005540       0x20 /tmp/cc9Ynmkc.ltrans4.ltrans.o
                0x08005540                thread1.10334
 .text.thread9.10325
                0x08005560       0x20 /tmp/cc9Ynmkc.ltrans4.ltrans.o
                0x08005560                thread9.10325
 .text.thread1.10082
                0x08005580       0x20 /tmp/cc9Ynmkc.ltrans4.ltrans.o
                0x08005580                thread1.10082
 .text.thread.9626
                0x080055a0       0x10 /tmp/cc9Ynmkc.ltrans4.ltrans.o
                0x080055a0                thread.9626
 .text.test_println
                0x080055b0       0x30 /tmp/cc9Ynmkc.ltrans4.ltrans.o
                0x080055b0                test_println
 .text.test_print
                0x080055e0       0x20 /tmp/cc9Ynmkc.ltrans4.ltrans.o
                0x080055e0                test_print
 .text.test_printn
                0x08005600       0x70 /tmp/cc9Ynmkc.ltrans4.ltrans.o
                0x08005600                test_printn
 .text.test_012_012_execute.11551
                0x08005670      0x100 /tmp/cc9Ynmkc.ltrans4.ltrans.o
                0x08005670                test_012_012_execute.11551
 .text._test_assert_sequence
                0x08005770       0x50 /tmp/cc9Ynmkc.ltrans4.ltrans.o
                0x08005770                _test_assert_sequence
 .text._test_assert
                0x080057c0       0x30 /tmp/cc9Ynmkc.ltrans4.ltrans.o
                0x080057c0                _test_assert
 .text.test_004_001_execute.10123
                0x080057f0       0xc0 /tmp/cc9Ynmkc.ltrans4.ltrans.o
                0x080057f0                test_004_001_execute.10123
 .text.test_002_003_execute.9631
                0x080058b0       0x90 /tmp/cc9Ynmkc.ltrans4.ltrans.o
                0x080058b0                test_002_003_execute.9631
 .text.test_001_001_execute.9508
                0x08005940       0xb0 /tmp/cc9Ynmkc.ltrans4.ltrans.o
                0x08005940                test_001_001_execute.9508
 .text.print_line.9209
                0x080059f0       0x30 /tmp/cc9Ynmkc.ltrans4.ltrans.o
                0x080059f0                print_line.9209
 .text._pal_lld_setgroupmode
                0x08005a20       0xf0 /tmp/cc9Ynmkc.ltrans4.ltrans.o
                0x08005a20                _pal_lld_setgroupmode
 .text.test_008_003_setup.10955
                0x08005b10       0x40 /tmp/cc9Ynmkc.ltrans5.ltrans.o
                0x08005b10                test_008_003_setup.10955
 .text.test_009_002_setup.11109
                0x08005b50       0x20 /tmp/cc9Ynmkc.ltrans5.ltrans.o
                0x08005b50                test_009_002_setup.11109
 .text.test_012_010_setup.11559
                0x08005b70       0x10 /tmp/cc9Ynmkc.ltrans5.ltrans.o
                0x08005b70                test_012_010_setup.11559
 .text.test_012_007_setup.11561
                0x08005b80       0x10 /tmp/cc9Ynmkc.ltrans5.ltrans.o
                0x08005b80                test_012_007_setup.11561
 .text.test_004_005_setup.10091
                0x08005b90       0x10 /tmp/cc9Ynmkc.ltrans5.ltrans.o
                0x08005b90                test_004_005_setup.10091
 .text.test_004_004_setup.10093
                0x08005ba0       0x10 /tmp/cc9Ynmkc.ltrans5.ltrans.o
                0x08005ba0                test_004_004_setup.10093
 .text.test_004_003_setup.10095
                0x08005bb0       0x10 /tmp/cc9Ynmkc.ltrans5.ltrans.o
                0x08005bb0                test_004_003_setup.10095
 .text.test_004_002_setup.10097
                0x08005bc0       0x10 /tmp/cc9Ynmkc.ltrans5.ltrans.o
                0x08005bc0                test_004_002_setup.10097
 .text.test_004_001_setup.10099
                0x08005bd0       0x10 /tmp/cc9Ynmkc.ltrans5.ltrans.o
                0x08005bd0                test_004_001_setup.10099
 .text.test_009_001_setup.11111
                0x08005be0       0x20 /tmp/cc9Ynmkc.ltrans5.ltrans.o
                0x08005be0                test_009_001_setup.11111
 .text.VectorB0
                0x08005c00       0xa0 /tmp/cc9Ynmkc.ltrans5.ltrans.o
                0x08005c00                VectorB0
 .text.test_002_004_execute.9629
                0x08005ca0       0xe0 /tmp/cc9Ynmkc.ltrans5.ltrans.o
                0x08005ca0                test_002_004_execute.9629
 .text.spi_lld_serve_rx_interrupt.8835
                0x08005d80       0x90 /tmp/cc9Ynmkc.ltrans5.ltrans.o
                0x08005d80                spi_lld_serve_rx_interrupt.8835
 .text.chVTDoResetI
                0x08005e10       0x70 /tmp/cc9Ynmkc.ltrans5.ltrans.o
                0x08005e10                chVTDoResetI
 .text.chVTDoSetI
                0x08005e80       0x90 /tmp/cc9Ynmkc.ltrans5.ltrans.o
                0x08005e80                chVTDoSetI
 .text.chSchGoSleepTimeoutS
                0x08005f10       0x50 /tmp/cc9Ynmkc.ltrans5.ltrans.o
                0x08005f10                chSchGoSleepTimeoutS
 .text.chThdSleep
                0x08005f60       0x20 /tmp/cc9Ynmkc.ltrans5.ltrans.o
                0x08005f60                chThdSleep
 .text.test_wait_tick
                0x08005f80       0x20 /tmp/cc9Ynmkc.ltrans5.ltrans.o
                0x08005f80                test_wait_tick
 .text.test_012_010_execute.11557
                0x08005fa0       0x90 /tmp/cc9Ynmkc.ltrans5.ltrans.o
                0x08005fa0                test_012_010_execute.11557
 .text.msg_loop_test.11575
                0x08006030       0x40 /tmp/cc9Ynmkc.ltrans5.ltrans.o
                0x08006030                msg_loop_test.11575
 .text.test_execute
                0x08006070      0x2b0 /tmp/cc9Ynmkc.ltrans5.ltrans.o
                0x08006070                test_execute
 .text.chThdEnqueueTimeoutS.4238
                0x08006320       0x30 /tmp/cc9Ynmkc.ltrans5.ltrans.o
 .text.iqGetTimeout.4164
                0x08006350       0x60 /tmp/cc9Ynmkc.ltrans5.ltrans.o
 .text.gett.7942
                0x080063b0       0x10 /tmp/cc9Ynmkc.ltrans5.ltrans.o
                0x080063b0                gett.7942
 .text.get.7946
                0x080063c0       0x10 /tmp/cc9Ynmkc.ltrans5.ltrans.o
                0x080063c0                get.7946
 .text.iqReadTimeout.4196
                0x080063d0       0xb0 /tmp/cc9Ynmkc.ltrans5.ltrans.o
 .text.readt.7919
                0x08006480       0x10 /tmp/cc9Ynmkc.ltrans5.ltrans.o
                0x08006480                readt.7919
 .text.read.7926
                0x08006490       0x10 /tmp/cc9Ynmkc.ltrans5.ltrans.o
                0x08006490                read.7926
 .text.oqPutTimeout.4211
                0x080064a0       0x60 /tmp/cc9Ynmkc.ltrans5.ltrans.o
 .text.putt.7949
                0x08006500       0x10 /tmp/cc9Ynmkc.ltrans5.ltrans.o
                0x08006500                putt.7949
 .text.put.7954
                0x08006510       0x10 /tmp/cc9Ynmkc.ltrans5.ltrans.o
                0x08006510                put.7954
 .text.oqWriteTimeout.4232
                0x08006520       0xb0 /tmp/cc9Ynmkc.ltrans5.ltrans.o
 .text.writet.7931
                0x080065d0       0x10 /tmp/cc9Ynmkc.ltrans5.ltrans.o
                0x080065d0                writet.7931
 .text.write.7937
                0x080065e0       0x10 /tmp/cc9Ynmkc.ltrans5.ltrans.o
                0x080065e0                write.7937
 .text.chTMStartMeasurementX.constprop.65
                0x080065f0       0x10 /tmp/cc9Ynmkc.ltrans5.ltrans.o
                0x080065f0                chTMStartMeasurementX.constprop.65
 .text.chThdCreateStatic.constprop.63
                0x08006600       0xa0 /tmp/cc9Ynmkc.ltrans5.ltrans.o
                0x08006600                chThdCreateStatic.constprop.63
 .text.test_004_005_execute.10119
                0x080066a0       0xa0 /tmp/cc9Ynmkc.ltrans5.ltrans.o
                0x080066a0                test_004_005_execute.10119
 .text.test_008_002_setup.10957
                0x08006740       0x40 /tmp/cc9Ynmkc.ltrans6.ltrans.o
                0x08006740                test_008_002_setup.10957
 .text.test_008_001_setup.10959
                0x08006780       0x40 /tmp/cc9Ynmkc.ltrans6.ltrans.o
                0x08006780                test_008_001_setup.10959
 .text.test_009_003_setup.11107
                0x080067c0       0x20 /tmp/cc9Ynmkc.ltrans6.ltrans.o
                0x080067c0                test_009_003_setup.11107
 .text.chThdRelease
                0x080067e0       0x70 /tmp/cc9Ynmkc.ltrans6.ltrans.o
                0x080067e0                chThdRelease
 .text.chThdWait
                0x08006850       0x40 /tmp/cc9Ynmkc.ltrans6.ltrans.o
                0x08006850                chThdWait
 .text.test_wait_threads
                0x08006890       0x30 /tmp/cc9Ynmkc.ltrans6.ltrans.o
                0x08006890                test_wait_threads
 .text.test_007_005_execute.10737
                0x080068c0       0xd0 /tmp/cc9Ynmkc.ltrans6.ltrans.o
                0x080068c0                test_007_005_execute.10737
 .text.test_007_004_execute.10741
                0x08006990       0xd0 /tmp/cc9Ynmkc.ltrans6.ltrans.o
                0x08006990                test_007_004_execute.10741
 .text.test_007_003_execute.10745
                0x08006a60       0xf0 /tmp/cc9Ynmkc.ltrans6.ltrans.o
                0x08006a60                test_007_003_execute.10745
 .text.test_006_001_execute.10475
                0x08006b50       0x70 /tmp/cc9Ynmkc.ltrans6.ltrans.o
                0x08006b50                test_006_001_execute.10475
 .text.test_005_004_teardown.10343
                0x08006bc0       0x10 /tmp/cc9Ynmkc.ltrans6.ltrans.o
                0x08006bc0                test_005_004_teardown.10343
 .text.test_005_009_execute.10345
                0x08006bd0       0xb0 /tmp/cc9Ynmkc.ltrans6.ltrans.o
                0x08006bd0                test_005_009_execute.10345
 .text.test_005_008_execute.10359
                0x08006c80       0xe0 /tmp/cc9Ynmkc.ltrans6.ltrans.o
                0x08006c80                test_005_008_execute.10359
 .text.test_005_007_execute.10361
                0x08006d60       0xe0 /tmp/cc9Ynmkc.ltrans6.ltrans.o
                0x08006d60                test_005_007_execute.10361
 .text.test_005_001_execute.10363
                0x08006e40       0xe0 /tmp/cc9Ynmkc.ltrans6.ltrans.o
                0x08006e40                test_005_001_execute.10363
 .text.test_004_006_teardown.10111
                0x08006f20       0x10 /tmp/cc9Ynmkc.ltrans6.ltrans.o
                0x08006f20                test_004_006_teardown.10111
 .text.test_004_005_teardown.10113
                0x08006f30       0x10 /tmp/cc9Ynmkc.ltrans6.ltrans.o
                0x08006f30                test_004_005_teardown.10113
 .text.test_004_002_execute.10115
                0x08006f40       0xf0 /tmp/cc9Ynmkc.ltrans6.ltrans.o
                0x08006f40                test_004_002_execute.10115
 .text.test_004_004_execute.10127
                0x08007030       0xb0 /tmp/cc9Ynmkc.ltrans6.ltrans.o
                0x08007030                test_004_004_execute.10127
 .text.test_002_002_execute.9633
                0x080070e0      0x1a0 /tmp/cc9Ynmkc.ltrans6.ltrans.o
                0x080070e0                test_002_002_execute.9633
 .text.spiReceive.constprop.8.4297
                0x08007280       0x60 /tmp/cc9Ynmkc.ltrans7.ltrans.o
 .text.pressure_read_register.4289
                0x080072e0       0x60 /tmp/cc9Ynmkc.ltrans7.ltrans.o
 .text.cmd_press.12742
                0x08007340       0xf0 /tmp/cc9Ynmkc.ltrans7.ltrans.o
                0x08007340                cmd_press.12742
 .text.cmd_altitude.12728
                0x08007430      0x1e0 /tmp/cc9Ynmkc.ltrans7.ltrans.o
                0x08007430                cmd_altitude.12728
 .text.cmd_pressrall.12723
                0x08007610      0x1c0 /tmp/cc9Ynmkc.ltrans7.ltrans.o
                0x08007610                cmd_pressrall.12723
 .text.VectorD4.4308
                0x080077d0      0x1a0 /tmp/cc9Ynmkc.ltrans7.ltrans.o
 .text.test_004_003_execute.10131
                0x08007970      0x180 /tmp/cc9Ynmkc.ltrans7.ltrans.o
                0x08007970                test_004_003_execute.10131
 .text.test_003_001_execute.9897
                0x08007af0       0xf0 /tmp/cc9Ynmkc.ltrans7.ltrans.o
                0x08007af0                test_003_001_execute.9897
 .text.evt_thread7.10698
                0x08007be0       0x40 /tmp/cc9Ynmkc.ltrans7.ltrans.o
                0x08007be0                evt_thread7.10698
 .text.gyro_read_register
                0x08007c20       0x60 /tmp/cc9Ynmkc.ltrans7.ltrans.o
                0x08007c20                gyro_read_register
 .text.SVC_Handler
                0x08007c80       0x20 /tmp/cc9Ynmkc.ltrans8.ltrans.o
                0x08007c80                SVC_Handler
 .text.chCoreAllocAligned
                0x08007ca0       0x40 /tmp/cc9Ynmkc.ltrans8.ltrans.o
                0x08007ca0                chCoreAllocAligned
 .text.wakeup.4697
                0x08007ce0       0x80 /tmp/cc9Ynmkc.ltrans8.ltrans.o
                0x08007ce0                wakeup.4697
 .text._idle_thread.4338
                0x08007d60       0x10 /tmp/cc9Ynmkc.ltrans8.ltrans.o
                0x08007d60                _idle_thread.4338
 .text._port_irq_epilogue
                0x08007d70       0x60 /tmp/cc9Ynmkc.ltrans8.ltrans.o
                0x08007d70                _port_irq_epilogue
 .text.chPoolAlloc
                0x08007dd0       0x30 /tmp/cc9Ynmkc.ltrans8.ltrans.o
                0x08007dd0                chPoolAlloc
 .text.chEvtAddEvents
                0x08007e00       0x20 /tmp/cc9Ynmkc.ltrans8.ltrans.o
                0x08007e00                chEvtAddEvents
 .text.chEvtUnregister
                0x08007e20       0x30 /tmp/cc9Ynmkc.ltrans8.ltrans.o
                0x08007e20                chEvtUnregister
 .text.chTMStopMeasurementX
                0x08007e50       0x50 /tmp/cc9Ynmkc.ltrans8.ltrans.o
                0x08007e50                chTMStopMeasurementX
 .text.chThdYield
                0x08007ea0       0x60 /tmp/cc9Ynmkc.ltrans8.ltrans.o
                0x08007ea0                chThdYield
 .text.chThdCreateSuspendedI
                0x08007f00       0x90 /tmp/cc9Ynmkc.ltrans8.ltrans.o
                0x08007f00                chThdCreateSuspendedI
 .text.chSchRescheduleS
                0x08007f90       0x50 /tmp/cc9Ynmkc.ltrans8.ltrans.o
                0x08007f90                chSchRescheduleS
 .text.chThdSetPriority
                0x08007fe0       0x30 /tmp/cc9Ynmkc.ltrans8.ltrans.o
                0x08007fe0                chThdSetPriority
 .text.chSysRestoreStatusX.part.2.4350
                0x08008010       0x20 /tmp/cc9Ynmkc.ltrans8.ltrans.o
                0x08008010                chSysRestoreStatusX.part.2.4350
 .text.chSchWakeupS
                0x08008030       0x70 /tmp/cc9Ynmkc.ltrans8.ltrans.o
                0x08008030                chSchWakeupS
 .text.chSemSignal
                0x080080a0       0x40 /tmp/cc9Ynmkc.ltrans8.ltrans.o
                0x080080a0                chSemSignal
 .text.chSchGoSleepS
                0x080080e0       0x30 /tmp/cc9Ynmkc.ltrans8.ltrans.o
                0x080080e0                chSchGoSleepS
 .text.chMsgWait
                0x08008110       0x40 /tmp/cc9Ynmkc.ltrans8.ltrans.o
                0x08008110                chMsgWait
 .text.chSemWait
                0x08008150       0x50 /tmp/cc9Ynmkc.ltrans8.ltrans.o
                0x08008150                chSemWait
 .text.chSchReadyI
                0x080081a0       0x30 /tmp/cc9Ynmkc.ltrans8.ltrans.o
                0x080081a0                chSchReadyI
 .text.chMsgSend
                0x080081d0       0x40 /tmp/cc9Ynmkc.ltrans8.ltrans.o
                0x080081d0                chMsgSend
 .text.chEvtSignalI
                0x08008210       0x30 /tmp/cc9Ynmkc.ltrans8.ltrans.o
                0x08008210                chEvtSignalI
 .text.chEvtBroadcastFlagsI
                0x08008240       0x30 /tmp/cc9Ynmkc.ltrans8.ltrans.o
                0x08008240                chEvtBroadcastFlagsI
 .text.chMtxUnlockS
                0x08008270       0x50 /tmp/cc9Ynmkc.ltrans8.ltrans.o
                0x08008270                chMtxUnlockS
 .text.chMtxUnlock
                0x080082c0       0x70 /tmp/cc9Ynmkc.ltrans8.ltrans.o
                0x080082c0                chMtxUnlock
 .text.chMtxLockS
                0x08008330       0xd0 /tmp/cc9Ynmkc.ltrans8.ltrans.o
                0x08008330                chMtxLockS
 .text.chMtxLock
                0x08008400       0x20 /tmp/cc9Ynmkc.ltrans8.ltrans.o
                0x08008400                chMtxLock
 .text.chHeapStatus
                0x08008420       0x70 /tmp/cc9Ynmkc.ltrans8.ltrans.o
                0x08008420                chHeapStatus
 .text.chHeapFree
                0x08008490       0xb0 /tmp/cc9Ynmkc.ltrans8.ltrans.o
                0x08008490                chHeapFree
 .text.chSemSignalI
                0x08008540       0x20 /tmp/cc9Ynmkc.ltrans8.ltrans.o
                0x08008540                chSemSignalI
 .text.chSemResetI.4229
                0x08008560       0x30 /tmp/cc9Ynmkc.ltrans8.ltrans.o
 .text.chMBResetI
                0x08008590       0x30 /tmp/cc9Ynmkc.ltrans8.ltrans.o
                0x08008590                chMBResetI
 .text.chSemReset
                0x080085c0       0x20 /tmp/cc9Ynmkc.ltrans8.ltrans.o
                0x080085c0                chSemReset
 .text.chThdExitS
                0x080085e0       0x50 /tmp/cc9Ynmkc.ltrans8.ltrans.o
                0x080085e0                chThdExitS
 .text.chSysIntegrityCheckI
                0x08008630       0xb0 /tmp/cc9Ynmkc.ltrans8.ltrans.o
                0x08008630                chSysIntegrityCheckI
 .text.chSysGetStatusAndLockX.part.1.4347
                0x080086e0       0x20 /tmp/cc9Ynmkc.ltrans8.ltrans.o
                0x080086e0                chSysGetStatusAndLockX.part.1.4347
 .text._unhandled_exception.4303
                0x08008700       0x10 /tmp/cc9Ynmkc.ltrans8.ltrans.o
                0x08008700                Vector58
                0x08008700                VectorE8
                0x08008700                Vector9C
                0x08008700                VectorAC
                0x08008700                DebugMon_Handler
                0x08008700                Vector5C
                0x08008700                Vector11C
                0x08008700                HardFault_Handler
                0x08008700                Vector19C
                0x08008700                Vector8C
                0x08008700                SysTick_Handler
                0x08008700                VectorDC
                0x08008700                PendSV_Handler
                0x08008700                Vector168
                0x08008700                NMI_Handler
                0x08008700                Vector110
                0x08008700                VectorC8
                0x08008700                Vector94
                0x08008700                VectorA8
                0x08008700                VectorB4
                0x08008700                Vector160
                0x08008700                UsageFault_Handler
                0x08008700                VectorEC
                0x08008700                Vector40
                0x08008700                VectorF8
                0x08008700                Vector108
                0x08008700                VectorBC
                0x08008700                Vector190
                0x08008700                Vector150
                0x08008700                Vector148
                0x08008700                Vector188
                0x08008700                Vector198
                0x08008700                Vector118
                0x08008700                Vector64
                0x08008700                VectorCC
                0x08008700                Vector54
                0x08008700                Vector98
                0x08008700                VectorD8
                0x08008700                Vector138
                0x08008700                Vector24
                0x08008700                Vector178
                0x08008700                VectorD0
                0x08008700                Vector140
                0x08008700                VectorE4
                0x08008700                VectorC0
                0x08008700                Vector158
                0x08008700                Vector134
                0x08008700                VectorF0
                0x08008700                Vector13C
                0x08008700                Vector100
                0x08008700                VectorE0
                0x08008700                VectorF4
                0x08008700                MemManage_Handler
                0x08008700                VectorA0
                0x08008700                VectorC4
                0x08008700                Vector180
                0x08008700                Vector90
                0x08008700                Vector114
                0x08008700                Vector164
                0x08008700                Vector60
                0x08008700                Vector1C
                0x08008700                Vector17C
                0x08008700                Vector48
                0x08008700                Vector16C
                0x08008700                Vector4C
                0x08008700                Vector144
                0x08008700                Vector15C
                0x08008700                Vector68
                0x08008700                Vector170
                0x08008700                Vector88
                0x08008700                Vector104
                0x08008700                Vector184
                0x08008700                Vector10C
                0x08008700                Vector14C
                0x08008700                BusFault_Handler
                0x08008700                Vector50
                0x08008700                Vector194
                0x08008700                Vector154
                0x08008700                Vector44
                0x08008700                Vector28
                0x08008700                VectorB8
                0x08008700                VectorFC
                0x08008700                Vector34
                0x08008700                VectorA4
                0x08008700                Vector20
                0x08008700                Vector18C
                0x08008700                Vector174
 .text.startup.main
                0x08008710      0x580 /tmp/cc9Ynmkc.ltrans9.ltrans.o
                0x08008710                main
 .text._sbrk_r  0x08008c90       0x20 /tmp/cc9Ynmkc.ltrans9.ltrans.o
                0x08008c90                _sbrk_r
 .text.__early_init
                0x08008cb0       0xa0 /tmp/cc9Ynmkc.ltrans9.ltrans.o
                0x08008cb0                __early_init
 .text.chThdExit
                0x08008d50       0x10 /tmp/cc9Ynmkc.ltrans9.ltrans.o
                0x08008d50                chThdExit
 .text.bmk_thread3.11542
                0x08008d60       0x10 /tmp/cc9Ynmkc.ltrans9.ltrans.o
                0x08008d60                bmk_thread3.11542
 .text.chSchDoReschedule
                0x08008d70       0x40 /tmp/cc9Ynmkc.ltrans9.ltrans.o
                0x08008d70                chSchDoReschedule
 .text.__init_ram_areas
                0x08008db0       0x60 /tmp/cc9Ynmkc.ltrans9.ltrans.o
                0x08008db0                __init_ram_areas
 .text.__default_exit
                0x08008e10       0x10 /tmp/cc9Ynmkc.ltrans9.ltrans.o
                0x08008e10                __default_exit
 .text.__late_init
                0x08008e20       0x10 /tmp/cc9Ynmkc.ltrans9.ltrans.o
                0x08008e20                __late_init
 .text.__core_init
                0x08008e30       0x10 /tmp/cc9Ynmkc.ltrans9.ltrans.o
                0x08008e30                __core_init
 .text.memset   0x08008e40       0x94 /nfs/nfs5/home/research/hardware/arm2/gcc-arm-embedded/gcc-arm-none-eabi-4_8-2014q2/bin/../lib/gcc/arm-none-eabi/4.8.4/../../../../arm-none-eabi/lib/armv7e-m/libg.a(lib_a-memset.o)
                0x08008e40                memset
 .text.snprintf
                0x08008ed4       0x68 /nfs/nfs5/home/research/hardware/arm2/gcc-arm-embedded/gcc-arm-none-eabi-4_8-2014q2/bin/../lib/gcc/arm-none-eabi/4.8.4/../../../../arm-none-eabi/lib/armv7e-m/libg.a(lib_a-snprintf.o)
                0x08008ed4                snprintf
 .text.strchr   0x08008f3c       0xf4 /nfs/nfs5/home/research/hardware/arm2/gcc-arm-embedded/gcc-arm-none-eabi-4_8-2014q2/bin/../lib/gcc/arm-none-eabi/4.8.4/../../../../arm-none-eabi/lib/armv7e-m/libg.a(lib_a-strchr.o)
                0x08008f3c                strchr
 .text.strpbrk  0x08009030       0x50 /nfs/nfs5/home/research/hardware/arm2/gcc-arm-embedded/gcc-arm-none-eabi-4_8-2014q2/bin/../lib/gcc/arm-none-eabi/4.8.4/../../../../arm-none-eabi/lib/armv7e-m/libg.a(lib_a-strpbrk.o)
                0x08009030                strpbrk
 .text.strspn   0x08009080       0x40 /nfs/nfs5/home/research/hardware/arm2/gcc-arm-embedded/gcc-arm-none-eabi-4_8-2014q2/bin/../lib/gcc/arm-none-eabi/4.8.4/../../../../arm-none-eabi/lib/armv7e-m/libg.a(lib_a-strspn.o)
                0x08009080                strspn
 .text._svfprintf_r
                0x080090c0     0x14f8 /nfs/nfs5/home/research/hardware/arm2/gcc-arm-embedded/gcc-arm-none-eabi-4_8-2014q2/bin/../lib/gcc/arm-none-eabi/4.8.4/../../../../arm-none-eabi/lib/armv7e-m/libg.a(lib_a-svfprintf.o)
                0x080090c0                _svfprintf_r
 .text.quorem   0x0800a5b8      0x130 /nfs/nfs5/home/research/hardware/arm2/gcc-arm-embedded/gcc-arm-none-eabi-4_8-2014q2/bin/../lib/gcc/arm-none-eabi/4.8.4/../../../../arm-none-eabi/lib/armv7e-m/libg.a(lib_a-dtoa.o)
 .text._dtoa_r  0x0800a6e8      0xe38 /nfs/nfs5/home/research/hardware/arm2/gcc-arm-embedded/gcc-arm-none-eabi-4_8-2014q2/bin/../lib/gcc/arm-none-eabi/4.8.4/../../../../arm-none-eabi/lib/armv7e-m/libg.a(lib_a-dtoa.o)
                0x0800a6e8                _dtoa_r
 .text._localeconv_r
                0x0800b520        0x8 /nfs/nfs5/home/research/hardware/arm2/gcc-arm-embedded/gcc-arm-none-eabi-4_8-2014q2/bin/../lib/gcc/arm-none-eabi/4.8.4/../../../../arm-none-eabi/lib/armv7e-m/libg.a(lib_a-locale.o)
                0x0800b520                _localeconv_r
 .text._malloc_r
                0x0800b528      0x538 /nfs/nfs5/home/research/hardware/arm2/gcc-arm-embedded/gcc-arm-none-eabi-4_8-2014q2/bin/../lib/gcc/arm-none-eabi/4.8.4/../../../../arm-none-eabi/lib/armv7e-m/libg.a(lib_a-mallocr.o)
                0x0800b528                _malloc_r
 .text.memchr   0x0800ba60       0x90 /nfs/nfs5/home/research/hardware/arm2/gcc-arm-embedded/gcc-arm-none-eabi-4_8-2014q2/bin/../lib/gcc/arm-none-eabi/4.8.4/../../../../arm-none-eabi/lib/armv7e-m/libg.a(lib_a-memchr-stub.o)
                0x0800ba60                memchr
 .text.__malloc_lock
                0x0800baf0        0x4 /nfs/nfs5/home/research/hardware/arm2/gcc-arm-embedded/gcc-arm-none-eabi-4_8-2014q2/bin/../lib/gcc/arm-none-eabi/4.8.4/../../../../arm-none-eabi/lib/armv7e-m/libg.a(lib_a-mlock.o)
                0x0800baf0                __malloc_lock
 .text.__malloc_unlock
                0x0800baf4        0x4 /nfs/nfs5/home/research/hardware/arm2/gcc-arm-embedded/gcc-arm-none-eabi-4_8-2014q2/bin/../lib/gcc/arm-none-eabi/4.8.4/../../../../arm-none-eabi/lib/armv7e-m/libg.a(lib_a-mlock.o)
                0x0800baf4                __malloc_unlock
 .text._Balloc  0x0800baf8       0x4c /nfs/nfs5/home/research/hardware/arm2/gcc-arm-embedded/gcc-arm-none-eabi-4_8-2014q2/bin/../lib/gcc/arm-none-eabi/4.8.4/../../../../arm-none-eabi/lib/armv7e-m/libg.a(lib_a-mprec.o)
                0x0800baf8                _Balloc
 .text._Bfree   0x0800bb44       0x14 /nfs/nfs5/home/research/hardware/arm2/gcc-arm-embedded/gcc-arm-none-eabi-4_8-2014q2/bin/../lib/gcc/arm-none-eabi/4.8.4/../../../../arm-none-eabi/lib/armv7e-m/libg.a(lib_a-mprec.o)
                0x0800bb44                _Bfree
 .text.__multadd
                0x0800bb58       0x98 /nfs/nfs5/home/research/hardware/arm2/gcc-arm-embedded/gcc-arm-none-eabi-4_8-2014q2/bin/../lib/gcc/arm-none-eabi/4.8.4/../../../../arm-none-eabi/lib/armv7e-m/libg.a(lib_a-mprec.o)
                0x0800bb58                __multadd
 .text.__hi0bits
                0x0800bbf0       0x40 /nfs/nfs5/home/research/hardware/arm2/gcc-arm-embedded/gcc-arm-none-eabi-4_8-2014q2/bin/../lib/gcc/arm-none-eabi/4.8.4/../../../../arm-none-eabi/lib/armv7e-m/libg.a(lib_a-mprec.o)
                0x0800bbf0                __hi0bits
 .text.__lo0bits
                0x0800bc30       0x5c /nfs/nfs5/home/research/hardware/arm2/gcc-arm-embedded/gcc-arm-none-eabi-4_8-2014q2/bin/../lib/gcc/arm-none-eabi/4.8.4/../../../../arm-none-eabi/lib/armv7e-m/libg.a(lib_a-mprec.o)
                0x0800bc30                __lo0bits
 .text.__i2b    0x0800bc8c       0x14 /nfs/nfs5/home/research/hardware/arm2/gcc-arm-embedded/gcc-arm-none-eabi-4_8-2014q2/bin/../lib/gcc/arm-none-eabi/4.8.4/../../../../arm-none-eabi/lib/armv7e-m/libg.a(lib_a-mprec.o)
                0x0800bc8c                __i2b
 .text.__multiply
                0x0800bca0      0x13c /nfs/nfs5/home/research/hardware/arm2/gcc-arm-embedded/gcc-arm-none-eabi-4_8-2014q2/bin/../lib/gcc/arm-none-eabi/4.8.4/../../../../arm-none-eabi/lib/armv7e-m/libg.a(lib_a-mprec.o)
                0x0800bca0                __multiply
 .text.__pow5mult
                0x0800bddc       0x9c /nfs/nfs5/home/research/hardware/arm2/gcc-arm-embedded/gcc-arm-none-eabi-4_8-2014q2/bin/../lib/gcc/arm-none-eabi/4.8.4/../../../../arm-none-eabi/lib/armv7e-m/libg.a(lib_a-mprec.o)
                0x0800bddc                __pow5mult
 .text.__lshift
                0x0800be78       0xbc /nfs/nfs5/home/research/hardware/arm2/gcc-arm-embedded/gcc-arm-none-eabi-4_8-2014q2/bin/../lib/gcc/arm-none-eabi/4.8.4/../../../../arm-none-eabi/lib/armv7e-m/libg.a(lib_a-mprec.o)
                0x0800be78                __lshift
 .text.__mcmp   0x0800bf34       0x48 /nfs/nfs5/home/research/hardware/arm2/gcc-arm-embedded/gcc-arm-none-eabi-4_8-2014q2/bin/../lib/gcc/arm-none-eabi/4.8.4/../../../../arm-none-eabi/lib/armv7e-m/libg.a(lib_a-mprec.o)
                0x0800bf34                __mcmp
 .text.__mdiff  0x0800bf7c       0xd4 /nfs/nfs5/home/research/hardware/arm2/gcc-arm-embedded/gcc-arm-none-eabi-4_8-2014q2/bin/../lib/gcc/arm-none-eabi/4.8.4/../../../../arm-none-eabi/lib/armv7e-m/libg.a(lib_a-mprec.o)
                0x0800bf7c                __mdiff
 .text.__d2b    0x0800c050       0xbc /nfs/nfs5/home/research/hardware/arm2/gcc-arm-embedded/gcc-arm-none-eabi-4_8-2014q2/bin/../lib/gcc/arm-none-eabi/4.8.4/../../../../arm-none-eabi/lib/armv7e-m/libg.a(lib_a-mprec.o)
                0x0800c050                __d2b
 .text.__fpclassifyd
                0x0800c10c       0x50 /nfs/nfs5/home/research/hardware/arm2/gcc-arm-embedded/gcc-arm-none-eabi-4_8-2014q2/bin/../lib/gcc/arm-none-eabi/4.8.4/../../../../arm-none-eabi/lib/armv7e-m/libg.a(lib_a-s_fpclassify.o)
                0x0800c10c                __fpclassifyd
 .text.strlen   0x0800c15c       0x60 /nfs/nfs5/home/research/hardware/arm2/gcc-arm-embedded/gcc-arm-none-eabi-4_8-2014q2/bin/../lib/gcc/arm-none-eabi/4.8.4/../../../../arm-none-eabi/lib/armv7e-m/libg.a(lib_a-strlen.o)
                0x0800c15c                strlen
 .text.__ssprint_r
                0x0800c1bc      0x100 /nfs/nfs5/home/research/hardware/arm2/gcc-arm-embedded/gcc-arm-none-eabi-4_8-2014q2/bin/../lib/gcc/arm-none-eabi/4.8.4/../../../../arm-none-eabi/lib/armv7e-m/libg.a(lib_a-svfiprintf.o)
                0x0800c1bc                __ssprint_r
 .text._calloc_r
                0x0800c2bc       0x60 /nfs/nfs5/home/research/hardware/arm2/gcc-arm-embedded/gcc-arm-none-eabi-4_8-2014q2/bin/../lib/gcc/arm-none-eabi/4.8.4/../../../../arm-none-eabi/lib/armv7e-m/libg.a(lib_a-callocr.o)
                0x0800c2bc                _calloc_r
 .text._malloc_trim_r
                0x0800c31c       0x9c /nfs/nfs5/home/research/hardware/arm2/gcc-arm-embedded/gcc-arm-none-eabi-4_8-2014q2/bin/../lib/gcc/arm-none-eabi/4.8.4/../../../../arm-none-eabi/lib/armv7e-m/libg.a(lib_a-freer.o)
                0x0800c31c                _malloc_trim_r
 .text._free_r  0x0800c3b8      0x19c /nfs/nfs5/home/research/hardware/arm2/gcc-arm-embedded/gcc-arm-none-eabi-4_8-2014q2/bin/../lib/gcc/arm-none-eabi/4.8.4/../../../../arm-none-eabi/lib/armv7e-m/libg.a(lib_a-freer.o)
                0x0800c3b8                _free_r
 .text.memmove  0x0800c554       0xc0 /nfs/nfs5/home/research/hardware/arm2/gcc-arm-embedded/gcc-arm-none-eabi-4_8-2014q2/bin/../lib/gcc/arm-none-eabi/4.8.4/../../../../arm-none-eabi/lib/armv7e-m/libg.a(lib_a-memmove.o)
                0x0800c554                memmove
 .text._realloc_r
                0x0800c614      0x3cc /nfs/nfs5/home/research/hardware/arm2/gcc-arm-embedded/gcc-arm-none-eabi-4_8-2014q2/bin/../lib/gcc/arm-none-eabi/4.8.4/../../../../arm-none-eabi/lib/armv7e-m/libg.a(lib_a-reallocr.o)
                0x0800c614                _realloc_r
 .text.atoi     0x0800c9e0        0x8 /nfs/nfs5/home/research/hardware/arm2/gcc-arm-embedded/gcc-arm-none-eabi-4_8-2014q2/bin/../lib/gcc/arm-none-eabi/4.8.4/../../../../arm-none-eabi/lib/armv7e-m/libg.a(lib_a-atoi.o)
                0x0800c9e0                atoi
 .text._strtol_r
                0x0800c9e8      0x114 /nfs/nfs5/home/research/hardware/arm2/gcc-arm-embedded/gcc-arm-none-eabi-4_8-2014q2/bin/../lib/gcc/arm-none-eabi/4.8.4/../../../../arm-none-eabi/lib/armv7e-m/libg.a(lib_a-strtol.o)
                0x0800c9e8                _strtol_r
 .text.strtol   0x0800cafc       0x18 /nfs/nfs5/home/research/hardware/arm2/gcc-arm-embedded/gcc-arm-none-eabi-4_8-2014q2/bin/../lib/gcc/arm-none-eabi/4.8.4/../../../../arm-none-eabi/lib/armv7e-m/libg.a(lib_a-strtol.o)
                0x0800cafc                strtol
 .text.pow      0x0800cb14      0x2f8 /nfs/nfs5/home/research/hardware/arm2/gcc-arm-embedded/gcc-arm-none-eabi-4_8-2014q2/bin/../lib/gcc/arm-none-eabi/4.8.4/../../../../arm-none-eabi/lib/armv7e-m/libm.a(lib_a-w_pow.o)
                0x0800cb14                pow
 *fill*         0x0800ce0c        0x4 
 .text.__ieee754_pow
                0x0800ce10      0xa78 /nfs/nfs5/home/research/hardware/arm2/gcc-arm-embedded/gcc-arm-none-eabi-4_8-2014q2/bin/../lib/gcc/arm-none-eabi/4.8.4/../../../../arm-none-eabi/lib/armv7e-m/libm.a(lib_a-e_pow.o)
                0x0800ce10                __ieee754_pow
 .text.__ieee754_sqrt
                0x0800d888      0x180 /nfs/nfs5/home/research/hardware/arm2/gcc-arm-embedded/gcc-arm-none-eabi-4_8-2014q2/bin/../lib/gcc/arm-none-eabi/4.8.4/../../../../arm-none-eabi/lib/armv7e-m/libm.a(lib_a-e_sqrt.o)
                0x0800d888                __ieee754_sqrt
 .text.fabs     0x0800da08        0x8 /nfs/nfs5/home/research/hardware/arm2/gcc-arm-embedded/gcc-arm-none-eabi-4_8-2014q2/bin/../lib/gcc/arm-none-eabi/4.8.4/../../../../arm-none-eabi/lib/armv7e-m/libm.a(lib_a-s_fabs.o)
                0x0800da08                fabs
 .text.finite   0x0800da10        0xc /nfs/nfs5/home/research/hardware/arm2/gcc-arm-embedded/gcc-arm-none-eabi-4_8-2014q2/bin/../lib/gcc/arm-none-eabi/4.8.4/../../../../arm-none-eabi/lib/armv7e-m/libm.a(lib_a-s_finite.o)
                0x0800da10                finite
 .text.matherr  0x0800da1c        0x4 /nfs/nfs5/home/research/hardware/arm2/gcc-arm-embedded/gcc-arm-none-eabi-4_8-2014q2/bin/../lib/gcc/arm-none-eabi/4.8.4/../../../../arm-none-eabi/lib/armv7e-m/libm.a(lib_a-s_matherr.o)
                0x0800da1c                matherr
 .text.nan      0x0800da20        0xc /nfs/nfs5/home/research/hardware/arm2/gcc-arm-embedded/gcc-arm-none-eabi-4_8-2014q2/bin/../lib/gcc/arm-none-eabi/4.8.4/../../../../arm-none-eabi/lib/armv7e-m/libm.a(lib_a-s_nan.o)
                0x0800da20                nan
 .text.rint     0x0800da2c      0x118 /nfs/nfs5/home/research/hardware/arm2/gcc-arm-embedded/gcc-arm-none-eabi-4_8-2014q2/bin/../lib/gcc/arm-none-eabi/4.8.4/../../../../arm-none-eabi/lib/armv7e-m/libm.a(lib_a-s_rint.o)
                0x0800da2c                rint
 *fill*         0x0800db44        0x4 
 .text.scalbn   0x0800db48      0x118 /nfs/nfs5/home/research/hardware/arm2/gcc-arm-embedded/gcc-arm-none-eabi-4_8-2014q2/bin/../lib/gcc/arm-none-eabi/4.8.4/../../../../arm-none-eabi/lib/armv7e-m/libm.a(lib_a-s_scalbn.o)
                0x0800db48                scalbn
 .text.copysign
                0x0800dc60       0x14 /nfs/nfs5/home/research/hardware/arm2/gcc-arm-embedded/gcc-arm-none-eabi-4_8-2014q2/bin/../lib/gcc/arm-none-eabi/4.8.4/../../../../arm-none-eabi/lib/armv7e-m/libm.a(lib_a-s_copysign.o)
                0x0800dc60                copysign
 .text.__errno  0x0800dc74        0xc /nfs/nfs5/home/research/hardware/arm2/gcc-arm-embedded/gcc-arm-none-eabi-4_8-2014q2/bin/../lib/gcc/arm-none-eabi/4.8.4/../../../../arm-none-eabi/lib/armv7e-m/libg.a(lib_a-errno.o)
                0x0800dc74                __errno
 *(.glue_7t)
 .glue_7t       0x00000000        0x0 linker stubs
 *(.glue_7)
 .glue_7        0x00000000        0x0 linker stubs
 *(.gcc*)

.vfp11_veneer   0x0800dc80        0x0
 .vfp11_veneer  0x00000000        0x0 linker stubs

.v4_bx          0x0800dc80        0x0
 .v4_bx         0x00000000        0x0 linker stubs

.iplt           0x0800dc80        0x0
 .iplt          0x00000000        0x0 build/obj/crt0_v7m.o

.rodata         0x0800dc80     0x2298
                0x0800dc80                . = ALIGN (0x4)
                0x0800dc80                __rodata_base__ = .
 *(.rodata)
 *(.rodata.*)
 .rodata.str1.4
                0x0800dc80      0x137 /tmp/cc9Ynmkc.ltrans0.ltrans.o
                                0x138 (size before relaxing)
 *fill*         0x0800ddb7        0x1 
 .rodata.evhndl.10774.4537
                0x0800ddb8        0xc /tmp/cc9Ynmkc.ltrans1.ltrans.o
 .rodata.str1.4
                0x0800ddc4      0x32f /tmp/cc9Ynmkc.ltrans1.ltrans.o
                                0x354 (size before relaxing)
 *fill*         0x0800e0f3        0x1 
 .rodata.states.7533.12091.4466
                0x0800e0f4       0x40 /tmp/cc9Ynmkc.ltrans2.ltrans.o
 .rodata.str1.4
                0x0800e134      0x26a /tmp/cc9Ynmkc.ltrans2.ltrans.o
                                0x2e4 (size before relaxing)
 *fill*         0x0800e39e        0x2 
 .rodata.test_002_003.9770.4763
                0x0800e3a0       0x10 /tmp/cc9Ynmkc.ltrans3.ltrans.o
 .rodata.test_012_011.11665.4848
                0x0800e3b0       0x10 /tmp/cc9Ynmkc.ltrans3.ltrans.o
 .rodata.test_006_001.10605.4794
                0x0800e3c0       0x10 /tmp/cc9Ynmkc.ltrans3.ltrans.o
 .rodata.test_007_004.10825.4807
                0x0800e3d0       0x10 /tmp/cc9Ynmkc.ltrans3.ltrans.o
 .rodata.test_sequence_010
                0x0800e3e0        0xc /tmp/cc9Ynmkc.ltrans3.ltrans.o
 .rodata.test_sequence_011
                0x0800e3ec        0xc /tmp/cc9Ynmkc.ltrans3.ltrans.o
 .rodata.test_010_002.11262.4825
                0x0800e3f8       0x10 /tmp/cc9Ynmkc.ltrans3.ltrans.o
 .rodata.test_011_001.11442.4827
                0x0800e408       0x10 /tmp/cc9Ynmkc.ltrans3.ltrans.o
 .rodata.test_002_004.9771.4764
                0x0800e418       0x10 /tmp/cc9Ynmkc.ltrans3.ltrans.o
 .rodata.test_002_002.9769.4762
                0x0800e428       0x10 /tmp/cc9Ynmkc.ltrans3.ltrans.o
 .rodata.wa     0x0800e438       0x14 /tmp/cc9Ynmkc.ltrans3.ltrans.o
                0x0800e438                wa
 .rodata.test_sequence_003
                0x0800e44c        0x8 /tmp/cc9Ynmkc.ltrans3.ltrans.o
 .rodata.test_005_008.10447.4791
                0x0800e454       0x10 /tmp/cc9Ynmkc.ltrans3.ltrans.o
 .rodata.test_sequence_004
                0x0800e464       0x1c /tmp/cc9Ynmkc.ltrans3.ltrans.o
 .rodata.str1.4
                0x0800e480      0xba1 /tmp/cc9Ynmkc.ltrans3.ltrans.o
                                0xbfc (size before relaxing)
 *fill*         0x0800f021        0x3 
 .rodata.test_012_005.11659.4842
                0x0800f024       0x10 /tmp/cc9Ynmkc.ltrans3.ltrans.o
 .rodata.test_010_001.11261.4820
                0x0800f034       0x10 /tmp/cc9Ynmkc.ltrans3.ltrans.o
 .rodata.test_007_003.10824.4806
                0x0800f044       0x10 /tmp/cc9Ynmkc.ltrans3.ltrans.o
 .rodata.test_001_004.9530.4755
                0x0800f054       0x10 /tmp/cc9Ynmkc.ltrans3.ltrans.o
 .rodata.test_001_002.9528.4753
                0x0800f064       0x10 /tmp/cc9Ynmkc.ltrans3.ltrans.o
 .rodata.test_012_009.11663.4846
                0x0800f074       0x10 /tmp/cc9Ynmkc.ltrans3.ltrans.o
 .rodata.test_005_001.10443.4783
                0x0800f084       0x10 /tmp/cc9Ynmkc.ltrans3.ltrans.o
 .rodata.test_012_010.11664.4847
                0x0800f094       0x10 /tmp/cc9Ynmkc.ltrans3.ltrans.o
 .rodata.test_009_003.11145.4818
                0x0800f0a4       0x10 /tmp/cc9Ynmkc.ltrans3.ltrans.o
 .rodata.test_005_007.10446.4790
                0x0800f0b4       0x10 /tmp/cc9Ynmkc.ltrans3.ltrans.o
 .rodata.test_007_002.10823.4805
                0x0800f0c4       0x10 /tmp/cc9Ynmkc.ltrans3.ltrans.o
 .rodata.test_012_008.11662.4845
                0x0800f0d4       0x10 /tmp/cc9Ynmkc.ltrans3.ltrans.o
 .rodata.test_sequence_012
                0x0800f0e4       0x34 /tmp/cc9Ynmkc.ltrans3.ltrans.o
 .rodata.test_sequence_002
                0x0800f118       0x14 /tmp/cc9Ynmkc.ltrans3.ltrans.o
 .rodata.test_002_001.9768.4757
                0x0800f12c       0x10 /tmp/cc9Ynmkc.ltrans3.ltrans.o
 .rodata.test_011_002.11443.4832
                0x0800f13c       0x10 /tmp/cc9Ynmkc.ltrans3.ltrans.o
 .rodata.test_sequence_005
                0x0800f14c       0x1c /tmp/cc9Ynmkc.ltrans3.ltrans.o
 .rodata.test_sequence_006
                0x0800f168        0x8 /tmp/cc9Ynmkc.ltrans3.ltrans.o
 .rodata.test_sequence_007
                0x0800f170       0x20 /tmp/cc9Ynmkc.ltrans3.ltrans.o
 .rodata.test_012_002.11656.4839
                0x0800f190       0x10 /tmp/cc9Ynmkc.ltrans3.ltrans.o
 .rodata.test_012_004.11658.4841
                0x0800f1a0       0x10 /tmp/cc9Ynmkc.ltrans3.ltrans.o
 .rodata.test_007_006.10827.4809
                0x0800f1b0       0x10 /tmp/cc9Ynmkc.ltrans3.ltrans.o
 .rodata.test_008_003.10990.4731
                0x0800f1c0       0x10 /tmp/cc9Ynmkc.ltrans3.ltrans.o
 .rodata.test_009_002.11144.4817
                0x0800f1d0       0x10 /tmp/cc9Ynmkc.ltrans3.ltrans.o
 .rodata.test_004_004.10205.4779
                0x0800f1e0       0x10 /tmp/cc9Ynmkc.ltrans3.ltrans.o
 .rodata.test_004_006.10207.4781
                0x0800f1f0       0x10 /tmp/cc9Ynmkc.ltrans3.ltrans.o
 .rodata.test_007_001.10822.4800
                0x0800f200       0x10 /tmp/cc9Ynmkc.ltrans3.ltrans.o
 .rodata.test_008_002.10989.4745
                0x0800f210       0x10 /tmp/cc9Ynmkc.ltrans3.ltrans.o
 .rodata.shell_local_commands
                0x0800f220       0x40 /tmp/cc9Ynmkc.ltrans3.ltrans.o
 .rodata.test_007_007.10828.4810
                0x0800f260       0x10 /tmp/cc9Ynmkc.ltrans3.ltrans.o
 .rodata.test_sequence_001
                0x0800f270       0x14 /tmp/cc9Ynmkc.ltrans3.ltrans.o
 .rodata.test_012_007.11661.4844
                0x0800f284       0x10 /tmp/cc9Ynmkc.ltrans3.ltrans.o
 .rodata.test_012_001.11655.4834
                0x0800f294       0x10 /tmp/cc9Ynmkc.ltrans3.ltrans.o
 .rodata.test_012_012.11666.4849
                0x0800f2a4       0x10 /tmp/cc9Ynmkc.ltrans3.ltrans.o
 .rodata.test_012_003.11657.4840
                0x0800f2b4       0x10 /tmp/cc9Ynmkc.ltrans3.ltrans.o
 .rodata.test_007_005.10826.4808
                0x0800f2c4       0x10 /tmp/cc9Ynmkc.ltrans3.ltrans.o
 .rodata.test_001_001.9527.4748
                0x0800f2d4       0x10 /tmp/cc9Ynmkc.ltrans3.ltrans.o
 .rodata.test_sequence_008
                0x0800f2e4       0x10 /tmp/cc9Ynmkc.ltrans3.ltrans.o
 .rodata.test_004_003.10204.4778
                0x0800f2f4       0x10 /tmp/cc9Ynmkc.ltrans3.ltrans.o
 .rodata.test_004_005.10206.4780
                0x0800f304       0x10 /tmp/cc9Ynmkc.ltrans3.ltrans.o
 .rodata.test_004_001.10202.4772
                0x0800f314       0x10 /tmp/cc9Ynmkc.ltrans3.ltrans.o
 .rodata.test_003_001.9959.4766
                0x0800f324       0x10 /tmp/cc9Ynmkc.ltrans3.ltrans.o
 .rodata.test_sequence_009
                0x0800f334       0x10 /tmp/cc9Ynmkc.ltrans3.ltrans.o
 .rodata.test_008_001.10988.4744
                0x0800f344       0x10 /tmp/cc9Ynmkc.ltrans3.ltrans.o
 .rodata.test_005_005.10445.4789
                0x0800f354       0x10 /tmp/cc9Ynmkc.ltrans3.ltrans.o
 .rodata.test_009_001.11143.4812
                0x0800f364       0x10 /tmp/cc9Ynmkc.ltrans3.ltrans.o
 .rodata.test_012_006.11660.4843
                0x0800f374       0x10 /tmp/cc9Ynmkc.ltrans3.ltrans.o
 .rodata.test_001_003.9529.4754
                0x0800f384       0x10 /tmp/cc9Ynmkc.ltrans3.ltrans.o
 .rodata.test_004_002.10203.4777
                0x0800f394       0x10 /tmp/cc9Ynmkc.ltrans3.ltrans.o
 .rodata.test_005_009.10448.4792
                0x0800f3a4       0x10 /tmp/cc9Ynmkc.ltrans3.ltrans.o
 .rodata.test_005_004.10444.4788
                0x0800f3b4       0x10 /tmp/cc9Ynmkc.ltrans3.ltrans.o
 .rodata.pow10.12244.4386
                0x0800f3c4       0x24 /tmp/cc9Ynmkc.ltrans4.ltrans.o
 .rodata.str1.4
                0x0800f3e8      0x180 /tmp/cc9Ynmkc.ltrans4.ltrans.o
                                0x184 (size before relaxing)
 .rodata.str1.4
                0x0800f568      0x14d /tmp/cc9Ynmkc.ltrans5.ltrans.o
                                0x20c (size before relaxing)
 *fill*         0x0800f6b5        0x3 
 .rodata.str1.4
                0x0800f6b8       0x6c /tmp/cc9Ynmkc.ltrans6.ltrans.o
                                 0xc4 (size before relaxing)
 .rodata.dummytx.8894.4612
                0x0800f724        0x2 /tmp/cc9Ynmkc.ltrans7.ltrans.o
 *fill*         0x0800f726        0x2 
 .rodata.str1.4
                0x0800f728      0x2d1 /tmp/cc9Ynmkc.ltrans7.ltrans.o
                                0x4ac (size before relaxing)
 *fill*         0x0800f9f9        0x3 
 .rodata.vmt.8041.4894
                0x0800f9fc       0x20 /tmp/cc9Ynmkc.ltrans9.ltrans.o
 .rodata.shell_cfg1.12804.4876
                0x0800fa1c        0x8 /tmp/cc9Ynmkc.ltrans9.ltrans.o
 .rodata.ram_areas.4024.4895
                0x0800fa24       0x80 /tmp/cc9Ynmkc.ltrans9.ltrans.o
 .rodata.idle_descriptor.6380.4385.4834
                0x0800faa4       0x18 /tmp/cc9Ynmkc.ltrans9.ltrans.o
 .rodata.str1.4
                0x0800fabc       0x5d /tmp/cc9Ynmkc.ltrans9.ltrans.o
                                 0x60 (size before relaxing)
 *fill*         0x0800fb19        0x3 
 .rodata.ch_debug
                0x0800fb1c       0x18 /tmp/cc9Ynmkc.ltrans9.ltrans.o
 .rodata.commands.12806.4887
                0x0800fb34       0x38 /tmp/cc9Ynmkc.ltrans9.ltrans.o
 .rodata._stm32_dma_streams
                0x0800fb6c       0xf0 /tmp/cc9Ynmkc.ltrans9.ltrans.o
 .rodata.zeroes.6763
                0x0800fc5c       0x10 /nfs/nfs5/home/research/hardware/arm2/gcc-arm-embedded/gcc-arm-none-eabi-4_8-2014q2/bin/../lib/gcc/arm-none-eabi/4.8.4/../../../../arm-none-eabi/lib/armv7e-m/libg.a(lib_a-svfprintf.o)
 .rodata.str1.4
                0x0800fc6c       0x35 /nfs/nfs5/home/research/hardware/arm2/gcc-arm-embedded/gcc-arm-none-eabi-4_8-2014q2/bin/../lib/gcc/arm-none-eabi/4.8.4/../../../../arm-none-eabi/lib/armv7e-m/libg.a(lib_a-svfprintf.o)
                                 0x44 (size before relaxing)
 *fill*         0x0800fca1        0x3 
 .rodata.blanks.6762
                0x0800fca4       0x10 /nfs/nfs5/home/research/hardware/arm2/gcc-arm-embedded/gcc-arm-none-eabi-4_8-2014q2/bin/../lib/gcc/arm-none-eabi/4.8.4/../../../../arm-none-eabi/lib/armv7e-m/libg.a(lib_a-svfprintf.o)
 .rodata.str1.4
                0x0800fcb4       0x10 /nfs/nfs5/home/research/hardware/arm2/gcc-arm-embedded/gcc-arm-none-eabi-4_8-2014q2/bin/../lib/gcc/arm-none-eabi/4.8.4/../../../../arm-none-eabi/lib/armv7e-m/libg.a(lib_a-dtoa.o)
                                 0x14 (size before relaxing)
 .rodata.str1.4
                0x0800fcc4        0xa /nfs/nfs5/home/research/hardware/arm2/gcc-arm-embedded/gcc-arm-none-eabi-4_8-2014q2/bin/../lib/gcc/arm-none-eabi/4.8.4/../../../../arm-none-eabi/lib/armv7e-m/libg.a(lib_a-locale.o)
                                 0x14 (size before relaxing)
 *fill*         0x0800fcce        0x2 
 .rodata.__mprec_tens
                0x0800fcd0       0xc8 /nfs/nfs5/home/research/hardware/arm2/gcc-arm-embedded/gcc-arm-none-eabi-4_8-2014q2/bin/../lib/gcc/arm-none-eabi/4.8.4/../../../../arm-none-eabi/lib/armv7e-m/libg.a(lib_a-mprec.o)
                0x0800fcd0                __mprec_tens
 .rodata.__mprec_bigtens
                0x0800fd98       0x28 /nfs/nfs5/home/research/hardware/arm2/gcc-arm-embedded/gcc-arm-none-eabi-4_8-2014q2/bin/../lib/gcc/arm-none-eabi/4.8.4/../../../../arm-none-eabi/lib/armv7e-m/libg.a(lib_a-mprec.o)
                0x0800fd98                __mprec_bigtens
 .rodata.p05.5269
                0x0800fdc0        0xc /nfs/nfs5/home/research/hardware/arm2/gcc-arm-embedded/gcc-arm-none-eabi-4_8-2014q2/bin/../lib/gcc/arm-none-eabi/4.8.4/../../../../arm-none-eabi/lib/armv7e-m/libg.a(lib_a-mprec.o)
 .rodata._ctype_
                0x0800fdcc      0x104 /nfs/nfs5/home/research/hardware/arm2/gcc-arm-embedded/gcc-arm-none-eabi-4_8-2014q2/bin/../lib/gcc/arm-none-eabi/4.8.4/../../../../arm-none-eabi/lib/armv7e-m/libg.a(lib_a-ctype_.o)
                0x0800fdcc                _ctype_
 .rodata.str1.4
                0x0800fed0        0x2 /nfs/nfs5/home/research/hardware/arm2/gcc-arm-embedded/gcc-arm-none-eabi-4_8-2014q2/bin/../lib/gcc/arm-none-eabi/4.8.4/../../../../arm-none-eabi/lib/armv7e-m/libg.a(lib_a-impure.o)
                                  0x4 (size before relaxing)
 *fill*         0x0800fed2        0x2 
 .rodata.str1.4
                0x0800fed4        0x4 /nfs/nfs5/home/research/hardware/arm2/gcc-arm-embedded/gcc-arm-none-eabi-4_8-2014q2/bin/../lib/gcc/arm-none-eabi/4.8.4/../../../../arm-none-eabi/lib/armv7e-m/libm.a(lib_a-w_pow.o)
 .rodata.dp_h   0x0800fed8       0x10 /nfs/nfs5/home/research/hardware/arm2/gcc-arm-embedded/gcc-arm-none-eabi-4_8-2014q2/bin/../lib/gcc/arm-none-eabi/4.8.4/../../../../arm-none-eabi/lib/armv7e-m/libm.a(lib_a-e_pow.o)
 .rodata.dp_l   0x0800fee8       0x10 /nfs/nfs5/home/research/hardware/arm2/gcc-arm-embedded/gcc-arm-none-eabi-4_8-2014q2/bin/../lib/gcc/arm-none-eabi/4.8.4/../../../../arm-none-eabi/lib/armv7e-m/libm.a(lib_a-e_pow.o)
 .rodata.bp     0x0800fef8       0x10 /nfs/nfs5/home/research/hardware/arm2/gcc-arm-embedded/gcc-arm-none-eabi-4_8-2014q2/bin/../lib/gcc/arm-none-eabi/4.8.4/../../../../arm-none-eabi/lib/armv7e-m/libm.a(lib_a-e_pow.o)
 .rodata.str1.4
                0x00000000        0x4 /nfs/nfs5/home/research/hardware/arm2/gcc-arm-embedded/gcc-arm-none-eabi-4_8-2014q2/bin/../lib/gcc/arm-none-eabi/4.8.4/../../../../arm-none-eabi/lib/armv7e-m/libm.a(lib_a-e_pow.o)
 .rodata.TWO52  0x0800ff08       0x10 /nfs/nfs5/home/research/hardware/arm2/gcc-arm-embedded/gcc-arm-none-eabi-4_8-2014q2/bin/../lib/gcc/arm-none-eabi/4.8.4/../../../../arm-none-eabi/lib/armv7e-m/libm.a(lib_a-s_rint.o)
                0x0800ff18                . = ALIGN (0x4)
                0x0800ff18                __rodata_end__ = .

.ARM.extab
 *(.ARM.extab* .gnu.linkonce.armextab.*)

.ARM.exidx      0x0800ff18        0x8
                0x0800ff18                __exidx_start = .
 *(.ARM.exidx* .gnu.linkonce.armexidx.*)
 .ARM.exidx     0x0800ff18        0x8 /nfs/nfs5/home/research/hardware/arm2/gcc-arm-embedded/gcc-arm-none-eabi-4_8-2014q2/bin/../lib/gcc/arm-none-eabi/4.8.4/armv7e-m/libgcc.a(_divdi3.o)
 .ARM.exidx     0x0800ff20        0x0 /nfs/nfs5/home/research/hardware/arm2/gcc-arm-embedded/gcc-arm-none-eabi-4_8-2014q2/bin/../lib/gcc/arm-none-eabi/4.8.4/armv7e-m/libgcc.a(_udivdi3.o)
                                  0x8 (size before relaxing)
                0x0800ff20                __exidx_end = .

.rel.dyn        0x0800ff20        0x0
 .rel.iplt      0x00000000        0x0 build/obj/crt0_v7m.o

.eh_frame_hdr
 *(.eh_frame_hdr)

.eh_frame
 *(.eh_frame)
                0x20000000                __ram0_start__ = ORIGIN (ram0)
                0x0000a000                __ram0_size__ = 0xa000
                0x2000a000                __ram0_end__ = (__ram0_start__ + __ram0_size__)
                0x00000000                __ram1_start__ = ORIGIN (ram1)
                0x00000000                __ram1_size__ = 0x0
                0x00000000                __ram1_end__ = (__ram1_start__ + __ram1_size__)
                0x00000000                __ram2_start__ = ORIGIN (ram2)
                0x00000000                __ram2_size__ = 0x0
                0x00000000                __ram2_end__ = (__ram2_start__ + __ram2_size__)
                0x00000000                __ram3_start__ = ORIGIN (ram3)
                0x00000000                __ram3_size__ = 0x0
                0x00000000                __ram3_end__ = (__ram3_start__ + __ram3_size__)
                0x10000000                __ram4_start__ = ORIGIN (ram4)
                0x00002000                __ram4_size__ = 0x2000
                0x10002000                __ram4_end__ = (__ram4_start__ + __ram4_size__)
                0x00000000                __ram5_start__ = ORIGIN (ram5)
                0x00000000                __ram5_size__ = 0x0
                0x00000000                __ram5_end__ = (__ram5_start__ + __ram5_size__)
                0x00000000                __ram6_start__ = ORIGIN (ram6)
                0x00000000                __ram6_size__ = 0x0
                0x00000000                __ram6_end__ = (__ram6_start__ + __ram6_size__)
                0x00000000                __ram7_start__ = ORIGIN (ram7)
                0x00000000                __ram7_size__ = 0x0
                0x00000000                __ram7_end__ = (__ram7_start__ + __ram7_size__)

.data           0x20000800      0x950 load address 0x0800ff20
                0x20000800                . = ALIGN (0x4)
                0x0800ff20                PROVIDE (_textdata, LOADADDR (.data))
                0x20000800                PROVIDE (_data, .)
                0x0800ff20                _textdata_start = LOADADDR (.data)
                0x20000800                _data_start = .
 *(.data)
 *(.data.*)
 .data.m2.10394
                0x20000800       0x10 /tmp/cc9Ynmkc.ltrans0.ltrans.o
                0x20000800                m2.10394
 .data.mp1.11133
                0x20000810        0xc /tmp/cc9Ynmkc.ltrans2.ltrans.o
                0x20000810                mp1.11133
 .data.gmp1.11132
                0x2000081c       0x18 /tmp/cc9Ynmkc.ltrans2.ltrans.o
                0x2000081c                gmp1.11132
 .data.mb1.10978
                0x20000834       0x28 /tmp/cc9Ynmkc.ltrans3.ltrans.o
                0x20000834                mb1.10978
 .data.gyro_cfg.12803
                0x2000085c       0x10 /tmp/cc9Ynmkc.ltrans3.ltrans.o
                0x2000085c                gyro_cfg.12803
 .data.test_suite
                0x2000086c       0x34 /tmp/cc9Ynmkc.ltrans3.ltrans.o
                0x2000086c                test_suite
 .data.m1.10395
                0x200008a0       0x10 /tmp/cc9Ynmkc.ltrans6.ltrans.o
                0x200008a0                m1.10395
 .data.c1.10393
                0x200008b0        0x8 /tmp/cc9Ynmkc.ltrans6.ltrans.o
                0x200008b0                c1.10393
 .data.pressure_cfg.12802.4611
                0x200008b8       0x10 /tmp/cc9Ynmkc.ltrans7.ltrans.o
 .data.es2.10772
                0x200008c8        0x4 /tmp/cc9Ynmkc.ltrans7.ltrans.o
                0x200008c8                es2.10772
 .data.es1.10773
                0x200008cc        0x4 /tmp/cc9Ynmkc.ltrans7.ltrans.o
                0x200008cc                es1.10773
 .data.lconv    0x200008d0       0x38 /nfs/nfs5/home/research/hardware/arm2/gcc-arm-embedded/gcc-arm-none-eabi-4_8-2014q2/bin/../lib/gcc/arm-none-eabi/4.8.4/../../../../arm-none-eabi/lib/armv7e-m/libg.a(lib_a-locale.o)
 .data.__malloc_av_
                0x20000908      0x408 /nfs/nfs5/home/research/hardware/arm2/gcc-arm-embedded/gcc-arm-none-eabi-4_8-2014q2/bin/../lib/gcc/arm-none-eabi/4.8.4/../../../../arm-none-eabi/lib/armv7e-m/libg.a(lib_a-mallocr.o)
                0x20000908                __malloc_av_
 .data.__malloc_trim_threshold
                0x20000d10        0x4 /nfs/nfs5/home/research/hardware/arm2/gcc-arm-embedded/gcc-arm-none-eabi-4_8-2014q2/bin/../lib/gcc/arm-none-eabi/4.8.4/../../../../arm-none-eabi/lib/armv7e-m/libg.a(lib_a-mallocr.o)
                0x20000d10                __malloc_trim_threshold
 .data.__malloc_sbrk_base
                0x20000d14        0x4 /nfs/nfs5/home/research/hardware/arm2/gcc-arm-embedded/gcc-arm-none-eabi-4_8-2014q2/bin/../lib/gcc/arm-none-eabi/4.8.4/../../../../arm-none-eabi/lib/armv7e-m/libg.a(lib_a-mallocr.o)
                0x20000d14                __malloc_sbrk_base
 .data.__ctype_ptr__
                0x20000d18        0x4 /nfs/nfs5/home/research/hardware/arm2/gcc-arm-embedded/gcc-arm-none-eabi-4_8-2014q2/bin/../lib/gcc/arm-none-eabi/4.8.4/../../../../arm-none-eabi/lib/armv7e-m/libg.a(lib_a-ctype_.o)
                0x20000d18                __ctype_ptr__
 *fill*         0x20000d1c        0x4 
 .data.impure_data
                0x20000d20      0x428 /nfs/nfs5/home/research/hardware/arm2/gcc-arm-embedded/gcc-arm-none-eabi-4_8-2014q2/bin/../lib/gcc/arm-none-eabi/4.8.4/../../../../arm-none-eabi/lib/armv7e-m/libg.a(lib_a-impure.o)
 .data._impure_ptr
                0x20001148        0x4 /nfs/nfs5/home/research/hardware/arm2/gcc-arm-embedded/gcc-arm-none-eabi-4_8-2014q2/bin/../lib/gcc/arm-none-eabi/4.8.4/../../../../arm-none-eabi/lib/armv7e-m/libg.a(lib_a-impure.o)
                0x20001148                _impure_ptr
 .data.__fdlib_version
                0x2000114c        0x1 /nfs/nfs5/home/research/hardware/arm2/gcc-arm-embedded/gcc-arm-none-eabi-4_8-2014q2/bin/../lib/gcc/arm-none-eabi/4.8.4/../../../../arm-none-eabi/lib/armv7e-m/libm.a(lib_a-s_lib_ver.o)
                0x2000114c                __fdlib_version
 *(.ramtext)
                0x20001150                . = ALIGN (0x4)
 *fill*         0x2000114d        0x3 
                0x20001150                PROVIDE (_edata, .)
                0x20001150                _data_end = .

.igot.plt       0x20001150        0x0 load address 0x08010870
 .igot.plt      0x00000000        0x0 build/obj/crt0_v7m.o

.bss            0x20001150      0xb84 load address 0x08010870
                0x20001150                . = ALIGN (0x4)
                0x20001150                _bss_start = .
 *(.bss)
 *(.bss.*)
 .bss.vt2.7230.11614.4541
                0x20001150       0x14 /tmp/cc9Ynmkc.ltrans0.ltrans.o
 .bss.mtx1.11612.4539
                0x20001164       0x10 /tmp/cc9Ynmkc.ltrans0.ltrans.o
 .bss.vt1.7229.11615.4540
                0x20001174       0x14 /tmp/cc9Ynmkc.ltrans0.ltrans.o
 .bss.test_heap
                0x20001188       0x20 /tmp/cc9Ynmkc.ltrans0.ltrans.o
                0x20001188                test_heap
 .bss.dummyrx.8893.4593
                0x200011a8        0x2 /tmp/cc9Ynmkc.ltrans1.ltrans.o
 *fill*         0x200011aa        0x6 
 .bss.heap1.11392
                0x200011b0       0x20 /tmp/cc9Ynmkc.ltrans2.ltrans.o
                0x200011b0                heap1.11392
 .bss.objects.11134.4421
                0x200011d0       0x10 /tmp/cc9Ynmkc.ltrans2.ltrans.o
 .bss.mp1.11391
                0x200011e0        0xc /tmp/cc9Ynmkc.ltrans2.ltrans.o
                0x200011e0                mp1.11391
 .bss.sem1.11613
                0x200011ec        0xc /tmp/cc9Ynmkc.ltrans2.ltrans.o
                0x200011ec                sem1.11613
 .bss.test_buffer
                0x200011f8      0x668 /tmp/cc9Ynmkc.ltrans3.ltrans.o
                0x200011f8                test_buffer
 .bss.mb_buffer.10979
                0x20001860       0x10 /tmp/cc9Ynmkc.ltrans3.ltrans.o
                0x20001860                mb_buffer.10979
 .bss.test_step
                0x20001870        0x4 /tmp/cc9Ynmkc.ltrans3.ltrans.o
                0x20001870                test_step
 .bss.threads   0x20001874       0x14 /tmp/cc9Ynmkc.ltrans3.ltrans.o
                0x20001874                threads
 .bss.test_tokp.9263
                0x20001888        0x4 /tmp/cc9Ynmkc.ltrans5.ltrans.o
                0x20001888                test_tokp.9263
 .bss.test_local_fail.9265
                0x2000188c        0x1 /tmp/cc9Ynmkc.ltrans5.ltrans.o
                0x2000188c                test_local_fail.9265
 *fill*         0x2000188d        0x3 
 .bss.test_failure_message.9267
                0x20001890        0x4 /tmp/cc9Ynmkc.ltrans5.ltrans.o
                0x20001890                test_failure_message.9267
 .bss.test_chp.9262
                0x20001894        0x4 /tmp/cc9Ynmkc.ltrans5.ltrans.o
                0x20001894                test_chp.9262
 .bss.test_tokens_buffer.9264
                0x20001898       0x10 /tmp/cc9Ynmkc.ltrans5.ltrans.o
                0x20001898                test_tokens_buffer.9264
 .bss.test_global_fail
                0x200018a8        0x1 /tmp/cc9Ynmkc.ltrans5.ltrans.o
                0x200018a8                test_global_fail
 *fill*         0x200018a9        0x3 
 .bss.sem1.10154
                0x200018ac        0xc /tmp/cc9Ynmkc.ltrans7.ltrans.o
                0x200018ac                sem1.10154
 .bss.tr1.9911  0x200018b8        0x4 /tmp/cc9Ynmkc.ltrans7.ltrans.o
                0x200018b8                tr1.9911
 .bss._stm32_dma_isr_redir
                0x200018bc       0x60 /tmp/cc9Ynmkc.ltrans9.ltrans.o
                0x200018bc                _stm32_dma_isr_redir
 .bss.sd_out_buf1.9118.4859
                0x2000191c       0x10 /tmp/cc9Ynmkc.ltrans9.ltrans.o
 .bss.SD1       0x2000192c       0x60 /tmp/cc9Ynmkc.ltrans9.ltrans.o
                0x2000192c                SD1
 *fill*         0x2000198c        0x4 
 .bss.ch_idle_thread_wa.4835
                0x20001990       0xd8 /tmp/cc9Ynmkc.ltrans9.ltrans.o
 .bss.shell_terminated
                0x20001a68        0x4 /tmp/cc9Ynmkc.ltrans9.ltrans.o
                0x20001a68                shell_terminated
 .bss.ch        0x20001a6c       0x78 /tmp/cc9Ynmkc.ltrans9.ltrans.o
                0x20001a6c                ch
 .bss.SPID1     0x20001ae4       0x30 /tmp/cc9Ynmkc.ltrans9.ltrans.o
                0x20001ae4                SPID1
 *fill*         0x20001b14        0x4 
 .bss.default_heap.6958
                0x20001b18       0x20 /tmp/cc9Ynmkc.ltrans9.ltrans.o
                0x20001b18                default_heap.6958
 .bss.dma_streams_mask.8517
                0x20001b38        0x4 /tmp/cc9Ynmkc.ltrans9.ltrans.o
                0x20001b38                dma_streams_mask.8517
 *fill*         0x20001b3c        0x4 
 .bss.waCounterThread.12807.4875
                0x20001b40      0x148 /tmp/cc9Ynmkc.ltrans9.ltrans.o
 .bss.endmem.6824
                0x20001c88        0x4 /tmp/cc9Ynmkc.ltrans9.ltrans.o
                0x20001c88                endmem.6824
 .bss.sd_in_buf1.9119.4860
                0x20001c8c       0x10 /tmp/cc9Ynmkc.ltrans9.ltrans.o
 .bss.nextmem.6820
                0x20001c9c        0x4 /tmp/cc9Ynmkc.ltrans9.ltrans.o
                0x20001c9c                nextmem.6820
 .bss.__malloc_max_total_mem
                0x20001ca0        0x4 /nfs/nfs5/home/research/hardware/arm2/gcc-arm-embedded/gcc-arm-none-eabi-4_8-2014q2/bin/../lib/gcc/arm-none-eabi/4.8.4/../../../../arm-none-eabi/lib/armv7e-m/libg.a(lib_a-mallocr.o)
                0x20001ca0                __malloc_max_total_mem
 .bss.__malloc_max_sbrked_mem