
Discarded input sections

 .data          0x00000000        0x0 build/obj/crt0_v7m.o
 .bss           0x00000000        0x0 build/obj/crt0_v7m.o
 .data          0x00000000        0x0 build/obj/chcoreasm_v7m.o
 .bss           0x00000000        0x0 build/obj/chcoreasm_v7m.o
 .text          0x00000000        0x0 build/obj/crt1.o (symbol from plugin)
 .text          0x00000000        0x0 /tmp/ccVyxQVi.ltrans0.ltrans.o
 .data          0x00000000        0x0 /tmp/ccVyxQVi.ltrans0.ltrans.o
 .bss           0x00000000        0x0 /tmp/ccVyxQVi.ltrans0.ltrans.o
 .text          0x00000000        0x0 /tmp/ccVyxQVi.ltrans1.ltrans.o
 .data          0x00000000        0x0 /tmp/ccVyxQVi.ltrans1.ltrans.o
 .bss           0x00000000        0x0 /tmp/ccVyxQVi.ltrans1.ltrans.o
 .text          0x00000000        0x0 /tmp/ccVyxQVi.ltrans2.ltrans.o
 .data          0x00000000        0x0 /tmp/ccVyxQVi.ltrans2.ltrans.o
 .bss           0x00000000        0x0 /tmp/ccVyxQVi.ltrans2.ltrans.o
 .text          0x00000000        0x0 /tmp/ccVyxQVi.ltrans3.ltrans.o
 .data          0x00000000        0x0 /tmp/ccVyxQVi.ltrans3.ltrans.o
 .bss           0x00000000        0x0 /tmp/ccVyxQVi.ltrans3.ltrans.o
 .text          0x00000000        0x0 /tmp/ccVyxQVi.ltrans4.ltrans.o
 .data          0x00000000        0x0 /tmp/ccVyxQVi.ltrans4.ltrans.o
 .bss           0x00000000        0x0 /tmp/ccVyxQVi.ltrans4.ltrans.o
 .text          0x00000000        0x0 /tmp/ccVyxQVi.ltrans5.ltrans.o
 .data          0x00000000        0x0 /tmp/ccVyxQVi.ltrans5.ltrans.o
 .bss           0x00000000        0x0 /tmp/ccVyxQVi.ltrans5.ltrans.o
 .text          0x00000000        0x0 /tmp/ccVyxQVi.ltrans6.ltrans.o
 .data          0x00000000        0x0 /tmp/ccVyxQVi.ltrans6.ltrans.o
 .bss           0x00000000        0x0 /tmp/ccVyxQVi.ltrans6.ltrans.o
 .text          0x00000000        0x0 /tmp/ccVyxQVi.ltrans7.ltrans.o
 .data          0x00000000        0x0 /tmp/ccVyxQVi.ltrans7.ltrans.o
 .bss           0x00000000        0x0 /tmp/ccVyxQVi.ltrans7.ltrans.o
 .text          0x00000000        0x0 build/obj/vectors.o (symbol from plugin)
 .text          0x00000000        0x0 build/obj/chsys.o (symbol from plugin)
 .text          0x00000000        0x0 build/obj/chdebug.o (symbol from plugin)
 .text          0x00000000        0x0 build/obj/chtrace.o (symbol from plugin)
 .text          0x00000000        0x0 build/obj/chvt.o (symbol from plugin)
 .text          0x00000000        0x0 build/obj/chschd.o (symbol from plugin)
 .text          0x00000000        0x0 build/obj/chthreads.o (symbol from plugin)
 .text          0x00000000        0x0 build/obj/chtm.o (symbol from plugin)
 .text          0x00000000        0x0 build/obj/chregistry.o (symbol from plugin)
 .text          0x00000000        0x0 build/obj/chsem.o (symbol from plugin)
 .text          0x00000000        0x0 build/obj/chmtx.o (symbol from plugin)
 .text          0x00000000        0x0 build/obj/chcond.o (symbol from plugin)
 .text          0x00000000        0x0 build/obj/chevents.o (symbol from plugin)
 .text          0x00000000        0x0 build/obj/chmsg.o (symbol from plugin)
 .text          0x00000000        0x0 build/obj/chdynamic.o (symbol from plugin)
 .text          0x00000000        0x0 build/obj/chmboxes.o (symbol from plugin)
 .text          0x00000000        0x0 build/obj/chmemcore.o (symbol from plugin)
 .text          0x00000000        0x0 build/obj/chheap.o (symbol from plugin)
 .text          0x00000000        0x0 build/obj/chmempools.o (symbol from plugin)
 .text          0x00000000        0x0 build/obj/chcore.o (symbol from plugin)
 .text          0x00000000        0x0 build/obj/chcore_v7m.o (symbol from plugin)
 .text          0x00000000        0x0 build/obj/osal.o (symbol from plugin)
 .text          0x00000000        0x0 build/obj/hal.o (symbol from plugin)
 .text          0x00000000        0x0 build/obj/hal_st.o (symbol from plugin)
 .text          0x00000000        0x0 build/obj/hal_buffers.o (symbol from plugin)
 .text          0x00000000        0x0 build/obj/hal_queues.o (symbol from plugin)
 .text          0x00000000        0x0 build/obj/hal_mmcsd.o (symbol from plugin)
 .text          0x00000000        0x0 build/obj/hal_pal.o (symbol from plugin)
 .text          0x00000000        0x0 build/obj/hal_serial.o (symbol from plugin)
 .text          0x00000000        0x0 build/obj/nvic.o (symbol from plugin)
 .text          0x00000000        0x0 build/obj/hal_lld.o (symbol from plugin)
 .text          0x00000000        0x0 build/obj/stm32_dma.o (symbol from plugin)
 .text          0x00000000        0x0 build/obj/hal_st_lld.o (symbol from plugin)
 .text          0x00000000        0x0 build/obj/hal_pal_lld.o (symbol from plugin)
 .text          0x00000000        0x0 build/obj/hal_serial_lld.o (symbol from plugin)
 .text          0x00000000        0x0 build/obj/board.o (symbol from plugin)
 .text          0x00000000        0x0 build/obj/ch_test.o (symbol from plugin)
[...]
Memory Configuration

Name             Origin             Length             Attributes
flash0           0x08000000         0x00040000
flash1           0x00000000         0x00000000
flash2           0x00000000         0x00000000
flash3           0x00000000         0x00000000
flash4           0x00000000         0x00000000
flash5           0x00000000         0x00000000
flash6           0x00000000         0x00000000
flash7           0x00000000         0x00000000
ram0             0x20000000         0x0000a000
ram1             0x00000000         0x00000000
ram2             0x00000000         0x00000000
ram3             0x00000000         0x00000000
ram4             0x10000000         0x00002000
ram5             0x00000000         0x00000000
ram6             0x00000000         0x00000000
ram7             0x00000000         0x00000000
*default*        0x00000000         0xffffffff

Linker script and memory map

LOAD build/obj/crt0_v7m.o
LOAD build/obj/chcoreasm_v7m.o
LOAD build/obj/crt1.o
LOAD /tmp/ccVyxQVi.ltrans0.ltrans.o
LOAD /tmp/ccVyxQVi.ltrans1.ltrans.o
LOAD /tmp/ccVyxQVi.ltrans2.ltrans.o
LOAD /tmp/ccVyxQVi.ltrans3.ltrans.o
LOAD /tmp/ccVyxQVi.ltrans4.ltrans.o
LOAD /tmp/ccVyxQVi.ltrans5.ltrans.o
LOAD /tmp/ccVyxQVi.ltrans6.ltrans.o
LOAD /tmp/ccVyxQVi.ltrans7.ltrans.o
LOAD /l/arm2/gcc-arm-none-eabi-4_9-2014q4/bin/../lib/gcc/arm-none-eabi/4.9.3/armv7e-m/libgcc.a
LOAD /l/arm2/gcc-arm-none-eabi-4_9-2014q4/bin/../lib/gcc/arm-none-eabi/4.9.3/../../../../arm-none-eabi/lib/armv7e-m/libg.a
LOAD /l/arm2/gcc-arm-none-eabi-4_9-2014q4/bin/../lib/gcc/arm-none-eabi/4.9.3/../../../../arm-none-eabi/lib/armv7e-m/libc.a
LOAD build/obj/vectors.o
LOAD build/obj/chsys.o
LOAD build/obj/chdebug.o
LOAD build/obj/chtrace.o
LOAD build/obj/chvt.o
LOAD build/obj/chschd.o
LOAD build/obj/chthreads.o
LOAD build/obj/chtm.o
LOAD build/obj/chregistry.o
LOAD build/obj/chsem.o
LOAD build/obj/chmtx.o
LOAD build/obj/chcond.o
LOAD build/obj/chevents.o
LOAD build/obj/chmsg.o
LOAD build/obj/chdynamic.o
LOAD build/obj/chmboxes.o
LOAD build/obj/chmemcore.o
LOAD build/obj/chheap.o
LOAD build/obj/chmempools.o
LOAD build/obj/chcore.o
LOAD build/obj/chcore_v7m.o
LOAD build/obj/osal.o
LOAD build/obj/hal.o
LOAD build/obj/hal_st.o
LOAD build/obj/hal_buffers.o
LOAD build/obj/hal_queues.o
LOAD build/obj/hal_mmcsd.o
LOAD build/obj/hal_pal.o
LOAD build/obj/hal_serial.o
LOAD build/obj/nvic.o
LOAD build/obj/hal_lld.o
LOAD build/obj/stm32_dma.o
LOAD build/obj/hal_st_lld.o
LOAD build/obj/hal_pal_lld.o
LOAD build/obj/hal_serial_lld.o
LOAD build/obj/board.o
LOAD build/obj/ch_test.o
LOAD build/obj/test_root.o
LOAD build/obj/test_sequence_001.o
LOAD build/obj/test_sequence_002.o
LOAD build/obj/test_sequence_003.o
LOAD build/obj/test_sequence_004.o
LOAD build/obj/test_sequence_005.o
LOAD build/obj/test_sequence_006.o
LOAD build/obj/test_sequence_007.o
LOAD build/obj/test_sequence_008.o
LOAD build/obj/test_sequence_009.o
LOAD build/obj/test_sequence_010.o
LOAD build/obj/test_sequence_011.o
LOAD build/obj/test_sequence_012.o
LOAD build/obj/main.o

.mstack         0x20000000      0x400
                0x20000000                . = ALIGN (0x8)
                0x20000000                __main_stack_base__ = .
                0x20000400                . = (. + __main_stack_size__)
 *fill*         0x20000000      0x400 
                0x20000400                . = ALIGN (0x8)
                0x20000400                __main_stack_end__ = .

.pstack         0x20000400      0x400
                0x20000400                __process_stack_base__ = .
                0x20000400                __main_thread_stack_base__ = .
                0x20000800                . = (. + __process_stack_size__)
 *fill*         0x20000400      0x400 
                0x20000800                . = ALIGN (0x8)
                0x20000800                __process_stack_end__ = .
                0x20000800                __main_thread_stack_end__ = .

.vectors        0x08000000      0x200
 *(.vectors)
 .vectors       0x08000000      0x200 /tmp/ccVyxQVi.ltrans4.ltrans.o
                0x08000000                _vectors

.xtors          0x08000200        0x0
                0x08000200                __init_array_start = .
 *(SORT(.init_array.*))
 *(.init_array)
                0x08000200                __init_array_end = .
                0x08000200                __fini_array_start = .
 *(.fini_array)
 *(SORT(.fini_array.*))
                0x08000200                __fini_array_end = .

.text           0x08000200     0x5f40
 *(.text)
 .text          0x08000200       0xd4 build/obj/crt0_v7m.o
                0x08000200                Reset_Handler
 .text          0x080002d4       0x28 build/obj/chcoreasm_v7m.o
                0x080002d4                _port_switch
                0x080002e4                _port_thread_start
                0x080002f4                _port_switch_from_isr
                0x080002f8                _port_exit_from_isr
 *(.text.*)
 *fill*         0x080002fc        0x4 
 .text.test_012_011_setup
                0x08000300       0x10 /tmp/ccVyxQVi.ltrans0.ltrans.o
 .text.test_012_010_setup
                0x08000310       0x10 /tmp/ccVyxQVi.ltrans0.ltrans.o
 .text.test_012_007_setup
                0x08000320       0x10 /tmp/ccVyxQVi.ltrans0.ltrans.o
 .text.Thread1  0x08000330       0x60 /tmp/ccVyxQVi.ltrans0.ltrans.o
 .text.Thread2  0x08000390       0x70 /tmp/ccVyxQVi.ltrans0.ltrans.o
 .text.test_012_012_execute
                0x08000400      0x100 /tmp/ccVyxQVi.ltrans0.ltrans.o
 .text.test_012_011_execute
                0x08000500       0x90 /tmp/ccVyxQVi.ltrans0.ltrans.o
 .text.test_012_010_execute
                0x08000590       0x90 /tmp/ccVyxQVi.ltrans0.ltrans.o
 .text.test_012_009_execute
                0x08000620       0x90 /tmp/ccVyxQVi.ltrans0.ltrans.o
 .text.test_012_004_execute
                0x080006b0       0xe0 /tmp/ccVyxQVi.ltrans0.ltrans.o
 .text.test_012_008_execute
                0x08000790       0xf0 /tmp/ccVyxQVi.ltrans0.ltrans.o
 .text.test_012_007_execute
                0x08000880      0x100 /tmp/ccVyxQVi.ltrans0.ltrans.o
 .text.test_012_006_execute
                0x08000980       0x70 /tmp/ccVyxQVi.ltrans0.ltrans.o
 .text.test_012_005_execute
                0x080009f0       0x70 /tmp/ccVyxQVi.ltrans0.ltrans.o
 .text.startup.main
                0x08000a60      0x6f0 /tmp/ccVyxQVi.ltrans0.ltrans.o
                0x08000a60                main
 .text.test_004_005_setup.lto_priv.111
                0x08001150       0x10 /tmp/ccVyxQVi.ltrans1.ltrans.o
                0x08001150                test_004_005_setup.lto_priv.111
 .text.test_004_004_setup.lto_priv.109
                0x08001160       0x10 /tmp/ccVyxQVi.ltrans1.ltrans.o
                0x08001160                test_004_004_setup.lto_priv.109
 .text.test_004_003_setup.lto_priv.107
                0x08001170       0x10 /tmp/ccVyxQVi.ltrans1.ltrans.o
                0x08001170                test_004_003_setup.lto_priv.107
 .text.test_004_002_setup.lto_priv.105
                0x08001180       0x10 /tmp/ccVyxQVi.ltrans1.ltrans.o
                0x08001180                test_004_002_setup.lto_priv.105
 .text.test_004_001_setup.lto_priv.102
                0x08001190       0x10 /tmp/ccVyxQVi.ltrans1.ltrans.o
                0x08001190                test_004_001_setup.lto_priv.102
 .text.test_003_001_setup.lto_priv.100
                0x080011a0       0x10 /tmp/ccVyxQVi.ltrans1.ltrans.o
                0x080011a0                test_003_001_setup.lto_priv.100
 .text.test_001_004_execute.lto_priv.95
                0x080011b0       0x20 /tmp/ccVyxQVi.ltrans1.ltrans.o
                0x080011b0                test_001_004_execute.lto_priv.95
 .text.test_001_003_execute.lto_priv.94
                0x080011d0       0x30 /tmp/ccVyxQVi.ltrans1.ltrans.o
                0x080011d0                test_001_003_execute.lto_priv.94
 .text.test_004_001_teardown.lto_priv.103
                0x08001200       0x10 /tmp/ccVyxQVi.ltrans1.ltrans.o
                0x08001200                test_004_001_teardown.lto_priv.103
 .text.test_004_006_execute.lto_priv.115
                0x08001210      0x1b0 /tmp/ccVyxQVi.ltrans1.ltrans.o
                0x08001210                test_004_006_execute.lto_priv.115
 .text.thread4  0x080013c0       0x30 /tmp/ccVyxQVi.ltrans1.ltrans.o
 .text.test_004_006_teardown.lto_priv.114
                0x080013f0       0x10 /tmp/ccVyxQVi.ltrans1.ltrans.o
                0x080013f0                test_004_006_teardown.lto_priv.114
 .text.test_004_005_teardown.lto_priv.112
                0x08001400       0x10 /tmp/ccVyxQVi.ltrans1.ltrans.o
                0x08001400                test_004_005_teardown.lto_priv.112
 .text.test_004_005_execute.lto_priv.113
                0x08001410       0xa0 /tmp/ccVyxQVi.ltrans1.ltrans.o
                0x08001410                test_004_005_execute.lto_priv.113
 .text.thread3  0x080014b0       0x20 /tmp/ccVyxQVi.ltrans1.ltrans.o
 .text.test_004_001_execute.lto_priv.104
                0x080014d0       0xd0 /tmp/ccVyxQVi.ltrans1.ltrans.o
                0x080014d0                test_004_001_execute.lto_priv.104
 .text.thread1.lto_priv.186
                0x080015a0       0x20 /tmp/ccVyxQVi.ltrans1.ltrans.o
 .text.thread   0x080015c0       0x10 /tmp/ccVyxQVi.ltrans1.ltrans.o
 .text.test_004_002_execute.lto_priv.106
                0x080015d0       0xf0 /tmp/ccVyxQVi.ltrans1.ltrans.o
                0x080015d0                test_004_002_execute.lto_priv.106
 .text.test_002_002_execute.lto_priv.97
                0x080016c0      0x1a0 /tmp/ccVyxQVi.ltrans1.ltrans.o
                0x080016c0                test_002_002_execute.lto_priv.97
 .text.test_004_004_execute.lto_priv.110
                0x08001860       0xc0 /tmp/ccVyxQVi.ltrans1.ltrans.o
                0x08001860                test_004_004_execute.lto_priv.110
 .text.thread1.lto_priv.185
                0x08001920       0x40 /tmp/ccVyxQVi.ltrans1.ltrans.o
 .text.thread2  0x08001960       0x30 /tmp/ccVyxQVi.ltrans1.ltrans.o
 .text.test_002_001_execute.lto_priv.96
                0x08001990       0xc0 /tmp/ccVyxQVi.ltrans1.ltrans.o
                0x08001990                test_002_001_execute.lto_priv.96
 .text.test_004_003_execute.lto_priv.108
                0x08001a50      0x180 /tmp/ccVyxQVi.ltrans1.ltrans.o
                0x08001a50                test_004_003_execute.lto_priv.108
 .text.test_003_001_execute.lto_priv.101
                0x08001bd0       0xf0 /tmp/ccVyxQVi.ltrans1.ltrans.o
                0x08001bd0                test_003_001_execute.lto_priv.101
 .text.test_002_004_execute.lto_priv.99
                0x08001cc0       0xe0 /tmp/ccVyxQVi.ltrans1.ltrans.o
                0x08001cc0                test_002_004_execute.lto_priv.99
 .text.test_002_003_execute.lto_priv.98
                0x08001da0       0x90 /tmp/ccVyxQVi.ltrans1.ltrans.o
                0x08001da0                test_002_003_execute.lto_priv.98
 .text.test_009_001_setup.lto_priv.152
                0x08001e30       0x20 /tmp/ccVyxQVi.ltrans2.ltrans.o
                0x08001e30                test_009_001_setup.lto_priv.152
 .text.null_provider.lto_priv.174
                0x08001e50       0x10 /tmp/ccVyxQVi.ltrans2.ltrans.o
                0x08001e50                null_provider.lto_priv.174
 .text.test_008_003_setup.lto_priv.149
                0x08001e60       0x40 /tmp/ccVyxQVi.ltrans2.ltrans.o
                0x08001e60                test_008_003_setup.lto_priv.149
 .text.test_008_002_setup.lto_priv.146
                0x08001ea0       0x40 /tmp/ccVyxQVi.ltrans2.ltrans.o
                0x08001ea0                test_008_002_setup.lto_priv.146
 .text.test_008_001_setup.lto_priv.143
                0x08001ee0       0x40 /tmp/ccVyxQVi.ltrans2.ltrans.o
                0x08001ee0                test_008_001_setup.lto_priv.143
 .text.test_008_003_teardown.lto_priv.150
                0x08001f20       0x10 /tmp/ccVyxQVi.ltrans2.ltrans.o
                0x08001f20                test_008_003_teardown.lto_priv.150
 .text.test_008_002_teardown.lto_priv.147
                0x08001f30       0x10 /tmp/ccVyxQVi.ltrans2.ltrans.o
                0x08001f30                test_008_002_teardown.lto_priv.147
 .text.test_008_001_teardown.lto_priv.144
                0x08001f40       0x10 /tmp/ccVyxQVi.ltrans2.ltrans.o
                0x08001f40                test_008_001_teardown.lto_priv.144
 .text.test_008_003_execute.lto_priv.151
                0x08001f50      0x180 /tmp/ccVyxQVi.ltrans2.ltrans.o
                0x08001f50                test_008_003_execute.lto_priv.151
 .text.test_008_001_execute.lto_priv.145
                0x080020d0      0x2a0 /tmp/ccVyxQVi.ltrans2.ltrans.o
                0x080020d0                test_008_001_execute.lto_priv.145
 .text.test_008_002_execute.lto_priv.148
                0x08002370      0x330 /tmp/ccVyxQVi.ltrans2.ltrans.o
                0x08002370                test_008_002_execute.lto_priv.148
 .text.test_007_007_setup.lto_priv.141
                0x080026a0       0x20 /tmp/ccVyxQVi.ltrans2.ltrans.o
                0x080026a0                test_007_007_setup.lto_priv.141
 .text.test_007_006_setup.lto_priv.139
                0x080026c0       0x10 /tmp/ccVyxQVi.ltrans2.ltrans.o
                0x080026c0                test_007_006_setup.lto_priv.139
 .text.test_007_005_setup.lto_priv.137
                0x080026d0       0x10 /tmp/ccVyxQVi.ltrans2.ltrans.o
                0x080026d0                test_007_005_setup.lto_priv.137
 .text.test_007_007_execute.lto_priv.142
                0x080026e0      0x120 /tmp/ccVyxQVi.ltrans2.ltrans.o
                0x080026e0                test_007_007_execute.lto_priv.142
 .text.test_007_006_execute.lto_priv.140
                0x08002800      0x170 /tmp/ccVyxQVi.ltrans2.ltrans.o
                0x08002800                test_007_006_execute.lto_priv.140
 .text.test_007_005_execute.lto_priv.138
                0x08002970       0xd0 /tmp/ccVyxQVi.ltrans2.ltrans.o
                0x08002970                test_007_005_execute.lto_priv.138
 .text.test_005_009_setup.lto_priv.127
                0x08002a40       0x30 /tmp/ccVyxQVi.ltrans3.ltrans.o
                0x08002a40                test_005_009_setup.lto_priv.127
 .text.test_005_008_setup.lto_priv.125
                0x08002a70       0x20 /tmp/ccVyxQVi.ltrans3.ltrans.o
                0x08002a70                test_005_008_setup.lto_priv.125
 .text.test_005_007_setup.lto_priv.123
                0x08002a90       0x20 /tmp/ccVyxQVi.ltrans3.ltrans.o
                0x08002a90                test_005_007_setup.lto_priv.123
 .text.test_005_005_setup.lto_priv.121
                0x08002ab0       0x10 /tmp/ccVyxQVi.ltrans3.ltrans.o
                0x08002ab0                test_005_005_setup.lto_priv.121
 .text.test_005_004_setup.lto_priv.118
                0x08002ac0       0x20 /tmp/ccVyxQVi.ltrans3.ltrans.o
                0x08002ac0                test_005_004_setup.lto_priv.118
 .text.test_005_001_setup.lto_priv.116
                0x08002ae0       0x10 /tmp/ccVyxQVi.ltrans3.ltrans.o
                0x08002ae0                test_005_001_setup.lto_priv.116
 .text.test_007_004_setup.lto_priv.135
                0x08002af0       0x10 /tmp/ccVyxQVi.ltrans3.ltrans.o
                0x08002af0                test_007_004_setup.lto_priv.135
 .text.test_007_003_setup.lto_priv.133
                0x08002b00       0x10 /tmp/ccVyxQVi.ltrans3.ltrans.o
                0x08002b00                test_007_003_setup.lto_priv.133
 .text.test_007_002_setup.lto_priv.131
                0x08002b10       0x10 /tmp/ccVyxQVi.ltrans3.ltrans.o
                0x08002b10                test_007_002_setup.lto_priv.131
 .text.test_007_004_execute.lto_priv.136
                0x08002b20       0xd0 /tmp/ccVyxQVi.ltrans3.ltrans.o
                0x08002b20                test_007_004_execute.lto_priv.136
 .text.test_005_004_teardown.lto_priv.119
                0x08002bf0       0x10 /tmp/ccVyxQVi.ltrans3.ltrans.o
                0x08002bf0                test_005_004_teardown.lto_priv.119
 .text.test_007_003_execute.lto_priv.134
                0x08002c00      0x100 /tmp/ccVyxQVi.ltrans3.ltrans.o
                0x08002c00                test_007_003_execute.lto_priv.134
 .text.test_007_002_execute.lto_priv.132
                0x08002d00       0x50 /tmp/ccVyxQVi.ltrans3.ltrans.o
                0x08002d00                test_007_002_execute.lto_priv.132
 .text.test_007_001_execute.lto_priv.130
                0x08002d50      0x100 /tmp/ccVyxQVi.ltrans3.ltrans.o
                0x08002d50                test_007_001_execute.lto_priv.130
 .text.evt_thread7.lto_priv.177
                0x08002e50       0x40 /tmp/ccVyxQVi.ltrans3.ltrans.o
                0x08002e50                evt_thread7.lto_priv.177
 .text.evt_thread3.lto_priv.178
                0x08002e90       0x30 /tmp/ccVyxQVi.ltrans3.ltrans.o
                0x08002e90                evt_thread3.lto_priv.178
 .text.h3       0x08002ec0       0x10 /tmp/ccVyxQVi.ltrans3.ltrans.o
 .text.h2       0x08002ed0       0x10 /tmp/ccVyxQVi.ltrans3.ltrans.o
 .text.h1       0x08002ee0       0x10 /tmp/ccVyxQVi.ltrans3.ltrans.o
 .text.msg_thread1
                0x08002ef0       0x30 /tmp/ccVyxQVi.ltrans3.ltrans.o
 .text.test_006_001_execute.lto_priv.129
                0x08002f20       0x70 /tmp/ccVyxQVi.ltrans3.ltrans.o
                0x08002f20                test_006_001_execute.lto_priv.129
 .text.test_005_009_execute.lto_priv.128
                0x08002f90       0xb0 /tmp/ccVyxQVi.ltrans3.ltrans.o
                0x08002f90                test_005_009_execute.lto_priv.128
 .text.thread9  0x08003040       0x20 /tmp/ccVyxQVi.ltrans3.ltrans.o
 .text.test_005_004_execute.lto_priv.120
                0x08003060      0x140 /tmp/ccVyxQVi.ltrans3.ltrans.o
                0x08003060                test_005_004_execute.lto_priv.120
 .text.thread4A
                0x080031a0       0x20 /tmp/ccVyxQVi.ltrans3.ltrans.o
 .text.test_005_001_execute.lto_priv.117
                0x080031c0       0xe0 /tmp/ccVyxQVi.ltrans3.ltrans.o
                0x080031c0                test_005_001_execute.lto_priv.117
 .text.thread1  0x080032a0       0x20 /tmp/ccVyxQVi.ltrans3.ltrans.o
 .text.test_005_008_execute.lto_priv.126
                0x080032c0       0xe0 /tmp/ccVyxQVi.ltrans3.ltrans.o
                0x080032c0                test_005_008_execute.lto_priv.126
 .text.test_005_007_execute.lto_priv.124
                0x080033a0       0xe0 /tmp/ccVyxQVi.ltrans3.ltrans.o
                0x080033a0                test_005_007_execute.lto_priv.124
 .text.test_005_005_execute.lto_priv.122
                0x08003480      0x160 /tmp/ccVyxQVi.ltrans3.ltrans.o
                0x08003480                test_005_005_execute.lto_priv.122
 .text.thread4B
                0x080035e0       0x30 /tmp/ccVyxQVi.ltrans3.ltrans.o
 .text.thread8  0x08003610       0x90 /tmp/ccVyxQVi.ltrans3.ltrans.o
 .text.thread6  0x080036a0       0x70 /tmp/ccVyxQVi.ltrans3.ltrans.o
 .text.notify1.lto_priv.77
                0x08003710       0x10 /tmp/ccVyxQVi.ltrans4.ltrans.o
                0x08003710                notify1.lto_priv.77
 .text._port_irq_epilogue
                0x08003720       0x60 /tmp/ccVyxQVi.ltrans4.ltrans.o
 .text.VectorB0
                0x08003780       0xa0 /tmp/ccVyxQVi.ltrans4.ltrans.o
 .text.SVC_Handler
                0x08003820       0x20 /tmp/ccVyxQVi.ltrans4.ltrans.o
 .text.chCoreAllocAligned
                0x08003840       0x40 /tmp/ccVyxQVi.ltrans4.ltrans.o
                0x08003840                chCoreAllocAligned
 .text.vtcb     0x08003880       0x30 /tmp/ccVyxQVi.ltrans4.ltrans.o
 .text.VectorD4
                0x080038b0      0x1a0 /tmp/ccVyxQVi.ltrans4.ltrans.o
 .text.oqWriteTimeout
                0x08003a50       0xb0 /tmp/ccVyxQVi.ltrans4.ltrans.o
 .text.writet.lto_priv.90
                0x08003b00       0x10 /tmp/ccVyxQVi.ltrans4.ltrans.o
                0x08003b00                writet.lto_priv.90
 .text.write.lto_priv.84
                0x08003b10       0x10 /tmp/ccVyxQVi.ltrans4.ltrans.o
                0x08003b10                write.lto_priv.84
 .text.oqPutTimeout
                0x08003b20       0x60 /tmp/ccVyxQVi.ltrans4.ltrans.o
 .text.putt.lto_priv.88
                0x08003b80       0x10 /tmp/ccVyxQVi.ltrans4.ltrans.o
                0x08003b80                putt.lto_priv.88
 .text.put.lto_priv.86
                0x08003b90       0x10 /tmp/ccVyxQVi.ltrans4.ltrans.o
                0x08003b90                put.lto_priv.86
 .text.iqReadTimeout
                0x08003ba0       0xb0 /tmp/ccVyxQVi.ltrans4.ltrans.o
 .text.readt.lto_priv.91
                0x08003c50       0x10 /tmp/ccVyxQVi.ltrans4.ltrans.o
                0x08003c50                readt.lto_priv.91
 .text.read.lto_priv.85
                0x08003c60       0x10 /tmp/ccVyxQVi.ltrans4.ltrans.o
                0x08003c60                read.lto_priv.85
 .text.iqGetTimeout
                0x08003c70       0x60 /tmp/ccVyxQVi.ltrans4.ltrans.o
 .text.gett.lto_priv.89
                0x08003cd0       0x10 /tmp/ccVyxQVi.ltrans4.ltrans.o
                0x08003cd0                gett.lto_priv.89
 .text.get.lto_priv.87
                0x08003ce0       0x10 /tmp/ccVyxQVi.ltrans4.ltrans.o
                0x08003ce0                get.lto_priv.87
 .text.test_wait_tick
                0x08003cf0       0x20 /tmp/ccVyxQVi.ltrans4.ltrans.o
                0x08003cf0                test_wait_tick
 .text.test_wait_threads
                0x08003d10       0x30 /tmp/ccVyxQVi.ltrans4.ltrans.o
                0x08003d10                test_wait_threads
 .text.test_terminate_threads
                0x08003d40       0x40 /tmp/ccVyxQVi.ltrans4.ltrans.o
                0x08003d40                test_terminate_threads
 .text.test_emit_token
                0x08003d80       0x30 /tmp/ccVyxQVi.ltrans4.ltrans.o
                0x08003d80                test_emit_token
 .text.test_println
                0x08003db0       0x40 /tmp/ccVyxQVi.ltrans4.ltrans.o
                0x08003db0                test_println
 .text.test_print
                0x08003df0       0x20 /tmp/ccVyxQVi.ltrans4.ltrans.o
                0x08003df0                test_print
 .text.test_printn
                0x08003e10       0x60 /tmp/ccVyxQVi.ltrans4.ltrans.o
                0x08003e10                test_printn
 .text._test_assert_sequence
                0x08003e70       0x50 /tmp/ccVyxQVi.ltrans4.ltrans.o
                0x08003e70                _test_assert_sequence
 .text._test_assert
                0x08003ec0       0x30 /tmp/ccVyxQVi.ltrans4.ltrans.o
                0x08003ec0                _test_assert
 .text.test_001_002_execute.lto_priv.93
                0x08003ef0       0xe0 /tmp/ccVyxQVi.ltrans4.ltrans.o
                0x08003ef0                test_001_002_execute.lto_priv.93
 .text.test_001_001_execute.lto_priv.92
                0x08003fd0       0xb0 /tmp/ccVyxQVi.ltrans4.ltrans.o
                0x08003fd0                test_001_001_execute.lto_priv.92
 .text.print_line.lto_priv.168
                0x08004080       0x30 /tmp/ccVyxQVi.ltrans4.ltrans.o
                0x08004080                print_line.lto_priv.168
 .text.__early_init
                0x080040b0       0xa0 /tmp/ccVyxQVi.ltrans4.ltrans.o
                0x080040b0                __early_init
 .text.chPoolAlloc
                0x08004150       0x30 /tmp/ccVyxQVi.ltrans4.ltrans.o
                0x08004150                chPoolAlloc
 .text.chHeapStatus
                0x08004180       0x70 /tmp/ccVyxQVi.ltrans4.ltrans.o
                0x08004180                chHeapStatus
 .text.chHeapFree
                0x080041f0       0xb0 /tmp/ccVyxQVi.ltrans4.ltrans.o
                0x080041f0                chHeapFree
 .text.chMsgWait
                0x080042a0       0x40 /tmp/ccVyxQVi.ltrans4.ltrans.o
                0x080042a0                chMsgWait
 .text.chMsgSend
                0x080042e0       0x40 /tmp/ccVyxQVi.ltrans4.ltrans.o
                0x080042e0                chMsgSend
 .text.chEvtSignalI
                0x08004320       0x30 /tmp/ccVyxQVi.ltrans4.ltrans.o
                0x08004320                chEvtSignalI
 .text.tmo.lto_priv.78
                0x08004350       0x10 /tmp/ccVyxQVi.ltrans5.ltrans.o
                0x08004350                tmo.lto_priv.78
 .text.test_011_002_setup.lto_priv.163
                0x08004360       0x20 /tmp/ccVyxQVi.ltrans5.ltrans.o
                0x08004360                test_011_002_setup.lto_priv.163
 .text.test_011_001_setup.lto_priv.161
                0x08004380       0x30 /tmp/ccVyxQVi.ltrans5.ltrans.o
                0x08004380                test_011_001_setup.lto_priv.161
 .text.test_010_001_setup.lto_priv.158
                0x080043b0       0x30 /tmp/ccVyxQVi.ltrans5.ltrans.o
                0x080043b0                test_010_001_setup.lto_priv.158
 .text.test_009_003_setup.lto_priv.156
                0x080043e0       0x20 /tmp/ccVyxQVi.ltrans5.ltrans.o
                0x080043e0                test_009_003_setup.lto_priv.156
 .text.test_009_002_setup.lto_priv.154
                0x08004400       0x20 /tmp/ccVyxQVi.ltrans5.ltrans.o
                0x08004400                test_009_002_setup.lto_priv.154
 .text.bmk_thread8.lto_priv.79
                0x08004420       0x30 /tmp/ccVyxQVi.ltrans5.ltrans.o
                0x08004420                bmk_thread8.lto_priv.79
 .text.bmk_thread7.lto_priv.80
                0x08004450       0x30 /tmp/ccVyxQVi.ltrans5.ltrans.o
                0x08004450                bmk_thread7.lto_priv.80
 .text.bmk_thread4.lto_priv.82
                0x08004480       0x30 /tmp/ccVyxQVi.ltrans5.ltrans.o
                0x08004480                bmk_thread4.lto_priv.82
 .text.msg_loop_test
                0x080044b0       0x40 /tmp/ccVyxQVi.ltrans5.ltrans.o
 .text.test_012_003_execute.lto_priv.167
                0x080044f0       0xe0 /tmp/ccVyxQVi.ltrans5.ltrans.o
                0x080044f0                test_012_003_execute.lto_priv.167
 .text.test_012_002_execute.lto_priv.166
                0x080045d0       0x80 /tmp/ccVyxQVi.ltrans5.ltrans.o
                0x080045d0                test_012_002_execute.lto_priv.166
 .text.test_012_001_execute.lto_priv.165
                0x08004650       0x80 /tmp/ccVyxQVi.ltrans5.ltrans.o
                0x08004650                test_012_001_execute.lto_priv.165
 .text.bmk_thread1
                0x080046d0       0x20 /tmp/ccVyxQVi.ltrans5.ltrans.o
 .text.test_009_001_execute.lto_priv.153
                0x080046f0      0x110 /tmp/ccVyxQVi.ltrans5.ltrans.o
                0x080046f0                test_009_001_execute.lto_priv.153
 .text.test_011_002_execute.lto_priv.164
                0x08004800      0x150 /tmp/ccVyxQVi.ltrans5.ltrans.o
                0x08004800                test_011_002_execute.lto_priv.164
 .text.dyn_thread1.lto_priv.73
                0x08004950       0x10 /tmp/ccVyxQVi.ltrans5.ltrans.o
                0x08004950                dyn_thread1.lto_priv.73
 .text.test_011_001_execute.lto_priv.162
                0x08004960      0x150 /tmp/ccVyxQVi.ltrans5.ltrans.o
                0x08004960                test_011_001_execute.lto_priv.162
 .text.test_010_002_execute.lto_priv.160
                0x08004ab0       0x70 /tmp/ccVyxQVi.ltrans5.ltrans.o
                0x08004ab0                test_010_002_execute.lto_priv.160
 .text.test_010_001_execute.lto_priv.159
                0x08004b20      0x330 /tmp/ccVyxQVi.ltrans5.ltrans.o
                0x08004b20                test_010_001_execute.lto_priv.159
 .text.test_009_003_execute.lto_priv.157
                0x08004e50       0x30 /tmp/ccVyxQVi.ltrans5.ltrans.o
                0x08004e50                test_009_003_execute.lto_priv.157
 .text.test_009_002_execute.lto_priv.155
                0x08004e80       0xf0 /tmp/ccVyxQVi.ltrans5.ltrans.o
                0x08004e80                test_009_002_execute.lto_priv.155
 .text.bmk_thread3.lto_priv.81
                0x08004f70       0x10 /tmp/ccVyxQVi.ltrans5.ltrans.o
                0x08004f70                bmk_thread3.lto_priv.81
 .text.wakeup.lto_priv.183
                0x08004f80       0x80 /tmp/ccVyxQVi.ltrans6.ltrans.o
                0x08004f80                wakeup.lto_priv.183
 .text._idle_thread.lto_priv.83
                0x08005000       0x10 /tmp/ccVyxQVi.ltrans6.ltrans.o
                0x08005000                _idle_thread.lto_priv.83
 .text.chEvtBroadcastFlagsI
                0x08005010       0x30 /tmp/ccVyxQVi.ltrans6.ltrans.o
                0x08005010                chEvtBroadcastFlagsI
 .text.chEvtAddEvents
                0x08005040       0x20 /tmp/ccVyxQVi.ltrans6.ltrans.o
                0x08005040                chEvtAddEvents
 .text.chEvtUnregister
                0x08005060       0x30 /tmp/ccVyxQVi.ltrans6.ltrans.o
                0x08005060                chEvtUnregister
 .text.chTMStopMeasurementX
                0x08005090       0x50 /tmp/ccVyxQVi.ltrans6.ltrans.o
                0x08005090                chTMStopMeasurementX
 .text.chThdYield
                0x080050e0       0x60 /tmp/ccVyxQVi.ltrans6.ltrans.o
                0x080050e0                chThdYield
 .text.chThdRelease
                0x08005140       0x70 /tmp/ccVyxQVi.ltrans6.ltrans.o
                0x08005140                chThdRelease
 .text.chThdCreateSuspendedI
                0x080051b0       0x90 /tmp/ccVyxQVi.ltrans6.ltrans.o
                0x080051b0                chThdCreateSuspendedI
 .text.chSchDoReschedule
                0x08005240       0x40 /tmp/ccVyxQVi.ltrans6.ltrans.o
                0x08005240                chSchDoReschedule
 .text.chSchRescheduleS
                0x08005280       0x50 /tmp/ccVyxQVi.ltrans6.ltrans.o
                0x08005280                chSchRescheduleS
 .text.chThdSetPriority
                0x080052d0       0x30 /tmp/ccVyxQVi.ltrans6.ltrans.o
                0x080052d0                chThdSetPriority
 .text.chSchWakeupS
                0x08005300       0x60 /tmp/ccVyxQVi.ltrans6.ltrans.o
                0x08005300                chSchWakeupS
 .text.chSemSignal
                0x08005360       0x40 /tmp/ccVyxQVi.ltrans6.ltrans.o
                0x08005360                chSemSignal
 .text.chSchGoSleepS
                0x080053a0       0x30 /tmp/ccVyxQVi.ltrans6.ltrans.o
                0x080053a0                chSchGoSleepS
 .text.chSemWait
                0x080053d0       0x50 /tmp/ccVyxQVi.ltrans6.ltrans.o
                0x080053d0                chSemWait
 .text.chThdWait
                0x08005420       0x40 /tmp/ccVyxQVi.ltrans6.ltrans.o
                0x08005420                chThdWait
 .text.chSchReadyI
                0x08005460       0x30 /tmp/ccVyxQVi.ltrans6.ltrans.o
                0x08005460                chSchReadyI
 .text.chMtxUnlockS
                0x08005490       0x50 /tmp/ccVyxQVi.ltrans6.ltrans.o
                0x08005490                chMtxUnlockS
 .text.chMtxUnlock
                0x080054e0       0x70 /tmp/ccVyxQVi.ltrans6.ltrans.o
                0x080054e0                chMtxUnlock
 .text.chMtxLockS
                0x08005550       0xd0 /tmp/ccVyxQVi.ltrans6.ltrans.o
                0x08005550                chMtxLockS
 .text.chMtxLock
                0x08005620       0x20 /tmp/ccVyxQVi.ltrans6.ltrans.o
                0x08005620                chMtxLock
 .text.chSemSignalI
                0x08005640       0x20 /tmp/ccVyxQVi.ltrans6.ltrans.o
                0x08005640                chSemSignalI
 .text.chSemResetI
                0x08005660       0x30 /tmp/ccVyxQVi.ltrans6.ltrans.o
                0x08005660                chSemResetI
 .text.chSemReset
                0x08005690       0x20 /tmp/ccVyxQVi.ltrans6.ltrans.o
                0x08005690                chSemReset
 .text.chThdExit
                0x080056b0       0x50 /tmp/ccVyxQVi.ltrans6.ltrans.o
                0x080056b0                chThdExit
 .text.chVTDoResetI
                0x08005700       0x70 /tmp/ccVyxQVi.ltrans6.ltrans.o
                0x08005700                chVTDoResetI
 .text.chVTDoSetI
                0x08005770       0x80 /tmp/ccVyxQVi.ltrans6.ltrans.o
                0x08005770                chVTDoSetI
 .text.chSchGoSleepTimeoutS
                0x080057f0       0x50 /tmp/ccVyxQVi.ltrans6.ltrans.o
                0x080057f0                chSchGoSleepTimeoutS
 .text.chSemWaitTimeoutS
                0x08005840       0x40 /tmp/ccVyxQVi.ltrans6.ltrans.o
                0x08005840                chSemWaitTimeoutS
 .text.chThdEnqueueTimeoutS
                0x08005880       0x30 /tmp/ccVyxQVi.ltrans6.ltrans.o
                0x08005880                chThdEnqueueTimeoutS
 .text.chThdSleep
                0x080058b0       0x20 /tmp/ccVyxQVi.ltrans6.ltrans.o
                0x080058b0                chThdSleep
 .text.chSysRestoreStatusX.part.2.lto_priv.192
                0x080058d0       0x20 /tmp/ccVyxQVi.ltrans6.ltrans.o
                0x080058d0                chSysRestoreStatusX.part.2.lto_priv.192
 .text.chSysGetStatusAndLockX.part.1.lto_priv.193
                0x080058f0       0x20 /tmp/ccVyxQVi.ltrans6.ltrans.o
                0x080058f0                chSysGetStatusAndLockX.part.1.lto_priv.193
 .text.chSysIntegrityCheckI
                0x08005910       0xc0 /tmp/ccVyxQVi.ltrans6.ltrans.o
                0x08005910                chSysIntegrityCheckI
 .text._unhandled_exception
                0x080059d0       0x10 /tmp/ccVyxQVi.ltrans6.ltrans.o
                0x080059d0                Vector58
                0x080059d0                VectorE8
                0x080059d0                Vector9C
                0x080059d0                VectorAC
                0x080059d0                DebugMon_Handler
                0x080059d0                Vector5C
                0x080059d0                Vector11C
                0x080059d0                HardFault_Handler
                0x080059d0                Vector19C
                0x080059d0                Vector8C
                0x080059d0                SysTick_Handler
                0x080059d0                VectorDC
                0x080059d0                PendSV_Handler
                0x080059d0                Vector168
                0x080059d0                NMI_Handler
                0x080059d0                Vector110
                0x080059d0                Vector120
                0x080059d0                VectorC8
                0x080059d0                Vector94
                0x080059d0                VectorA8
                0x080059d0                VectorB4
                0x080059d0                Vector74
                0x080059d0                Vector160
                0x080059d0                UsageFault_Handler
                0x080059d0                VectorEC
                0x080059d0                Vector40
                0x080059d0                VectorF8
                0x080059d0                Vector108
                0x080059d0                VectorBC
                0x080059d0                Vector190
                0x080059d0                Vector150
                0x080059d0                Vector124
                0x080059d0                Vector148
                0x080059d0                Vector188
                0x080059d0                Vector198
                0x080059d0                Vector118
                0x080059d0                Vector64
                0x080059d0                VectorCC
                0x080059d0                Vector54
                0x080059d0                Vector98
                0x080059d0                VectorD8
                0x080059d0                Vector138
                0x080059d0                Vector24
                0x080059d0                Vector178
                0x080059d0                Vector84
                0x080059d0                VectorD0
                0x080059d0                Vector140
                0x080059d0                VectorE4
                0x080059d0                VectorC0
                0x080059d0                Vector158
                0x080059d0                Vector130
                0x080059d0                Vector134
                0x080059d0                VectorF0
                0x080059d0                Vector12C
                0x080059d0                Vector13C
                0x080059d0                Vector100
                0x080059d0                VectorE0
                0x080059d0                VectorF4
                0x080059d0                MemManage_Handler
                0x080059d0                Vector6C
                0x080059d0                VectorA0
                0x080059d0                VectorC4
                0x080059d0                Vector7C
                0x080059d0                Vector180
                0x080059d0                Vector90
                0x080059d0                Vector114
                0x080059d0                Vector164
                0x080059d0                Vector60
                0x080059d0                Vector1C
                0x080059d0                Vector17C
                0x080059d0                Vector48
                0x080059d0                Vector16C
                0x080059d0                Vector70
                0x080059d0                Vector4C
                0x080059d0                Vector144
                0x080059d0                Vector80
                0x080059d0                Vector15C
                0x080059d0                Vector68
                0x080059d0                Vector78
                0x080059d0                Vector170
                0x080059d0                Vector88
                0x080059d0                Vector104
                0x080059d0                Vector184
                0x080059d0                Vector10C
                0x080059d0                Vector14C
                0x080059d0                BusFault_Handler
                0x080059d0                Vector50
                0x080059d0                Vector194
                0x080059d0                Vector154
                0x080059d0                Vector44
                0x080059d0                Vector28
                0x080059d0                VectorB8
                0x080059d0                VectorFC
                0x080059d0                Vector34
                0x080059d0                Vector128
                0x080059d0                VectorA4
                0x080059d0                Vector20
                0x080059d0                Vector18C
                0x080059d0                Vector174
 .text.__init_ram_areas
                0x080059e0       0x50 /tmp/ccVyxQVi.ltrans6.ltrans.o
                0x080059e0                __init_ram_areas
 .text.__default_exit
                0x08005a30       0x10 /tmp/ccVyxQVi.ltrans6.ltrans.o
                0x08005a30                __default_exit
 .text.__late_init
                0x08005a40       0x10 /tmp/ccVyxQVi.ltrans6.ltrans.o
                0x08005a40                __late_init
 .text.__core_init
                0x08005a50       0x10 /tmp/ccVyxQVi.ltrans6.ltrans.o
                0x08005a50                __core_init
 .text.chTMStartMeasurementX.constprop.70
                0x08005a60       0x10 /tmp/ccVyxQVi.ltrans7.ltrans.o
                0x08005a60                chTMStartMeasurementX.constprop.70
 .text.chThdCreateStatic.constprop.69
                0x08005a70       0xa0 /tmp/ccVyxQVi.ltrans7.ltrans.o
                0x08005a70                chThdCreateStatic.constprop.69
 .text.chSemSignalWait.constprop.63
                0x08005b10       0x70 /tmp/ccVyxQVi.ltrans7.ltrans.o
                0x08005b10                chSemSignalWait.constprop.63
 .text.chMtxTryLock.constprop.61
                0x08005b80       0x40 /tmp/ccVyxQVi.ltrans7.ltrans.o
                0x08005b80                chMtxTryLock.constprop.61
 .text.chCondSignal.constprop.59
                0x08005bc0       0x30 /tmp/ccVyxQVi.ltrans7.ltrans.o
                0x08005bc0                chCondSignal.constprop.59
 .text.chCondSignalI.constprop.58
                0x08005bf0       0x30 /tmp/ccVyxQVi.ltrans7.ltrans.o
                0x08005bf0                chCondSignalI.constprop.58
 .text.chEvtGetAndClearEvents.constprop.50
                0x08005c20       0x20 /tmp/ccVyxQVi.ltrans7.ltrans.o
                0x08005c20                chEvtGetAndClearEvents.constprop.50
 .text.chEvtWaitOne.constprop.46
                0x08005c40       0x40 /tmp/ccVyxQVi.ltrans7.ltrans.o
                0x08005c40                chEvtWaitOne.constprop.46
 .text.chEvtWaitAny.constprop.45
                0x08005c80       0x30 /tmp/ccVyxQVi.ltrans7.ltrans.o
                0x08005c80                chEvtWaitAny.constprop.45
 .text.chEvtWaitAll.constprop.44
                0x08005cb0       0x40 /tmp/ccVyxQVi.ltrans7.ltrans.o
                0x08005cb0                chEvtWaitAll.constprop.44
 .text.chHeapAllocAligned.constprop.40
                0x08005cf0      0x100 /tmp/ccVyxQVi.ltrans7.ltrans.o
                0x08005cf0                chHeapAllocAligned.constprop.40
 .text.chThdCreateFromHeap.constprop.39
                0x08005df0       0x60 /tmp/ccVyxQVi.ltrans7.ltrans.o
                0x08005df0                chThdCreateFromHeap.constprop.39
 .text.chThdCreateFromMemoryPool.constprop.38
                0x08005e50       0x60 /tmp/ccVyxQVi.ltrans7.ltrans.o
                0x08005e50                chThdCreateFromMemoryPool.constprop.38
 .text.chMBResetI.constprop.30
                0x08005eb0       0x30 /tmp/ccVyxQVi.ltrans7.ltrans.o
                0x08005eb0                chMBResetI.constprop.30
 .text.chMBReset.constprop.29
                0x08005ee0       0x20 /tmp/ccVyxQVi.ltrans7.ltrans.o
                0x08005ee0                chMBReset.constprop.29
 .text.chMBPost.constprop.28
                0x08005f00       0x50 /tmp/ccVyxQVi.ltrans7.ltrans.o
                0x08005f00                chMBPost.constprop.28
 .text.chMBPostAhead.constprop.26
                0x08005f50       0x50 /tmp/ccVyxQVi.ltrans7.ltrans.o
                0x08005f50                chMBPostAhead.constprop.26
 .text.chMBFetch.constprop.24
                0x08005fa0       0x50 /tmp/ccVyxQVi.ltrans7.ltrans.o
                0x08005fa0                chMBFetch.constprop.24
 .text.chGuardedPoolAllocTimeout.constprop.18
                0x08005ff0       0x50 /tmp/ccVyxQVi.ltrans7.ltrans.o
                0x08005ff0                chGuardedPoolAllocTimeout.constprop.18
 .text._pal_lld_setgroupmode.constprop.5
                0x08006040       0xc0 /tmp/ccVyxQVi.ltrans7.ltrans.o
                0x08006040                _pal_lld_setgroupmode.constprop.5
 .text._test_assert_time_window.constprop.2
                0x08006100       0x40 /tmp/ccVyxQVi.ltrans7.ltrans.o
                0x08006100                _test_assert_time_window.constprop.2
 *(.glue_7t)
 .glue_7t       0x00000000        0x0 linker stubs
 *(.glue_7)
 .glue_7        0x00000000        0x0 linker stubs
 *(.gcc*)

.vfp11_veneer   0x08006140        0x0
 .vfp11_veneer  0x00000000        0x0 linker stubs

.v4_bx          0x08006140        0x0
 .v4_bx         0x00000000        0x0 linker stubs

.iplt           0x08006140        0x0
 .iplt          0x00000000        0x0 build/obj/crt0_v7m.o

.rodata         0x08006140     0x133c
                0x08006140                . = ALIGN (0x4)
                0x08006140                __rodata_base__ = .
 *(.rodata)
 *(.rodata.*)
 .rodata.test_sequence_010
                0x08006140        0xc /tmp/ccVyxQVi.ltrans0.ltrans.o
 .rodata.test_sequence_011
                0x0800614c        0xc /tmp/ccVyxQVi.ltrans0.ltrans.o
 .rodata.test_sequence_012
                0x08006158       0x34 /tmp/ccVyxQVi.ltrans0.ltrans.o
 .rodata.test_sequence_008
                0x0800618c       0x10 /tmp/ccVyxQVi.ltrans0.ltrans.o
 .rodata.test_009_001
                0x0800619c       0x10 /tmp/ccVyxQVi.ltrans0.ltrans.o
 .rodata.test_009_002
                0x080061ac       0x10 /tmp/ccVyxQVi.ltrans0.ltrans.o
 .rodata.test_009_003
                0x080061bc       0x10 /tmp/ccVyxQVi.ltrans0.ltrans.o
 .rodata.test_005_001
                0x080061cc       0x10 /tmp/ccVyxQVi.ltrans0.ltrans.o
 .rodata.test_010_001
                0x080061dc       0x10 /tmp/ccVyxQVi.ltrans0.ltrans.o
 .rodata.test_010_002
                0x080061ec       0x10 /tmp/ccVyxQVi.ltrans0.ltrans.o
 .rodata.test_012_011
                0x080061fc       0x10 /tmp/ccVyxQVi.ltrans0.ltrans.o
 .rodata.test_012_012
                0x0800620c       0x10 /tmp/ccVyxQVi.ltrans0.ltrans.o
 .rodata.idle_descriptor.6395
                0x0800621c       0x18 /tmp/ccVyxQVi.ltrans0.ltrans.o
 .rodata.test_007_001
                0x08006234       0x10 /tmp/ccVyxQVi.ltrans0.ltrans.o
 .rodata.test_005_008
                0x08006244       0x10 /tmp/ccVyxQVi.ltrans0.ltrans.o
 .rodata.test_007_002
                0x08006254       0x10 /tmp/ccVyxQVi.ltrans0.ltrans.o
 .rodata.vmt    0x08006264       0x20 /tmp/ccVyxQVi.ltrans0.ltrans.o
 .rodata.test_007_003
                0x08006284       0x10 /tmp/ccVyxQVi.ltrans0.ltrans.o
 .rodata.test_007_005
                0x08006294       0x10 /tmp/ccVyxQVi.ltrans0.ltrans.o
 .rodata.test_007_006
                0x080062a4       0x10 /tmp/ccVyxQVi.ltrans0.ltrans.o
 .rodata.test_003_001
                0x080062b4       0x10 /tmp/ccVyxQVi.ltrans0.ltrans.o
 .rodata.test_002_003
                0x080062c4       0x10 /tmp/ccVyxQVi.ltrans0.ltrans.o
 .rodata.test_001_001
                0x080062d4       0x10 /tmp/ccVyxQVi.ltrans0.ltrans.o
 .rodata.test_006_001
                0x080062e4       0x10 /tmp/ccVyxQVi.ltrans0.ltrans.o
 .rodata.test_011_001
                0x080062f4       0x10 /tmp/ccVyxQVi.ltrans0.ltrans.o
 .rodata.test_011_002
                0x08006304       0x10 /tmp/ccVyxQVi.ltrans0.ltrans.o
 .rodata.test_002_001
                0x08006314       0x10 /tmp/ccVyxQVi.ltrans0.ltrans.o
 .rodata.test_002_002
                0x08006324       0x10 /tmp/ccVyxQVi.ltrans0.ltrans.o
 .rodata.test_002_004
                0x08006334       0x10 /tmp/ccVyxQVi.ltrans0.ltrans.o
 .rodata.test_005_004
                0x08006344       0x10 /tmp/ccVyxQVi.ltrans0.ltrans.o
 .rodata.test_001_002
                0x08006354       0x10 /tmp/ccVyxQVi.ltrans0.ltrans.o
 .rodata.test_007_007
                0x08006364       0x10 /tmp/ccVyxQVi.ltrans0.ltrans.o
 .rodata.test_sequence_001
                0x08006374       0x14 /tmp/ccVyxQVi.ltrans0.ltrans.o
 .rodata.test_sequence_002
                0x08006388       0x14 /tmp/ccVyxQVi.ltrans0.ltrans.o
 .rodata.test_sequence_003
                0x0800639c        0x8 /tmp/ccVyxQVi.ltrans0.ltrans.o
 .rodata.test_sequence_004
                0x080063a4       0x1c /tmp/ccVyxQVi.ltrans0.ltrans.o
 .rodata.test_sequence_005
                0x080063c0       0x1c /tmp/ccVyxQVi.ltrans0.ltrans.o
 .rodata.test_sequence_007
                0x080063dc       0x20 /tmp/ccVyxQVi.ltrans0.ltrans.o
 .rodata.test_005_009
                0x080063fc       0x10 /tmp/ccVyxQVi.ltrans0.ltrans.o
 .rodata.test_sequence_009
                0x0800640c       0x10 /tmp/ccVyxQVi.ltrans0.ltrans.o
 .rodata.test_004_004
                0x0800641c       0x10 /tmp/ccVyxQVi.ltrans0.ltrans.o
 .rodata.test_012_010
                0x0800642c       0x10 /tmp/ccVyxQVi.ltrans0.ltrans.o
 .rodata.ch_debug
                0x0800643c       0x18 /tmp/ccVyxQVi.ltrans0.ltrans.o
 .rodata.test_012_002
                0x08006454       0x10 /tmp/ccVyxQVi.ltrans0.ltrans.o
 .rodata.test_012_003
                0x08006464       0x10 /tmp/ccVyxQVi.ltrans0.ltrans.o
 .rodata.test_012_004
                0x08006474       0x10 /tmp/ccVyxQVi.ltrans0.ltrans.o
 .rodata.test_012_005
                0x08006484       0x10 /tmp/ccVyxQVi.ltrans0.ltrans.o
 .rodata.test_012_006
                0x08006494       0x10 /tmp/ccVyxQVi.ltrans0.ltrans.o
 .rodata.test_012_007
                0x080064a4       0x10 /tmp/ccVyxQVi.ltrans0.ltrans.o
 .rodata.test_012_008
                0x080064b4       0x10 /tmp/ccVyxQVi.ltrans0.ltrans.o
 .rodata.test_012_009
                0x080064c4       0x10 /tmp/ccVyxQVi.ltrans0.ltrans.o
 .rodata.test_001_003
                0x080064d4       0x10 /tmp/ccVyxQVi.ltrans0.ltrans.o
 .rodata.test_sequence_006
                0x080064e4        0x8 /tmp/ccVyxQVi.ltrans0.ltrans.o
 .rodata.test_007_004
                0x080064ec       0x10 /tmp/ccVyxQVi.ltrans0.ltrans.o
 .rodata.test_005_005
                0x080064fc       0x10 /tmp/ccVyxQVi.ltrans0.ltrans.o
 .rodata.test_012_001
                0x0800650c       0x10 /tmp/ccVyxQVi.ltrans0.ltrans.o
 .rodata.test_005_007
                0x0800651c       0x10 /tmp/ccVyxQVi.ltrans0.ltrans.o
 .rodata.test_008_001
                0x0800652c       0x10 /tmp/ccVyxQVi.ltrans0.ltrans.o
 .rodata.test_008_002
                0x0800653c       0x10 /tmp/ccVyxQVi.ltrans0.ltrans.o
 .rodata.test_008_003
                0x0800654c       0x10 /tmp/ccVyxQVi.ltrans0.ltrans.o
 .rodata.test_004_001
                0x0800655c       0x10 /tmp/ccVyxQVi.ltrans0.ltrans.o
 .rodata.test_004_002
                0x0800656c       0x10 /tmp/ccVyxQVi.ltrans0.ltrans.o
 .rodata.test_004_003
                0x0800657c       0x10 /tmp/ccVyxQVi.ltrans0.ltrans.o
 .rodata.test_004_005
                0x0800658c       0x10 /tmp/ccVyxQVi.ltrans0.ltrans.o
 .rodata.test_004_006
                0x0800659c       0x10 /tmp/ccVyxQVi.ltrans0.ltrans.o
 .rodata.test_001_004
                0x080065ac       0x10 /tmp/ccVyxQVi.ltrans0.ltrans.o
 .rodata.str1.4
                0x080065bc      0x8d5 /tmp/ccVyxQVi.ltrans0.ltrans.o
                                0x8e4 (size before relaxing)
 *fill*         0x08006e91        0x3 
 .rodata.wa     0x08006e94       0x14 /tmp/ccVyxQVi.ltrans0.ltrans.o
                0x08006e94                wa
 .rodata.str1.4
                0x08006ea8      0x177 /tmp/ccVyxQVi.ltrans1.ltrans.o
                                0x184 (size before relaxing)
 *fill*         0x0800701f        0x1 
 .rodata.str1.4
                0x08007020      0x10e /tmp/ccVyxQVi.ltrans2.ltrans.o
                                0x12c (size before relaxing)
 *fill*         0x0800712e        0x2 
 .rodata.str1.4
                0x08007130       0x78 /tmp/ccVyxQVi.ltrans3.ltrans.o
                                 0xf4 (size before relaxing)
 .rodata.evhndl
                0x080071a8        0xc /tmp/ccVyxQVi.ltrans3.ltrans.o
 .rodata.str1.4
                0x080071b4       0x88 /tmp/ccVyxQVi.ltrans4.ltrans.o
 .rodata.str1.4
                0x0800723c      0x1a1 /tmp/ccVyxQVi.ltrans5.ltrans.o
                                0x1fc (size before relaxing)
 *fill*         0x080073dd        0x3 
 .rodata.ram_areas
                0x080073e0       0x80 /tmp/ccVyxQVi.ltrans6.ltrans.o
 .rodata.str1.4
                0x08007460       0x1c /tmp/ccVyxQVi.ltrans7.ltrans.o
                0x0800747c                . = ALIGN (0x4)
                0x0800747c                __rodata_end__ = .

.rel.dyn        0x0800747c        0x0
 .rel.iplt      0x00000000        0x0 build/obj/crt0_v7m.o

.ARM.extab
 *(.ARM.extab* .gnu.linkonce.armextab.*)

.ARM.exidx      0x0800747c        0x0
                0x0800747c                __exidx_start = .
 *(.ARM.exidx* .gnu.linkonce.armexidx.*)
                0x0800747c                __exidx_end = .

.eh_frame_hdr
 *(.eh_frame_hdr)

.eh_frame
 *(.eh_frame)
                0x20000000                __ram0_start__ = ORIGIN (ram0)
                0x0000a000                __ram0_size__ = 0xa000
                0x2000a000                __ram0_end__ = (__ram0_start__ + __ram0_size__)
                0x00000000                __ram1_start__ = ORIGIN (ram1)
                0x00000000                __ram1_size__ = 0x0
                0x00000000                __ram1_end__ = (__ram1_start__ + __ram1_size__)
                0x00000000                __ram2_start__ = ORIGIN (ram2)
                0x00000000                __ram2_size__ = 0x0
                0x00000000                __ram2_end__ = (__ram2_start__ + __ram2_size__)
                0x00000000                __ram3_start__ = ORIGIN (ram3)
                0x00000000                __ram3_size__ = 0x0
                0x00000000                __ram3_end__ = (__ram3_start__ + __ram3_size__)
                0x10000000                __ram4_start__ = ORIGIN (ram4)
                0x00002000                __ram4_size__ = 0x2000
                0x10002000                __ram4_end__ = (__ram4_start__ + __ram4_size__)
                0x00000000                __ram5_start__ = ORIGIN (ram5)
                0x00000000                __ram5_size__ = 0x0
                0x00000000                __ram5_end__ = (__ram5_start__ + __ram5_size__)
                0x00000000                __ram6_start__ = ORIGIN (ram6)
                0x00000000                __ram6_size__ = 0x0
                0x00000000                __ram6_end__ = (__ram6_start__ + __ram6_size__)
                0x00000000                __ram7_start__ = ORIGIN (ram7)
                0x00000000                __ram7_size__ = 0x0
                0x00000000                __ram7_end__ = (__ram7_start__ + __ram7_size__)

.data           0x20000800       0xb0 load address 0x0800747c
                0x20000800                . = ALIGN (0x4)
                0x0800747c                PROVIDE (_textdata, LOADADDR (.data))
                0x20000800                PROVIDE (_data, .)
                0x0800747c                _textdata_start = LOADADDR (.data)
                0x20000800                _data_start = .
 *(.data)
 *(.data.*)
 .data.test_suite
                0x20000800       0x34 /tmp/ccVyxQVi.ltrans0.ltrans.o
 .data.es1.lto_priv.179
                0x20000834        0x4 /tmp/ccVyxQVi.ltrans2.ltrans.o
                0x20000834                es1.lto_priv.179
 .data.es2.lto_priv.180
                0x20000838        0x4 /tmp/ccVyxQVi.ltrans2.ltrans.o
                0x20000838                es2.lto_priv.180
 .data.m2       0x2000083c       0x10 /tmp/ccVyxQVi.ltrans3.ltrans.o
 .data.mp1.lto_priv.170
                0x2000084c        0xc /tmp/ccVyxQVi.ltrans5.ltrans.o
                0x2000084c                mp1.lto_priv.170
 .data.c1.lto_priv.181
                0x20000858        0x8 /tmp/ccVyxQVi.ltrans7.ltrans.o
                0x20000858                c1.lto_priv.181
 .data.mb1.lto_priv.175
                0x20000860       0x28 /tmp/ccVyxQVi.ltrans7.ltrans.o
                0x20000860                mb1.lto_priv.175
 .data.gmp1.lto_priv.173
                0x20000888       0x18 /tmp/ccVyxQVi.ltrans7.ltrans.o
                0x20000888                gmp1.lto_priv.173
 .data.m1.lto_priv.182
                0x200008a0       0x10 /tmp/ccVyxQVi.ltrans7.ltrans.o
                0x200008a0                m1.lto_priv.182
 *(.ramtext)
                0x200008b0                . = ALIGN (0x4)
                0x200008b0                PROVIDE (_edata, .)
                0x200008b0                _data_end = .

.igot.plt       0x200008b0        0x0 load address 0x0800752c
 .igot.plt      0x00000000        0x0 build/obj/crt0_v7m.o

.bss            0x200008b0      0xbf0 load address 0x0800752c
                0x200008b0                . = ALIGN (0x4)
                0x200008b0                _bss_start = .
 *(.bss)
 *(.bss.*)
 .bss.test_tokens_buffer.lto_priv.188
                0x200008b0       0x10 /tmp/ccVyxQVi.ltrans0.ltrans.o
                0x200008b0                test_tokens_buffer.lto_priv.188
 .bss.ch_idle_thread_wa
                0x200008c0       0xd8 /tmp/ccVyxQVi.ltrans0.ltrans.o
 .bss.nextmem.lto_priv.190
                0x20000998        0x4 /tmp/ccVyxQVi.ltrans0.ltrans.o
                0x20000998                nextmem.lto_priv.190
 .bss.sem1.lto_priv.169
                0x2000099c        0xc /tmp/ccVyxQVi.ltrans0.ltrans.o
                0x2000099c                sem1.lto_priv.169
 .bss.waThread1
                0x200009a8      0x148 /tmp/ccVyxQVi.ltrans0.ltrans.o
 .bss.waThread2
                0x20000af0      0x148 /tmp/ccVyxQVi.ltrans0.ltrans.o
 .bss.vt1.7138  0x20000c38       0x14 /tmp/ccVyxQVi.ltrans0.ltrans.o
 .bss.test_chp.lto_priv.189
                0x20000c4c        0x4 /tmp/ccVyxQVi.ltrans0.ltrans.o
                0x20000c4c                test_chp.lto_priv.189
 .bss.test_buffer
                0x20000c50      0x668 /tmp/ccVyxQVi.ltrans0.ltrans.o
                0x20000c50                test_buffer
 .bss.endmem.lto_priv.191
                0x200012b8        0x4 /tmp/ccVyxQVi.ltrans0.ltrans.o
                0x200012b8                endmem.lto_priv.191
 .bss.sd_in_buf1
                0x200012bc       0x10 /tmp/ccVyxQVi.ltrans0.ltrans.o
 .bss.sd_out_buf1
                0x200012cc       0x10 /tmp/ccVyxQVi.ltrans0.ltrans.o
 .bss.SD1       0x200012dc       0x60 /tmp/ccVyxQVi.ltrans0.ltrans.o
                0x200012dc                SD1
 .bss.test_step
                0x2000133c        0x4 /tmp/ccVyxQVi.ltrans0.ltrans.o
                0x2000133c                test_step
 .bss.threads   0x20001340       0x14 /tmp/ccVyxQVi.ltrans0.ltrans.o
                0x20001340                threads
 .bss.mtx1      0x20001354       0x10 /tmp/ccVyxQVi.ltrans0.ltrans.o
 .bss.test_tokp.lto_priv.187
                0x20001364        0x4 /tmp/ccVyxQVi.ltrans0.ltrans.o
                0x20001364                test_tokp.lto_priv.187
 .bss.vt2.7139  0x20001368       0x14 /tmp/ccVyxQVi.ltrans0.ltrans.o
 .bss.tr1       0x2000137c        0x4 /tmp/ccVyxQVi.ltrans1.ltrans.o
 .bss.objects   0x20001380       0x10 /tmp/ccVyxQVi.ltrans5.ltrans.o
 .bss.test_heap
                0x20001390       0x20 /tmp/ccVyxQVi.ltrans5.ltrans.o
 .bss.ch        0x200013b0       0x78 /tmp/ccVyxQVi.ltrans7.ltrans.o
                0x200013b0                ch
 .bss.test_failure_message.lto_priv.75
                0x20001428        0x4 /tmp/ccVyxQVi.ltrans7.ltrans.o
                0x20001428                test_failure_message.lto_priv.75
 *fill*         0x2000142c        0x4 
 .bss.heap1.lto_priv.172
                0x20001430       0x20 /tmp/ccVyxQVi.ltrans7.ltrans.o
                0x20001430                heap1.lto_priv.172
 .bss.mb_buffer.lto_priv.176
                0x20001450       0x10 /tmp/ccVyxQVi.ltrans7.ltrans.o
                0x20001450                mb_buffer.lto_priv.176
 .bss.sem1.lto_priv.184
                0x20001460        0xc /tmp/ccVyxQVi.ltrans7.ltrans.o
                0x20001460                sem1.lto_priv.184
 .bss.test_global_fail
                0x2000146c        0x1 /tmp/ccVyxQVi.ltrans7.ltrans.o
                0x2000146c                test_global_fail
 .bss.test_local_fail.lto_priv.74
                0x2000146d        0x1 /tmp/ccVyxQVi.ltrans7.ltrans.o
                0x2000146d                test_local_fail.lto_priv.74
 *fill*         0x2000146e        0x2 
 .bss.mp1.lto_priv.171
                0x20001470        0xc /tmp/ccVyxQVi.ltrans7.ltrans.o
                0x20001470                mp1.lto_priv.171
 *fill*         0x2000147c        0x4 
 .bss.default_heap.lto_priv.76
                0x20001480       0x20 /tmp/ccVyxQVi.ltrans7.ltrans.o
                0x20001480                default_heap.lto_priv.76
 *(COMMON)
                0x200014a0                . = ALIGN (0x4)
                0x200014a0                _bss_end = .
                0x200014a0                PROVIDE (end, .)

.ram0_init      0x200014a0        0x0 load address 0x0800752c
                0x200014a0                . = ALIGN (0x4)
                0x0800752c                __ram0_init_text__ = LOADADDR (.ram0_init)
                0x200014a0                __ram0_init__ = .
 *(.ram0_init)
 *(.ram0_init.*)
                0x200014a0                . = ALIGN (0x4)

.ram0           0x200014a0        0x0 load address 0x0800752c
                0x200014a0                . = ALIGN (0x4)
                0x200014a0                __ram0_clear__ = .
 *(.ram0_clear)
 *(.ram0_clear.*)
                0x200014a0                . = ALIGN (0x4)
                0x200014a0                __ram0_noinit__ = .
 *(.ram0)
 *(.ram0.*)
                0x200014a0                . = ALIGN (0x4)
                0x200014a0                __ram0_free__ = .

.ram1_init      0x00000000        0x0 load address 0x0800752c
                0x00000000                . = ALIGN (0x4)
                0x0800752c                __ram1_init_text__ = LOADADDR (.ram1_init)
                0x00000000                __ram1_init__ = .
 *(.ram1_init)
 *(.ram1_init.*)
                0x00000000                . = ALIGN (0x4)

.ram1           0x00000000        0x0 load address 0x0800752c
                0x00000000                . = ALIGN (0x4)
                0x00000000                __ram1_clear__ = .
 *(.ram1_clear)
 *(.ram1_clear.*)
                0x00000000                . = ALIGN (0x4)
                0x00000000                __ram1_noinit__ = .
 *(.ram1)
 *(.ram1.*)
                0x00000000                . = ALIGN (0x4)
                0x00000000                __ram1_free__ = .

.ram2_init      0x00000000        0x0 load address 0x0800752c
                0x00000000                . = ALIGN (0x4)
                0x0800752c                __ram2_init_text__ = LOADADDR (.ram2_init)
                0x00000000                __ram2_init__ = .
 *(.ram2_init)
 *(.ram2_init.*)
                0x00000000                . = ALIGN (0x4)

.ram2           0x00000000        0x0 load address 0x0800752c
                0x00000000                . = ALIGN (0x4)
                0x00000000                __ram2_clear__ = .
 *(.ram2_clear)
 *(.ram2_clear.*)
                0x00000000                . = ALIGN (0x4)
                0x00000000                __ram2_noinit__ = .
 *(.ram2)
 *(.ram2.*)
                0x00000000                . = ALIGN (0x4)
                0x00000000                __ram2_free__ = .

.ram3_init      0x00000000        0x0 load address 0x0800752c
                0x00000000                . = ALIGN (0x4)
                0x0800752c                __ram3_init_text__ = LOADADDR (.ram3_init)
                0x00000000                __ram3_init__ = .
 *(.ram3_init)
 *(.ram3_init.*)
                0x00000000                . = ALIGN (0x4)

.ram3           0x00000000        0x0 load address 0x0800752c
                0x00000000                . = ALIGN (0x4)
                0x00000000                __ram3_clear__ = .
 *(.ram3_clear)
 *(.ram3_clear.*)
                0x00000000                . = ALIGN (0x4)
                0x00000000                __ram3_noinit__ = .
 *(.ram3)
 *(.ram3.*)
                0x00000000                . = ALIGN (0x4)
                0x00000000                __ram3_free__ = .

.ram4_init      0x10000000        0x0 load address 0x0800752c
                0x10000000                . = ALIGN (0x4)
                0x0800752c                __ram4_init_text__ = LOADADDR (.ram4_init)
                0x10000000                __ram4_init__ = .
 *(.ram4_init)
 *(.ram4_init.*)
                0x10000000                . = ALIGN (0x4)

.ram4           0x10000000        0x0 load address 0x0800752c
                0x10000000                . = ALIGN (0x4)
                0x10000000                __ram4_clear__ = .
 *(.ram4_clear)
 *(.ram4_clear.*)
                0x10000000                . = ALIGN (0x4)
                0x10000000                __ram4_noinit__ = .
 *(.ram4)
 *(.ram4.*)
                0x10000000                . = ALIGN (0x4)
                0x10000000                __ram4_free__ = .

.ram5_init      0x00000000        0x0 load address 0x0800752c
                0x00000000                . = ALIGN (0x4)
                0x0800752c                __ram5_init_text__ = LOADADDR (.ram5_init)
                0x00000000                __ram5_init__ = .
 *(.ram5_init)
 *(.ram5_init.*)
                0x00000000                . = ALIGN (0x4)

.ram5           0x00000000        0x0 load address 0x0800752c
                0x00000000                . = ALIGN (0x4)
                0x00000000                __ram5_clear__ = .
 *(.ram5_clear)
 *(.ram5_clear.*)
                0x00000000                . = ALIGN (0x4)
                0x00000000                __ram5_noinit__ = .
 *(.ram5)
 *(.ram5.*)
                0x00000000                . = ALIGN (0x4)
                0x00000000                __ram5_free__ = .

.ram6_init      0x00000000        0x0 load address 0x0800752c
                0x00000000                . = ALIGN (0x4)
                0x0800752c                __ram6_init_text__ = LOADADDR (.ram6_init)
                0x00000000                __ram6_init__ = .
 *(.ram6_init)
 *(.ram6_init.*)
                0x00000000                . = ALIGN (0x4)

.ram6           0x00000000        0x0 load address 0x0800752c
                0x00000000                . = ALIGN (0x4)
                0x00000000                __ram6_clear__ = .
 *(.ram6_clear)
 *(.ram6_clear.*)
                0x00000000                . = ALIGN (0x4)
                0x00000000                __ram6_noinit__ = .
 *(.ram6)
 *(.ram6.*)
                0x00000000                . = ALIGN (0x4)
                0x00000000                __ram6_free__ = .

.ram7_init      0x00000000        0x0 load address 0x0800752c
                0x00000000                . = ALIGN (0x4)
                0x0800752c                __ram7_init_text__ = LOADADDR (.ram7_init)
                0x00000000                __ram7_init__ = .
 *(.ram7_init)
 *(.ram7_init.*)
                0x00000000                . = ALIGN (0x4)

.ram7           0x00000000        0x0 load address 0x0800752c
                0x00000000                . = ALIGN (0x4)
                0x00000000                __ram7_clear__ = .
 *(.ram7_clear)
 *(.ram7_clear.*)
                0x00000000                . = ALIGN (0x4)
                0x00000000                __ram7_noinit__ = .
 *(.ram7)
 *(.ram7.*)
                0x00000000                . = ALIGN (0x4)
                0x00000000                __ram7_free__ = .

.heap           0x200014a0     0x8b60
                0x200014a0                . = ALIGN (0x8)
                0x200014a0                __heap_base__ = .
                0x2000a000                . = (ORIGIN (HEAP_RAM) + 0xa000)
 *fill*         0x200014a0     0x8b60 
                0x2000a000                __heap_end__ = .
                0x00000400                __process_stack_size__ = 0x400
                0x00000400                __main_stack_size__ = 0x400
START GROUP
LOAD /l/arm2/gcc-arm-none-eabi-4_9-2014q4/bin/../lib/gcc/arm-none-eabi/4.9.3/armv7e-m/libgcc.a
LOAD /l/arm2/gcc-arm-none-eabi-4_9-2014q4/bin/../lib/gcc/arm-none-eabi/4.9.3/../../../../arm-none-eabi/lib/armv7e-m/libg.a
LOAD /l/arm2/gcc-arm-none-eabi-4_9-2014q4/bin/../lib/gcc/arm-none-eabi/4.9.3/../../../../arm-none-eabi/lib/armv7e-m/libc.a
END GROUP
OUTPUT(build/ch.elf elf32-littlearm)

.ARM.attributes
                0x00000000       0x2d
 .ARM.attributes
                0x00000000       0x21 build/obj/crt0_v7m.o
 .ARM.attributes
                0x00000021       0x21 build/obj/chcoreasm_v7m.o
 .ARM.attributes
                0x00000042       0x31 /tmp/ccVyxQVi.ltrans0.ltrans.o
 .ARM.attributes
                0x00000073       0x31 /tmp/ccVyxQVi.ltrans1.ltrans.o
 .ARM.attributes
                0x000000a4       0x31 /tmp/ccVyxQVi.ltrans2.ltrans.o
 .ARM.attributes
                0x000000d5       0x31 /tmp/ccVyxQVi.ltrans3.ltrans.o
 .ARM.attributes
                0x00000106       0x31 /tmp/ccVyxQVi.ltrans4.ltrans.o
 .ARM.attributes
                0x00000137       0x31 /tmp/ccVyxQVi.ltrans5.ltrans.o
 .ARM.attributes
                0x00000168       0x31 /tmp/ccVyxQVi.ltrans6.ltrans.o
 .ARM.attributes
                0x00000199       0x31 /tmp/ccVyxQVi.ltrans7.ltrans.o

.comment        0x00000000       0x70
 .comment       0x00000000       0x70 /tmp/ccVyxQVi.ltrans0.ltrans.o
                                 0x71 (size before relaxing)
 .comment       0x00000000       0x71 /tmp/ccVyxQVi.ltrans1.ltrans.o
 .comment       0x00000000       0x71 /tmp/ccVyxQVi.ltrans2.ltrans.o
 .comment       0x00000000       0x71 /tmp/ccVyxQVi.ltrans3.ltrans.o
 .comment       0x00000000       0x71 /tmp/ccVyxQVi.ltrans4.ltrans.o
 .comment       0x00000000       0x71 /tmp/ccVyxQVi.ltrans5.ltrans.o
 .comment       0x00000000       0x71 /tmp/ccVyxQVi.ltrans6.ltrans.o
 .comment       0x00000000       0x71 /tmp/ccVyxQVi.ltrans7.ltrans.o

.debug_info     0x00000000    0x19fb6
 .debug_info    0x00000000     0x3adb /tmp/ccVyxQVi.ltrans0.ltrans.o
 .debug_info    0x00003adb     0x368e /tmp/ccVyxQVi.ltrans1.ltrans.o
 .debug_info    0x00007169     0x3667 /tmp/ccVyxQVi.ltrans2.ltrans.o
 .debug_info    0x0000a7d0     0x30d1 /tmp/ccVyxQVi.ltrans3.ltrans.o
 .debug_info    0x0000d8a1     0x45b7 /tmp/ccVyxQVi.ltrans4.ltrans.o
 .debug_info    0x00011e58     0x2b56 /tmp/ccVyxQVi.ltrans5.ltrans.o
 .debug_info    0x000149ae     0x2dbb /tmp/ccVyxQVi.ltrans6.ltrans.o
 .debug_info    0x00017769     0x284d /tmp/ccVyxQVi.ltrans7.ltrans.o

.debug_abbrev   0x00000000     0x2d64
 .debug_abbrev  0x00000000      0x59f /tmp/ccVyxQVi.ltrans0.ltrans.o
 .debug_abbrev  0x0000059f      0x5a8 /tmp/ccVyxQVi.ltrans1.ltrans.o
 .debug_abbrev  0x00000b47      0x533 /tmp/ccVyxQVi.ltrans2.ltrans.o
 .debug_abbrev  0x0000107a      0x58b /tmp/ccVyxQVi.ltrans3.ltrans.o
 .debug_abbrev  0x00001605      0x795 /tmp/ccVyxQVi.ltrans4.ltrans.o
 .debug_abbrev  0x00001d9a      0x590 /tmp/ccVyxQVi.ltrans5.ltrans.o
 .debug_abbrev  0x0000232a      0x5b7 /tmp/ccVyxQVi.ltrans6.ltrans.o
 .debug_abbrev  0x000028e1      0x483 /tmp/ccVyxQVi.ltrans7.ltrans.o

.debug_loc      0x00000000     0x5ce4
 .debug_loc     0x00000000      0x794 /tmp/ccVyxQVi.ltrans0.ltrans.o
 .debug_loc     0x00000794      0x6e8 /tmp/ccVyxQVi.ltrans1.ltrans.o
 .debug_loc     0x00000e7c      0xa09 /tmp/ccVyxQVi.ltrans2.ltrans.o
 .debug_loc     0x00001885      0x5d8 /tmp/ccVyxQVi.ltrans3.ltrans.o
 .debug_loc     0x00001e5d     0x164b /tmp/ccVyxQVi.ltrans4.ltrans.o
 .debug_loc     0x000034a8      0x6c5 /tmp/ccVyxQVi.ltrans5.ltrans.o
 .debug_loc     0x00003b6d     0x1408 /tmp/ccVyxQVi.ltrans6.ltrans.o
 .debug_loc     0x00004f75      0xd6f /tmp/ccVyxQVi.ltrans7.ltrans.o

.debug_aranges  0x00000000      0x778
 .debug_aranges
                0x00000000       0x90 /tmp/ccVyxQVi.ltrans0.ltrans.o
 .debug_aranges
                0x00000090       0xf8 /tmp/ccVyxQVi.ltrans1.ltrans.o
 .debug_aranges
                0x00000188       0xa0 /tmp/ccVyxQVi.ltrans2.ltrans.o
 .debug_aranges
                0x00000228      0x120 /tmp/ccVyxQVi.ltrans3.ltrans.o
 .debug_aranges
                0x00000348      0x148 /tmp/ccVyxQVi.ltrans4.ltrans.o
 .debug_aranges
                0x00000490       0xd0 /tmp/ccVyxQVi.ltrans5.ltrans.o
 .debug_aranges
                0x00000560      0x158 /tmp/ccVyxQVi.ltrans6.ltrans.o
 .debug_aranges
                0x000006b8       0xc0 /tmp/ccVyxQVi.ltrans7.ltrans.o

.debug_ranges   0x00000000     0x2ff0
 .debug_ranges  0x00000000      0xb08 /tmp/ccVyxQVi.ltrans0.ltrans.o
 .debug_ranges  0x00000b08      0x508 /tmp/ccVyxQVi.ltrans1.ltrans.o
 .debug_ranges  0x00001010      0x448 /tmp/ccVyxQVi.ltrans2.ltrans.o
 .debug_ranges  0x00001458      0x680 /tmp/ccVyxQVi.ltrans3.ltrans.o
 .debug_ranges  0x00001ad8      0x470 /tmp/ccVyxQVi.ltrans4.ltrans.o
 .debug_ranges  0x00001f48      0x670 /tmp/ccVyxQVi.ltrans5.ltrans.o
 .debug_ranges  0x000025b8      0x6e8 /tmp/ccVyxQVi.ltrans6.ltrans.o
 .debug_ranges  0x00002ca0      0x350 /tmp/ccVyxQVi.ltrans7.ltrans.o

.debug_line     0x00000000     0x6253
 .debug_line    0x00000000      0xf94 /tmp/ccVyxQVi.ltrans0.ltrans.o
 .debug_line    0x00000f94      0xbd0 /tmp/ccVyxQVi.ltrans1.ltrans.o
 .debug_line    0x00001b64      0xa29 /tmp/ccVyxQVi.ltrans2.ltrans.o
 .debug_line    0x0000258d      0xb1d /tmp/ccVyxQVi.ltrans3.ltrans.o
 .debug_line    0x000030aa      0xf17 /tmp/ccVyxQVi.ltrans4.ltrans.o
 .debug_line    0x00003fc1      0xa64 /tmp/ccVyxQVi.ltrans5.ltrans.o
 .debug_line    0x00004a25      0xe1b /tmp/ccVyxQVi.ltrans6.ltrans.o
 .debug_line    0x00005840      0xa13 /tmp/ccVyxQVi.ltrans7.ltrans.o

.debug_str      0x00000000     0x3e6a
 .debug_str     0x00000000     0x11bf /tmp/ccVyxQVi.ltrans0.ltrans.o
                               0x12ac (size before relaxing)
 .debug_str     0x000011bf      0x7de /tmp/ccVyxQVi.ltrans1.ltrans.o
                                0xd55 (size before relaxing)
 .debug_str     0x0000199d      0x67a /tmp/ccVyxQVi.ltrans2.ltrans.o
                                0xc59 (size before relaxing)
 .debug_str     0x00002017      0x7eb /tmp/ccVyxQVi.ltrans3.ltrans.o
                                0xed3 (size before relaxing)
 .debug_str     0x00002802      0x7fc /tmp/ccVyxQVi.ltrans4.ltrans.o
                                0xff6 (size before relaxing)
 .debug_str     0x00002ffe      0x6bf /tmp/ccVyxQVi.ltrans5.ltrans.o
                                0xd5b (size before relaxing)
 .debug_str     0x000036bd      0x319 /tmp/ccVyxQVi.ltrans6.ltrans.o
                                0xc56 (size before relaxing)
 .debug_str     0x000039d6      0x494 /tmp/ccVyxQVi.ltrans7.ltrans.o
                                0xe81 (size before relaxing)

.debug_frame    0x00000000     0x1884
 .debug_frame   0x00000000      0x200 /tmp/ccVyxQVi.ltrans0.ltrans.o
 .debug_frame   0x00000200      0x318 /tmp/ccVyxQVi.ltrans1.ltrans.o
 .debug_frame   0x00000518      0x204 /tmp/ccVyxQVi.ltrans2.ltrans.o
 .debug_frame   0x0000071c      0x3d0 /tmp/ccVyxQVi.ltrans3.ltrans.o
 .debug_frame   0x00000aec      0x438 /tmp/ccVyxQVi.ltrans4.ltrans.o
 .debug_frame   0x00000f24      0x2c4 /tmp/ccVyxQVi.ltrans5.ltrans.o
 .debug_frame   0x000011e8      0x460 /tmp/ccVyxQVi.ltrans6.ltrans.o
 .debug_frame   0x00001648      0x23c /tmp/ccVyxQVi.ltrans7.ltrans.o

Cross Reference Table

Symbol                                            File
BusFault_Handler                                  /tmp/ccVyxQVi.ltrans6.ltrans.o
                                                  build/obj/vectors.o (symbol from plugin)
                                                  /tmp/ccVyxQVi.ltrans4.ltrans.o
DebugMon_Handler                                  /tmp/ccVyxQVi.ltrans6.ltrans.o
                                                  build/obj/vectors.o (symbol from plugin)
                                                  /tmp/ccVyxQVi.ltrans4.ltrans.o
HardFault_Handler                                 /tmp/ccVyxQVi.ltrans6.ltrans.o
                                                  build/obj/vectors.o (symbol from plugin)
                                                  /tmp/ccVyxQVi.ltrans4.ltrans.o
MemManage_Handler                                 /tmp/ccVyxQVi.ltrans6.ltrans.o
                                                  build/obj/vectors.o (symbol from plugin)
                                                  /tmp/ccVyxQVi.ltrans4.ltrans.o
NMI_Handler                                       /tmp/ccVyxQVi.ltrans6.ltrans.o
                                                  build/obj/vectors.o (symbol from plugin)
                                                  /tmp/ccVyxQVi.ltrans4.ltrans.o
PendSV_Handler                                    /tmp/ccVyxQVi.ltrans6.ltrans.o
                                                  build/obj/vectors.o (symbol from plugin)
                                                  /tmp/ccVyxQVi.ltrans4.ltrans.o
Reset_Handler                                     build/obj/crt0_v7m.o
                                                  /tmp/ccVyxQVi.ltrans4.ltrans.o
                                                  build/obj/vectors.o (symbol from plugin)
SD1                                               /tmp/ccVyxQVi.ltrans0.ltrans.o
                                                  build/obj/hal_serial_lld.o (symbol from plugin)
                                                  /tmp/ccVyxQVi.ltrans4.ltrans.o
                                                  build/obj/main.o (symbol from plugin)
SVC_Handler                                       build/obj/chcore_v7m.o (symbol from plugin)
                                                  build/obj/vectors.o (symbol from plugin)
SysTick_Handler                                   /tmp/ccVyxQVi.ltrans6.ltrans.o
                                                  build/obj/vectors.o (symbol from plugin)
                                                  /tmp/ccVyxQVi.ltrans4.ltrans.o
SystemCoreClock                                   build/obj/hal_lld.o (symbol from plugin)
Thread1                                           build/obj/main.o (symbol from plugin)
Thread2                                           build/obj/main.o (symbol from plugin)
UsageFault_Handler                                /tmp/ccVyxQVi.ltrans6.ltrans.o
                                                  build/obj/vectors.o (symbol from plugin)
                                                  /tmp/ccVyxQVi.ltrans4.ltrans.o
Vector100                                         /tmp/ccVyxQVi.ltrans6.ltrans.o
                                                  build/obj/vectors.o (symbol from plugin)
                                                  /tmp/ccVyxQVi.ltrans4.ltrans.o
Vector104                                         /tmp/ccVyxQVi.ltrans6.ltrans.o
                                                  build/obj/vectors.o (symbol from plugin)
                                                  /tmp/ccVyxQVi.ltrans4.ltrans.o
Vector108                                         /tmp/ccVyxQVi.ltrans6.ltrans.o
                                                  build/obj/vectors.o (symbol from plugin)
                                                  /tmp/ccVyxQVi.ltrans4.ltrans.o
Vector10C                                         /tmp/ccVyxQVi.ltrans6.ltrans.o
                                                  build/obj/vectors.o (symbol from plugin)
                                                  /tmp/ccVyxQVi.ltrans4.ltrans.o
Vector110                                         /tmp/ccVyxQVi.ltrans6.ltrans.o
                                                  build/obj/vectors.o (symbol from plugin)
                                                  /tmp/ccVyxQVi.ltrans4.ltrans.o
Vector114                                         /tmp/ccVyxQVi.ltrans6.ltrans.o
                                                  build/obj/vectors.o (symbol from plugin)
                                                  /tmp/ccVyxQVi.ltrans4.ltrans.o
Vector118                                         /tmp/ccVyxQVi.ltrans6.ltrans.o
                                                  build/obj/vectors.o (symbol from plugin)
                                                  /tmp/ccVyxQVi.ltrans4.ltrans.o
Vector11C                                         /tmp/ccVyxQVi.ltrans6.ltrans.o
                                                  build/obj/vectors.o (symbol from plugin)
                                                  /tmp/ccVyxQVi.ltrans4.ltrans.o
Vector120                                         /tmp/ccVyxQVi.ltrans6.ltrans.o
                                                  build/obj/vectors.o (symbol from plugin)
                                                  /tmp/ccVyxQVi.ltrans4.ltrans.o
Vector124                                         /tmp/ccVyxQVi.ltrans6.ltrans.o
                                                  build/obj/vectors.o (symbol from plugin)
                                                  /tmp/ccVyxQVi.ltrans4.ltrans.o
Vector128                                         /tmp/ccVyxQVi.ltrans6.ltrans.o
                                                  build/obj/vectors.o (symbol from plugin)
                                                  /tmp/ccVyxQVi.ltrans4.ltrans.o
Vector12C                                         /tmp/ccVyxQVi.ltrans6.ltrans.o
                                                  build/obj/vectors.o (symbol from plugin)
                                                  /tmp/ccVyxQVi.ltrans4.ltrans.o
Vector130                                         /tmp/ccVyxQVi.ltrans6.ltrans.o
                                                  build/obj/vectors.o (symbol from plugin)
                                                  /tmp/ccVyxQVi.ltrans4.ltrans.o
Vector134                                         /tmp/ccVyxQVi.ltrans6.ltrans.o
                                                  build/obj/vectors.o (symbol from plugin)
                                                  /tmp/ccVyxQVi.ltrans4.ltrans.o
Vector138                                         /tmp/ccVyxQVi.ltrans6.ltrans.o
                                                  build/obj/vectors.o (symbol from plugin)
                                                  /tmp/ccVyxQVi.ltrans4.ltrans.o
Vector13C                                         /tmp/ccVyxQVi.ltrans6.ltrans.o
                                                  build/obj/vectors.o (symbol from plugin)
                                                  /tmp/ccVyxQVi.ltrans4.ltrans.o
Vector140                                         /tmp/ccVyxQVi.ltrans6.ltrans.o
                                                  build/obj/vectors.o (symbol from plugin)
                                                  /tmp/ccVyxQVi.ltrans4.ltrans.o
Vector144                                         /tmp/ccVyxQVi.ltrans6.ltrans.o
                                                  build/obj/vectors.o (symbol from plugin)
                                                  /tmp/ccVyxQVi.ltrans4.ltrans.o
Vector148                                         /tmp/ccVyxQVi.ltrans6.ltrans.o
                                                  build/obj/vectors.o (symbol from plugin)
                                                  /tmp/ccVyxQVi.ltrans4.ltrans.o
Vector14C                                         /tmp/ccVyxQVi.ltrans6.ltrans.o
                                                  build/obj/vectors.o (symbol from plugin)
                                                  /tmp/ccVyxQVi.ltrans4.ltrans.o
Vector150                                         /tmp/ccVyxQVi.ltrans6.ltrans.o
                                                  build/obj/vectors.o (symbol from plugin)
                                                  /tmp/ccVyxQVi.ltrans4.ltrans.o
Vector154                                         /tmp/ccVyxQVi.ltrans6.ltrans.o
                                                  build/obj/vectors.o (symbol from plugin)
                                                  /tmp/ccVyxQVi.ltrans4.ltrans.o
Vector158                                         /tmp/ccVyxQVi.ltrans6.ltrans.o
                                                  build/obj/vectors.o (symbol from plugin)
                                                  /tmp/ccVyxQVi.ltrans4.ltrans.o
Vector15C                                         /tmp/ccVyxQVi.ltrans6.ltrans.o
                                                  build/obj/vectors.o (symbol from plugin)
                                                  /tmp/ccVyxQVi.ltrans4.ltrans.o
Vector160                                         /tmp/ccVyxQVi.ltrans6.ltrans.o
                                                  build/obj/vectors.o (symbol from plugin)
                                                  /tmp/ccVyxQVi.ltrans4.ltrans.o
Vector164                                         /tmp/ccVyxQVi.ltrans6.ltrans.o
                                                  build/obj/vectors.o (symbol from plugin)
                                                  /tmp/ccVyxQVi.ltrans4.ltrans.o
Vector168                                         /tmp/ccVyxQVi.ltrans6.ltrans.o
                                                  build/obj/vectors.o (symbol from plugin)
                                                  /tmp/ccVyxQVi.ltrans4.ltrans.o
Vector16C                                         /tmp/ccVyxQVi.ltrans6.ltrans.o
                                                  build/obj/vectors.o (symbol from plugin)
                                                  /tmp/ccVyxQVi.ltrans4.ltrans.o
Vector170                                         /tmp/ccVyxQVi.ltrans6.ltrans.o
                                                  build/obj/vectors.o (symbol from plugin)
                                                  /tmp/ccVyxQVi.ltrans4.ltrans.o
Vector174                                         /tmp/ccVyxQVi.ltrans6.ltrans.o
                                                  build/obj/vectors.o (symbol from plugin)
                                                  /tmp/ccVyxQVi.ltrans4.ltrans.o
Vector178                                         /tmp/ccVyxQVi.ltrans6.ltrans.o
                                                  build/obj/vectors.o (symbol from plugin)
                                                  /tmp/ccVyxQVi.ltrans4.ltrans.o
Vector17C                                         /tmp/ccVyxQVi.ltrans6.ltrans.o
                                                  build/obj/vectors.o (symbol from plugin)
                                                  /tmp/ccVyxQVi.ltrans4.ltrans.o
Vector180                                         /tmp/ccVyxQVi.ltrans6.ltrans.o
                                                  build/obj/vectors.o (symbol from plugin)
                                                  /tmp/ccVyxQVi.ltrans4.ltrans.o
Vector184                                         /tmp/ccVyxQVi.ltrans6.ltrans.o
                                                  build/obj/vectors.o (symbol from plugin)
                                                  /tmp/ccVyxQVi.ltrans4.ltrans.o
Vector188                                         /tmp/ccVyxQVi.ltrans6.ltrans.o
                                                  build/obj/vectors.o (symbol from plugin)
                                                  /tmp/ccVyxQVi.ltrans4.ltrans.o
Vector18C                                         /tmp/ccVyxQVi.ltrans6.ltrans.o
                                                  build/obj/vectors.o (symbol from plugin)
                                                  /tmp/ccVyxQVi.ltrans4.ltrans.o
Vector190                                         /tmp/ccVyxQVi.ltrans6.ltrans.o
                                                  build/obj/vectors.o (symbol from plugin)
                                                  /tmp/ccVyxQVi.ltrans4.ltrans.o
Vector194                                         /tmp/ccVyxQVi.ltrans6.ltrans.o
                                                  build/obj/vectors.o (symbol from plugin)
                                                  /tmp/ccVyxQVi.ltrans4.ltrans.o
Vector198                                         /tmp/ccVyxQVi.ltrans6.ltrans.o
                                                  build/obj/vectors.o (symbol from plugin)
                                                  /tmp/ccVyxQVi.ltrans4.ltrans.o
Vector19C                                         /tmp/ccVyxQVi.ltrans6.ltrans.o
                                                  build/obj/vectors.o (symbol from plugin)
                                                  /tmp/ccVyxQVi.ltrans4.ltrans.o
Vector1C                                          /tmp/ccVyxQVi.ltrans6.ltrans.o
                                                  build/obj/vectors.o (symbol from plugin)
                                                  /tmp/ccVyxQVi.ltrans4.ltrans.o
Vector20                                          /tmp/ccVyxQVi.ltrans6.ltrans.o
                                                  build/obj/vectors.o (symbol from plugin)
                                                  /tmp/ccVyxQVi.ltrans4.ltrans.o
Vector24                                          /tmp/ccVyxQVi.ltrans6.ltrans.o
                                                  build/obj/vectors.o (symbol from plugin)
                                                  /tmp/ccVyxQVi.ltrans4.ltrans.o
Vector28                                          /tmp/ccVyxQVi.ltrans6.ltrans.o
                                                  build/obj/vectors.o (symbol from plugin)
                                                  /tmp/ccVyxQVi.ltrans4.ltrans.o
Vector34                                          /tmp/ccVyxQVi.ltrans6.ltrans.o
                                                  build/obj/vectors.o (symbol from plugin)
                                                  /tmp/ccVyxQVi.ltrans4.ltrans.o
Vector40                                          /tmp/ccVyxQVi.ltrans6.ltrans.o
                                                  build/obj/vectors.o (symbol from plugin)
                                                  /tmp/ccVyxQVi.ltrans4.ltrans.o
Vector44                                          /tmp/ccVyxQVi.ltrans6.ltrans.o
                                                  build/obj/vectors.o (symbol from plugin)
                                                  /tmp/ccVyxQVi.ltrans4.ltrans.o
Vector48                                          /tmp/ccVyxQVi.ltrans6.ltrans.o
                                                  build/obj/vectors.o (symbol from plugin)
                                                  /tmp/ccVyxQVi.ltrans4.ltrans.o
Vector4C                                          /tmp/ccVyxQVi.ltrans6.ltrans.o
                                                  build/obj/vectors.o (symbol from plugin)
                                                  /tmp/ccVyxQVi.ltrans4.ltrans.o
Vector50                                          /tmp/ccVyxQVi.ltrans6.ltrans.o
                                                  build/obj/vectors.o (symbol from plugin)
                                                  /tmp/ccVyxQVi.ltrans4.ltrans.o
Vector54                                          /tmp/ccVyxQVi.ltrans6.ltrans.o
                                                  build/obj/vectors.o (symbol from plugin)
                                                  /tmp/ccVyxQVi.ltrans4.ltrans.o
Vector58                                          /tmp/ccVyxQVi.ltrans6.ltrans.o
                                                  build/obj/vectors.o (symbol from plugin)
                                                  /tmp/ccVyxQVi.ltrans4.ltrans.o
Vector5C                                          /tmp/ccVyxQVi.ltrans6.ltrans.o
                                                  build/obj/vectors.o (symbol from plugin)
                                                  /tmp/ccVyxQVi.ltrans4.ltrans.o
Vector60                                          /tmp/ccVyxQVi.ltrans6.ltrans.o
                                                  build/obj/vectors.o (symbol from plugin)
                                                  /tmp/ccVyxQVi.ltrans4.ltrans.o
Vector64                                          /tmp/ccVyxQVi.ltrans6.ltrans.o
                                                  build/obj/vectors.o (symbol from plugin)
                                                  /tmp/ccVyxQVi.ltrans4.ltrans.o
Vector68                                          /tmp/ccVyxQVi.ltrans6.ltrans.o
                                                  build/obj/vectors.o (symbol from plugin)
                                                  /tmp/ccVyxQVi.ltrans4.ltrans.o
Vector6C                                          /tmp/ccVyxQVi.ltrans6.ltrans.o
                                                  build/obj/vectors.o (symbol from plugin)
                                                  /tmp/ccVyxQVi.ltrans4.ltrans.o
Vector70                                          /tmp/ccVyxQVi.ltrans6.ltrans.o
                                                  build/obj/vectors.o (symbol from plugin)
                                                  /tmp/ccVyxQVi.ltrans4.ltrans.o
Vector74                                          /tmp/ccVyxQVi.ltrans6.ltrans.o
                                                  build/obj/vectors.o (symbol from plugin)
                                                  /tmp/ccVyxQVi.ltrans4.ltrans.o
Vector78                                          /tmp/ccVyxQVi.ltrans6.ltrans.o
                                                  build/obj/vectors.o (symbol from plugin)
                                                  /tmp/ccVyxQVi.ltrans4.ltrans.o
Vector7C                                          /tmp/ccVyxQVi.ltrans6.ltrans.o
                                                  build/obj/vectors.o (symbol from plugin)
                                                  /tmp/ccVyxQVi.ltrans4.ltrans.o
Vector80                                          /tmp/ccVyxQVi.ltrans6.ltrans.o
                                                  build/obj/vectors.o (symbol from plugin)
                                                  /tmp/ccVyxQVi.ltrans4.ltrans.o
Vector84                                          /tmp/ccVyxQVi.ltrans6.ltrans.o
                                                  build/obj/vectors.o (symbol from plugin)
                                                  /tmp/ccVyxQVi.ltrans4.ltrans.o
Vector88                                          /tmp/ccVyxQVi.ltrans6.ltrans.o
                                                  build/obj/vectors.o (symbol from plugin)
                                                  /tmp/ccVyxQVi.ltrans4.ltrans.o
Vector8C                                          /tmp/ccVyxQVi.ltrans6.ltrans.o
                                                  build/obj/vectors.o (symbol from plugin)
                                                  /tmp/ccVyxQVi.ltrans4.ltrans.o
Vector90                                          /tmp/ccVyxQVi.ltrans6.ltrans.o
                                                  build/obj/vectors.o (symbol from plugin)
                                                  /tmp/ccVyxQVi.ltrans4.ltrans.o
Vector94                                          /tmp/ccVyxQVi.ltrans6.ltrans.o
                                                  build/obj/vectors.o (symbol from plugin)
                                                  /tmp/ccVyxQVi.ltrans4.ltrans.o
Vector98                                          /tmp/ccVyxQVi.ltrans6.ltrans.o
                                                  build/obj/vectors.o (symbol from plugin)
                                                  /tmp/ccVyxQVi.ltrans4.ltrans.o
Vector9C                                          /tmp/ccVyxQVi.ltrans6.ltrans.o
                                                  build/obj/vectors.o (symbol from plugin)
                                                  /tmp/ccVyxQVi.ltrans4.ltrans.o
VectorA0                                          /tmp/ccVyxQVi.ltrans6.ltrans.o
                                                  build/obj/vectors.o (symbol from plugin)
                                                  /tmp/ccVyxQVi.ltrans4.ltrans.o
VectorA4                                          /tmp/ccVyxQVi.ltrans6.ltrans.o
                                                  build/obj/vectors.o (symbol from plugin)